I/APP     ( 9568): I 04/09/2013 09:16:12:511 0000256d           HttpServer| GC End.
D/MOTO plugin( 9568): stylus Object Allocate 
D/MOTO plugin( 9568): systemTime Object Allocate 
D/MOTO plugin( 9568): telemetry Object Allocate 
D/MOTO plugin( 9568): timer Object Allocate 
D/MOTO plugin( 9568): topCommandArea Object Allocate 
D/MOTO plugin( 9568): videoCapture Object Allocate 
D/MOTO plugin( 9568): volume Object Allocate 
D/MOTO plugin( 9568): wake Object Allocate 
D/MOTO plugin( 9568): wlan Object Allocate 
D/MOTO plugin( 9568): zoom Object Allocate 
D/MOTO plugin( 9568): zoomTextButton Object Allocate 
D/MOTO plugin( 9568): NPP_New : jsobjects Plugin Object created
D/MOTO plugin( 9568): ActiveX Object Allocate 
D/MOTO plugin( 9568): ActiveXObject created
E/MOTO plugin( 9568): Generic ActiveX Object Allocate 
D/MOTO plugin( 9568):  sending message to NEON 0000000001000003NEW04000007Generic05000001509000000
D/MOTO plugin( 9568):  
D/MOTO plugin( 9568): writing to socket 
D/MOTO plugin( 9568): NPP_New : Generic ActiveX Plugin Object created
E/MOTO plugin( 9568): ODAX ActiveX Object Allocate 
D/MOTO plugin( 9568):  sending message to NEON 0000000001000003NEW04000004ODAX05000001609000000
D/MOTO plugin( 9568):  
D/MOTO plugin( 9568): writing to socket 
D/MOTO plugin( 9568): NPP_New : ODAX ActiveX Plugin Object created
E/MOTO plugin( 9568): NoSIP ActiveX Object Allocate 
D/MOTO plugin( 9568):  sending message to NEON 0000000001000003NEW04000005NoSIP05000001709000000
D/MOTO plugin( 9568):  
D/MOTO plugin( 9568): writing to socket 
D/MOTO plugin( 9568): NPP_New : NoSIP ActiveX Plugin Object created
E/MOTO plugin( 9568): AirBEAMSmart ActiveX Object Allocate 
D/MOTO plugin( 9568):  sending message to NEON 0000000001000003NEW04000003ABS05000001809000000
D/MOTO plugin( 9568):  
D/MOTO plugin( 9568): writing to socket 
D/MOTO plugin( 9568): NPP_New : AirBeam ActiveX Plugin Object created
E/MOTO plugin( 9568): NarrowBand ActiveX Object Allocate 
D/MOTO plugin( 9568):  sending message to NEON 0000000001000003NEW04000003APD05000001909000000
D/MOTO plugin( 9568):  
D/MOTO plugin( 9568): writing to socket 
D/MOTO plugin( 9568): NPP_New : APD ActiveX Plugin Object created
D/ekioh   ( 9568): call boolean onTitle
D/ekioh   ( 9568): call void onLoadProgress
I/EkiohView( 9568): onLoadProgress 936/936
D/ekioh   ( 9568): call void onLoadProgress
I/EkiohView( 9568): onLoadProgress 936/936
D/ekioh   ( 9568): call void onLoadEnd
I/EkiohView( 9568): onLoadEnd 0/0 http://localhost:48011/app/CardReaderTest
D/ekioh   ( 9568): DocumentNotification
D/ekioh   ( 9568): call void onMetaEnd
D/ekioh   ( 9568): call void onLoadStart
I/EkiohView( 9568): onLoadStart 0/0 http://localhost:48011/app/SpecRunner.htm
I/APP     ( 9568): I 04/09/2013 09:16:12:608 0000256d           HttpServer| Process URI: '/app/SpecRunner.htm'
D/MOTO plugin( 9568): NPP_Destroy 
I/APP     ( 9568): E 04/09/2013 09:16:12:613 00002569 com.motorolasolutions.rhoelements.npapi.NPAPIServer$ServerThread run| Connection broken
D/MOTO plugin( 9568): NPP_Destroy 
D/MOTO plugin( 9568): ActiveXObject released and destroyed
D/MOTO plugin( 9568): Releasing Generic object
D/MOTO plugin( 9568): NPP_Destroy 
D/MOTO plugin( 9568): Releasing ODAX object
D/MOTO plugin( 9568): NPP_Destroy 
D/MOTO plugin( 9568): Releasing nosip object
D/MOTO plugin( 9568): NPP_Destroy 
D/MOTO plugin( 9568): Releasing AIRBEAM object
D/MOTO plugin( 9568): NPP_Destroy 
D/MOTO plugin( 9568): Releasing apd object
D/MOTO plugin( 9568): signal Object _Deallocate
D/MOTO plugin( 9568): zoomTextButton Object _Deallocate
D/MOTO plugin( 9568): ioSystem Object _Deallocate
D/MOTO plugin( 9568): volume Object _Deallocate
D/MOTO plugin( 9568): network Object _Deallocate
D/MOTO plugin( 9568): backlight Object _Deallocate
D/MOTO plugin( 9568): forwardButton Object _Deallocate
D/MOTO plugin( 9568): device Object _Deallocate
D/MOTO plugin( 9568): fileTransfer Object _Deallocate
D/MOTO plugin( 9568): keyCapture Object _Deallocate
D/MOTO plugin( 9568): keyState Object _Deallocate
E/MOTO plugin( 9568): NoSIP ActiveX Object _Deallocate
D/MOTO plugin( 9568):  sending message to NEON 0000000001000006DELETE04000005NoSIP05000001209000000
D/MOTO plugin( 9568):  
D/MOTO plugin( 9568): writing to socket 
D/MOTO plugin( 9568): Socket connected to port 53535 
D/MOTO plugin( 9568): imager Object _Deallocate
D/MOTO plugin( 9568): telemetry Object _Deallocate
I/APP     ( 9568): W 04/09/2013 09:16:12:636 00002560 LicenseHybridExtension| Application license token invalid or does not match RhoElements version
E/MOTO plugin( 9568): Generic ActiveX Object _Deallocate
D/MOTO plugin( 9568):  sending message to NEON 0000000001000006DELETE04000007Generic05000001009000000
D/MOTO plugin( 9568):  
D/MOTO plugin( 9568): writing to socket 
D/MOTO plugin( 9568): cradle Object _Deallocate
D/ekioh   ( 9568): keyboard visible 0
D/MOTO plugin( 9568): application Object _Deallocate
D/MOTO plugin( 9568): backlight Object _Deallocate
D/MOTO plugin( 9568): powerOn Object _Deallocate
D/MOTO plugin( 9568): device Object _Deallocate
D/MOTO plugin( 9568): emmlProfile Object _Deallocate
D/MOTO plugin( 9568): sntp Object _Deallocate
D/MOTO plugin( 9568): sipButton Object _Deallocate
D/MOTO plugin( 9568): cardReader Object _Deallocate
D/MOTO plugin( 9568): rsm Object _Deallocate
D/MOTO plugin( 9568): battery Object _Deallocate
D/MOTO plugin( 9568): forwardButton Object _Deallocate
E/MOTO plugin( 9568): ODAX ActiveX Object _Deallocate
D/MOTO plugin( 9568):  sending message to NEON 0000000001000006DELETE04000004ODAX05000001109000000
D/MOTO plugin( 9568):  
D/MOTO plugin( 9568): writing to socket 
E/MOTO plugin( 9568): AirBEAMSmart ActiveX Object _Deallocate
D/MOTO plugin( 9568):  sending message to NEON 0000000001000006DELETE04000003ABS05000001309000000
D/MOTO plugin( 9568):  
D/MOTO plugin( 9568): writing to socket 
D/MOTO plugin( 9568): push Object _Deallocate
D/MOTO plugin( 9568): ActiveX Object _Deallocate
D/MOTO plugin( 9568): eink Object _Deallocate
D/MOTO plugin( 9568): eink Object _Deallocate
D/MOTO plugin( 9568): application Object _Deallocate
D/MOTO plugin( 9568): timer Object _Deallocate
D/MOTO plugin( 9568): rfid Object _Deallocate
D/MOTO plugin( 9568): fileTransfer Object _Deallocate
D/MOTO plugin( 9568): comm Object _Deallocate
D/MOTO plugin( 9568): minimizeButton Object _Deallocate
D/MOTO plugin( 9568): rfid Object _Deallocate
D/MOTO plugin( 9568): alarm Object _Deallocate
D/MOTO plugin( 9568): ioSystem Object _Deallocate
D/MOTO plugin( 9568): mpm Object _Deallocate
D/MOTO plugin( 9568): sip Object _Deallocate
D/MOTO plugin( 9568): scanner Object _Deallocate 
E/MOTO plugin( 9568): AirBEAMSmart ActiveX Object _Deallocate
D/MOTO plugin( 9568):  sending message to NEON 0000000001000006DELETE04000003ABS05000001809000000
D/MOTO plugin( 9568):  
D/MOTO plugin( 9568): writing to socket 
D/MOTO plugin( 9568): sip Object _Deallocate
D/MOTO plugin( 9568): keylight Object _Deallocate
D/MOTO plugin( 9568): addressBar Object _Deallocate
D/MOTO plugin( 9568): gesture Object _Deallocate
D/MOTO plugin( 9568): reboot Object _Deallocate
D/MOTO plugin( 9568): zoomInPageButton Object _Deallocate
D/MOTO plugin( 9568): bottomCommandArea Object _Deallocate
D/MOTO plugin( 9568): mediaPlayer Object _Deallocate
D/MOTO plugin( 9568): wlan Object _Deallocate
D/MOTO plugin( 9568): signal Object _Deallocate
D/MOTO plugin( 9568): quitButton Object _Deallocate
D/MOTO plugin( 9568): wlan Object _Deallocate
D/MOTO plugin( 9568): gesture Object _Deallocate
D/MOTO plugin( 9568): memory Object _Deallocate
D/MOTO plugin( 9568): reboot Object _Deallocate
D/MOTO plugin( 9568): wake Object _Deallocate
D/MOTO plugin( 9568): stopButton Object _Deallocate
E/MOTO plugin( 9568): NarrowBand ActiveX Object _Deallocate
D/MOTO plugin( 9568):  sending message to NEON 0000000001000006DELETE04000003APD05000001909000000
D/MOTO plugin( 9568):  
D/MOTO plugin( 9568): writing to socket 
I/EkiohViewHistory( 9568): history top now http://localhost:48011/app/CardReaderTest
D/MOTO plugin( 9568): wake Object _Deallocate
D/MOTO plugin( 9568): comm Object _Deallocate
D/MOTO plugin( 9568): network Object _Deallocate
D/MOTO plugin( 9568): ioDigital Object _Deallocate
D/MOTO plugin( 9568): zoom Object _Deallocate
D/MOTO plugin( 9568): emmlProfile Object _Deallocate
D/MOTO plugin( 9568): quitButton Object _Deallocate
D/MOTO plugin( 9568): goButton Object _Deallocate
D/MOTO plugin( 9568): signatureCapture Object _Deallocate
D/MOTO plugin( 9568): videoCapture Object _Deallocate
D/MOTO plugin( 9568): telemetry Object _Deallocate
D/MOTO plugin( 9568): keyCapture Object _Deallocate
D/MOTO plugin( 9568): homeButton Object _Deallocate
D/MOTO plugin( 9568): minimizeButton Object _Deallocate
D/MOTO plugin( 9568): backButton Object _Deallocate
E/MOTO plugin( 9568): NoSIP ActiveX Object _Deallocate
D/MOTO plugin( 9568):  sending message to NEON 0000000001000006DELETE04000005NoSIP05000001709000000
D/MOTO plugin( 9568):  
D/MOTO plugin( 9568): writing to socket 
D/MOTO plugin( 9568): reloadButton Object _Deallocate
D/MOTO plugin( 9568): imager Object _Deallocate
D/MOTO plugin( 9568): lightsensor Object _Deallocate
D/MOTO plugin( 9568): ioAnalog Object _Deallocate
D/MOTO plugin( 9568): topCommandArea Object _Deallocate
D/MOTO plugin( 9568): bottomCommandArea Object _Deallocate
D/MOTO plugin( 9568): systemTime Object _Deallocate
D/MOTO plugin( 9568): stopButton Object _Deallocate
E/MOTO plugin( 9568): ODAX ActiveX Object _Deallocate
D/MOTO plugin( 9568):  sending message to NEON 0000000001000006DELETE04000004ODAX05000001609000000
D/MOTO plugin( 9568):  
D/MOTO plugin( 9568): writing to socket 
D/MOTO plugin( 9568): registry Object _Deallocate
D/MOTO plugin( 9568): keylight Object _Deallocate
D/MOTO plugin( 9568): cardReader Object _Deallocate
D/MOTO plugin( 9568): registry Object _Deallocate
D/MOTO plugin( 9568): notification Object _Deallocate
D/MOTO plugin( 9568): homeButton Object _Deallocate
D/MOTO plugin( 9568): audioCapture Object _Deallocate
D/MOTO plugin( 9568): lightsensor Object _Deallocate
D/MOTO plugin( 9568): stylus Object _Deallocate
D/MOTO plugin( 9568): volume Object _Deallocate
D/MOTO plugin( 9568): alarm Object _Deallocate
D/MOTO plugin( 9568): RawSensors Object _Deallocate
I/APP     ( 9568): I 04/09/2013 09:16:12:681 00002560 LicenseHybridExtension| Init device license now
D/MOTO plugin( 9568): reloadButton Object _Deallocate
D/MOTO plugin( 9568): sntp Object _Deallocate
D/MOTO plugin( 9568): sipButton Object _Deallocate
D/MOTO plugin( 9568): hourglass Object _Deallocate
D/MOTO plugin( 9568): push Object _Deallocate
D/MOTO plugin( 9568): audioCapture Object _Deallocate
D/MOTO plugin( 9568): ioAnalog Object _Deallocate
D/MOTO plugin( 9568): topCommandArea Object _Deallocate
D/MOTO plugin( 9568): zoom Object _Deallocate
D/MOTO plugin( 9568): zoomInPageButton Object _Deallocate
D/MOTO plugin( 9568): ActiveX Object _Deallocate
D/MOTO plugin( 9568): zoomOutPageButton Object _Deallocate
D/MOTO plugin( 9568): notification Object _Deallocate
D/MOTO plugin( 9568): memory Object _Deallocate
D/MOTO plugin( 9568): zoomOutPageButton Object _Deallocate
D/MOTO plugin( 9568): powerOn Object _Deallocate
D/MOTO plugin( 9568): appSwitcher Object _Deallocate
D/MOTO plugin( 9568): backButton Object _Deallocate
D/MOTO plugin( 9568): ioDigital Object _Deallocate
D/MOTO plugin( 9568): goButton Object _Deallocate
D/MOTO plugin( 9568): battery Object _Deallocate
D/MOTO plugin( 9568): videoCapture Object _Deallocate
D/MOTO plugin( 9568): scanner Object _Deallocate 
D/MOTO plugin( 9568): rsm Object _Deallocate
D/MOTO plugin( 9568): timer Object _Deallocate
E/MOTO plugin( 9568): Generic ActiveX Object _Deallocate
D/MOTO plugin( 9568):  sending message to NEON 0000000001000006DELETE04000007Generic05000001509000000
D/MOTO plugin( 9568):  
D/MOTO plugin( 9568): writing to socket 
D/MOTO plugin( 9568): appSwitcher Object _Deallocate
D/MOTO plugin( 9568): screenOrientation Object _Deallocate
D/MOTO plugin( 9568): cradle Object _Deallocate
D/MOTO plugin( 9568): zoomTextButton Object _Deallocate
D/MOTO plugin( 9568): signatureCapture Object _Deallocate
D/MOTO plugin( 9568): screenOrientation Object _Deallocate
D/MOTO plugin( 9568): stylus Object _Deallocate
D/MOTO plugin( 9568): addressBar Object _Deallocate
D/MOTO plugin( 9568): mediaPlayer Object _Deallocate
D/MOTO plugin( 9568): keyState Object _Deallocate
D/MOTO plugin( 9568): systemTime Object _Deallocate
D/MOTO plugin( 9568): mpm Object _Deallocate
E/MOTO plugin( 9568): NarrowBand ActiveX Object _Deallocate
D/MOTO plugin( 9568):  sending message to NEON 0000000001000006DELETE04000003APD05000001409000000
D/MOTO plugin( 9568):  
D/MOTO plugin( 9568): writing to socket 
D/MOTO plugin( 9568): RawSensors Object _Deallocate
D/MOTO plugin( 9568): hourglass Object _Deallocate
D/MOTO plugin( 9568): mpm Object Allocate 
D/MOTO plugin( 9568): addressBar Object Allocate 
D/MOTO plugin( 9568): alarm Object Allocate 
D/MOTO plugin( 9568): application Object Allocate 
D/MOTO plugin( 9568): appSwitcher Object Allocate 
D/MOTO plugin( 9568): audioCapture Object Allocate 
D/MOTO plugin( 9568): backButton Object Allocate 
D/MOTO plugin( 9568): backlight Object Allocate 
D/MOTO plugin( 9568): battery Object Allocate 
D/MOTO plugin( 9568): bottomCommandArea Object Allocate 
D/MOTO plugin( 9568): cardReader Object Allocate 
D/MOTO plugin( 9568): comm Object Allocate 
D/MOTO plugin( 9568): cradle Object Allocate 
D/MOTO plugin( 9568): device Object Allocate 
D/MOTO plugin( 9568): eink Object Allocate 
D/MOTO plugin( 9568): emmlProfile Object Allocate 
D/MOTO plugin( 9568): fileTransfer Object Allocate 
D/MOTO plugin( 9568): forwardButton Object Allocate 
D/MOTO plugin( 9568): gesture Object Allocate 
D/MOTO plugin( 9568): goButton Object Allocate 
D/MOTO plugin( 9568): homeButton Object Allocate 
D/MOTO plugin( 9568): hourglass Object Allocate 
D/MOTO plugin( 9568): imager Object Allocate 
D/MOTO plugin( 9568): ioAnalog Object Allocate 
D/MOTO plugin( 9568): ioDigital Object Allocate 
D/MOTO plugin( 9568): ioSystem Object Allocate 
D/MOTO plugin( 9568): keyCapture Object Allocate 
D/MOTO plugin( 9568): keylight Object Allocate 
D/MOTO plugin( 9568): keyState Object Allocate 
D/MOTO plugin( 9568): lightsensor Object Allocate 
D/MOTO plugin( 9568): mediaPlayer Object Allocate 
D/MOTO plugin( 9568): memory Object Allocate 
D/MOTO plugin( 9568): minimizeButton Object Allocate 
D/MOTO plugin( 9568): network Object Allocate 
D/MOTO plugin( 9568): notification Object Allocate 
D/MOTO plugin( 9568): zoomInPageButton Object Allocate 
D/MOTO plugin( 9568): zoomOutPageButton Object Allocate 
D/MOTO plugin( 9568): powerOn Object Allocate 
D/MOTO plugin( 9568): push Object Allocate 
D/MOTO plugin( 9568): quitButton Object Allocate 
D/MOTO plugin( 9568): RawSensors Object Allocate 
D/MOTO plugin( 9568): reboot Object Allocate 
D/MOTO plugin( 9568): registry Object Allocate 
D/MOTO plugin( 9568): reloadButton Object Allocate 
D/MOTO plugin( 9568): rfid Object Allocate 
D/MOTO plugin( 9568): rsm Object Allocate 
D/MOTO plugin( 9568): scanner Object Allocate 
D/MOTO plugin( 9568): screenOrientation Object Allocate 
D/MOTO plugin( 9568): signal Object Allocate 
D/MOTO plugin( 9568): signatureCapture Object Allocate 
D/MOTO plugin( 9568): sip Object Allocate 
D/MOTO plugin( 9568): sipButton Object Allocate 
D/MOTO plugin( 9568): sntp Object Allocate 
D/MOTO plugin( 9568): stopButton Object Allocate 
D/MOTO plugin( 9568): stylus Object Allocate 
D/MOTO plugin( 9568): systemTime Object Allocate 
D/MOTO plugin( 9568): telemetry Object Allocate 
D/MOTO plugin( 9568): timer Object Allocate 
D/MOTO plugin( 9568): topCommandArea Object Allocate 
D/MOTO plugin( 9568): videoCapture Object Allocate 
D/MOTO plugin( 9568): volume Object Allocate 
D/MOTO plugin( 9568): wake Object Allocate 
D/MOTO plugin( 9568): wlan Object Allocate 
D/MOTO plugin( 9568): zoom Object Allocate 
D/MOTO plugin( 9568): zoomTextButton Object Allocate 
D/MOTO plugin( 9568): NPP_New : jsobjects Plugin Object created
D/MOTO plugin( 9568): ActiveX Object Allocate 
D/MOTO plugin( 9568): ActiveXObject created
E/MOTO plugin( 9568): Generic ActiveX Object Allocate 
D/MOTO plugin( 9568):  sending message to NEON 0000000001000003NEW04000007Generic050000021009000000
D/MOTO plugin( 9568):  
D/MOTO plugin( 9568): writing to socket 
D/MOTO plugin( 9568): NPP_New : Generic ActiveX Plugin Object created
E/MOTO plugin( 9568): ODAX ActiveX Object Allocate 
D/MOTO plugin( 9568):  sending message to NEON 0000000001000003NEW04000004ODAX050000021109000000
D/MOTO plugin( 9568):  
D/MOTO plugin( 9568): writing to socket 
D/MOTO plugin( 9568): NPP_New : ODAX ActiveX Plugin Object created
E/MOTO plugin( 9568): NoSIP ActiveX Object Allocate 
D/MOTO plugin( 9568):  sending message to NEON 0000000001000003NEW04000005NoSIP050000021209000000
D/MOTO plugin( 9568):  
D/MOTO plugin( 9568): writing to socket 
D/MOTO plugin( 9568): NPP_New : NoSIP ActiveX Plugin Object created
E/MOTO plugin( 9568): AirBEAMSmart ActiveX Object Allocate 
D/MOTO plugin( 9568):  sending message to NEON 0000000001000003NEW04000003ABS050000021309000000
D/MOTO plugin( 9568):  
D/MOTO plugin( 9568): writing to socket 
D/MOTO plugin( 9568): NPP_New : AirBeam ActiveX Plugin Object created
E/MOTO plugin( 9568): NarrowBand ActiveX Object Allocate 
D/MOTO plugin( 9568):  sending message to NEON 0000000001000003NEW04000003APD050000021409000000
D/MOTO plugin( 9568):  
D/MOTO plugin( 9568): writing to socket 
D/MOTO plugin( 9568): NPP_New : APD ActiveX Plugin Object created
D/ekioh   ( 9568): call void onLoadProgress
I/EkiohView( 9568): onLoadProgress 1918/1918
D/ekioh   ( 9568): MSG_KEYBOARD_VISIBLE 0 - 480x762
I/APP     ( 9568): I 04/09/2013 09:16:12:791 0000256d           HttpServer| Process URI: '/app/lib/jasmine-1.2.0/jasmine.css'
I/APP     ( 9568): I 04/09/2013 09:16:12:795 0000256d           HttpServer| Process URI: '/app/lib/jasmine-1.2.0/jasmine.js'
D/szipinf ( 9568): Initializing inflate state
D/szipinf ( 9568): Initializing zlib to inflate
D/ekioh   ( 9568): call void onLoadProgress
I/EkiohView( 9568): onLoadProgress 8443/8443
I/APP     ( 9568): I 04/09/2013 09:16:12:833 0000256d           HttpServer| Process URI: '/app/lib/jasmine-1.2.0/jasmine-html.js'
D/ekioh   ( 9568): call void onLoadProgress
I/EkiohView( 9568): onLoadProgress 24712/28124
D/ekioh   ( 9568): call void onLoadProgress
I/EkiohView( 9568): onLoadProgress 41096/99294
D/ekioh   ( 9568): call void onLoadProgress
I/EkiohView( 9568): onLoadProgress 60892/99294
D/ekioh   ( 9568): call void onLoadProgress
I/EkiohView( 9568): onLoadProgress 77276/99294
D/ekioh   ( 9568): call void onLoadProgress
I/EkiohView( 9568): onLoadProgress 93660/99294
I/APP     ( 9568): I 04/09/2013 09:16:12:852 0000256d           HttpServer| Process URI: '/app/lib/jasmine-1.2.0/jasmine.junit_reporter.js'
D/ekioh   ( 9568): call void onLoadProgress
D/dalvikvm( 9568): GC_EXTERNAL_ALLOC freed 1224K, 50% free 3702K/7367K, external 4139K/4140K, paused 88ms
I/EkiohView( 9568): onLoadProgress 106867/106867
I/APP     ( 9568): I 04/09/2013 09:16:13:013 0000256d           HttpServer| Process URI: '/public/jquery/jquery-1.6.4.min.js'
D/szipinf ( 9568): Initializing inflate state
D/szipinf ( 9568): Initializing zlib to inflate
D/ekioh   ( 9568): call void onLoadProgress
I/EkiohView( 9568): onLoadProgress 139635/198539
D/ekioh   ( 9568): call void onLoadProgress
I/EkiohView( 9568): onLoadProgress 172403/198539
D/ekioh   ( 9568): call void onLoadProgress
I/EkiohView( 9568): onLoadProgress 198539/198539
I/APP     ( 9568): I 04/09/2013 09:16:13:073 0000256d           HttpServer| Process URI: '/app/cardReaderTest.js'
I/APP     ( 9568): I 04/09/2013 09:16:13:076 0000256d           HttpServer| Process URI: '/app/cardReaderSpec.js'
I/EkiohView( 9568): onSizeChanged oldw:480 oldh:724 w:480 h:652
D/ekioh   ( 9568): onSizeChangedNative
I/EkiohView( 9568): surfaceChanged format 1 size 480x652
D/ekioh   ( 9568): onSizeChangedNative
D/ekioh   ( 9568): keyboard visible 0
D/ekioh   ( 9568): call void onLoadProgress
I/EkiohView( 9568): onLoadProgress 199198/199198
D/ekioh   ( 9568): MSG_SIZE_CHANGED
D/ekioh   ( 9568): set window size 480 x 652
D/ekioh   ( 9568): calling setScreen
D/ekioh   ( 9568): MSG_SIZE_CHANGED
D/ekioh   ( 9568): set window size 480 x 652
D/ekioh   ( 9568): calling setScreen
D/ekioh   ( 9568): MSG_KEYBOARD_VISIBLE 0 - 480x762
D/ekioh   ( 9568): call boolean onTitle
D/ekioh   ( 9568): call void onLoadProgress
I/EkiohView( 9568): onLoadProgress 199558/199558
D/ekioh   ( 9568): call void onLoadEnd
I/EkiohView( 9568): onLoadEnd 0/0 http://localhost:48011/app/SpecRunner.htm
D/ekioh   ( 9568): DocumentNotification
D/ekioh   ( 9568): call void onMetaEnd
I/EkiohViewHistory( 9568): history top now http://localhost:48011/app/SpecRunner.htm
D/MOTO plugin( 9568): application _HasProperty
D/MOTO plugin( 9568): application _HasMethod
D/MOTO plugin( 9568): application _HasMethod
D/MOTO plugin( 9568): application _Invoke
E/MOTO plugin( 9568): writing to socket 0000000001000008JSOBJECT02000011application03000004quit09000000
E/MOTO plugin( 9568):  
E/MOTO plugin( 9568): wrote 64 characters 
D/MOTO plugin( 9568): applicationJSObject : Invoke quit 
D/MOTO plugin( 9568):  
D/ekioh   ( 9568): call boolean onConsole
I/APP     ( 9568): I 04/09/2013 09:16:13:536 00002560         EkiohWebView| onConsole: ws://localhost:8888/savetestresult.do?filename=TEST-CardReaderTestSuite.xml&junitreport=%3C?xml%20version=%221.0%22%20encoding=%22UTF-8%22%20?%3E%3Ctestsuites%3E%3Ctestsuite%20name=%22CardReaderTestSuite%22%20errors=%220%22%20tests=%220%22%20failures=%220
I/APP     ( 9568): I 04/09/2013 09:16:13:537 00002560        RhodesService| Exit application
I/APP     ( 9568): I 04/09/2013 09:16:13:541 0000256d           HttpServer| Process URI: '/system/uidestroyed'
I/APP     ( 9568): I 04/09/2013 09:16:13:544 00002560    RhodesApplication| New UiState: MainActivityPaused
I/APP     ( 9568): I 04/09/2013 09:16:13:548 0000256d           HttpServer| Process URI: '/app/CardReaderTest/funopen'
I/APP     ( 9568): I 04/09/2013 09:16:13:549 0000256d                  APP| RHO serve: /app/CardReaderTest/funopen
D/Msr     ( 9568): Serial MSR Identified
D/Msr     ( 9568): Trying to load serial msr library
W/dalvikvm( 9568): JNI WARNING: DeleteLocalRef(0x40673470) failed to find entry (valid=1)
W/dalvikvm( 9568): JNI WARNING: DeleteLocalRef(0x405ecce8) failed to find entry (valid=1)
I/APP     ( 9568): E 04/09/2013 09:16:13:556 0000256d        CardReaderJNI| java.lang.RuntimeException: Can't create handler inside thread that has not called Looper.prepare()
W/dalvikvm( 9568): JNI WARNING: DeleteLocalRef(0x406055e0) failed to find entry (valid=1)
I/APP     ( 9568): I 04/09/2013 09:16:13:557 0000256d                  APP| App error: java.lang.RuntimeException: Can't create handler inside thread that has not called Looper.prepare()
I/APP     ( 9568):  apps/app/CardReaderTest/controller.rb:45:in `open'
I/APP     ( 9568): apps/app/CardReaderTest/controller.rb:45:in `funopen'
I/APP     ( 9568): lib/rho/rhocontroller.rb:101:in `serve'
I/APP     ( 9568): lib/rho/rhoapplication.rb:252:in `serve'
I/APP     ( 9568): lib/rho/rho.rb:889:in `serve'
I/APP     ( 9568): I 04/09/2013 09:16:13:562 0000256d           HttpServer| GC Start.
I/APP     ( 9568): I 04/09/2013 09:16:13:582 0000256d           HttpServer| GC End.
I/APP     ( 9568): I 04/09/2013 09:16:13:582 0000256d           HttpServer| Process URI: '/app/CardReaderTest/funclose'
I/APP     ( 9568): I 04/09/2013 09:16:13:583 0000256d                  APP| RHO serve: /app/CardReaderTest/funclose
W/dalvikvm( 9568): JNI WARNING: DeleteLocalRef(0x405c9de0) failed to find entry (valid=1)
W/dalvikvm( 9568): JNI WARNING: DeleteLocalRef(0x405ecce8) failed to find entry (valid=1)
I/APP     ( 9568): E 04/09/2013 09:16:13:584 0000256d        CardReaderJNI| java.lang.RuntimeException: Can't create handler inside thread that has not called Looper.prepare()
W/dalvikvm( 9568): JNI WARNING: DeleteLocalRef(0x406055e0) failed to find entry (valid=1)
I/APP     ( 9568): I 04/09/2013 09:16:13:584 0000256d                  APP| App error: java.lang.RuntimeException: Can't create handler inside thread that has not called Looper.prepare()
I/APP     ( 9568):  apps/app/CardReaderTest/controller.rb:52:in `close'
I/APP     ( 9568): apps/app/CardReaderTest/controller.rb:52:in `funclose'
I/APP     ( 9568): lib/rho/rhocontroller.rb:101:in `serve'
I/APP     ( 9568): lib/rho/rhoapplication.rb:252:in `serve'
I/APP     ( 9568): lib/rho/rho.rb:889:in `serve'
I/APP     ( 9568): I 04/09/2013 09:16:13:586 0000256d           HttpServer| GC Start.
I/APP     ( 9568): I 04/09/2013 09:16:13:606 0000256d           HttpServer| GC End.
I/APP     ( 9568): I 04/09/2013 09:16:14:046 0000256a         AppCallbacks| Thread shutdown
I/APP     ( 9568): I 04/09/2013 09:16:14:047 00002560           HttpServer| Stopping server...
I/APP     ( 9568): I 04/09/2013 09:16:14:048 0000256d            RhodesApp| RhodesApp thread shutdown
I/APP     ( 9568): I 04/09/2013 09:16:14:049 0000256d          GeoLocation| Destroying singleton instance.
I/Process ( 9568): Sending signal. PID: 9568 SIG: 3
I/dalvikvm( 9568): threadid=4: reacting to signal 3
I/APP     ( 9568): E 04/09/2013 09:16:14:128 00002569 com.motorolasolutions.rhoelements.npapi.NPAPIServer$ServerThread run| Socket closed
D/RhoElements( 9568): <1> Logger stopped
I/EkiohView( 9568): stop
D/ekioh   ( 9568): onCallbackNative
D/ekioh   ( 9568): MSG_CALLBACK
I/APP     ( 9568): I 04/09/2013 09:16:14:145 00002560    RhodesApplication| New UiState: MainActivityPaused
I/EkiohView( 9568): surfaceDestroyed
D/ekioh   ( 9568): surface destroyed
D/ekioh   ( 9568): MSG_SURFACE_DESTROYED
I/dalvikvm( 9568): Wrote stack traces to '/data/anr/traces.txt'
V/InputMethodService( 1733): CALL: onStartInput
I/APP     ( 9568): I 04/09/2013 09:16:14:584 00002560    RhodesApplication| New AppState: AppDeactivated
I/APP     ( 9568): I 04/09/2013 09:16:14:584 00002560        RhodesService| activityStopped() temporary release wakeLock object
I/Process ( 9568): Sending signal. PID: 9568 SIG: 9
I/ActivityManager( 1674): Process com.rhomobile.cardreader_ats (pid 9568) has died.
D/ActivityTracker( 1756): New activity, p= com.android.launcher a=com.android.launcher2.Launcher
D/ActivityTracker( 1756): Corresponding profile id: 4
W/CameraScanner( 1756): Already stopped USER_INITIATED
D/ActivityTracker( 1756): Profile found 4 loading profile
D/dwProfilesDbAdapter( 1756): is profile 4 enabled 1
D/dalvikvm( 2154): GC_EXPLICIT freed 6K, 50% free 2728K/5379K, external 1625K/2137K, paused 51ms
D/BatteryService( 1674): mLastBStat : 5 mBStat : 5 mLastHStat :2 mHStat 2 .. setledstatus true
D/dalvikvm( 2164): GC_EXPLICIT freed 2K, 50% free 2724K/5379K, external 1625K/2137K, paused 50ms
D/dalvikvm( 1968): GC_EXPLICIT freed 8K, 49% free 2764K/5379K, external 1625K/2137K, paused 57ms
D/dalvikvm( 1760): GC_EXTERNAL_ALLOC freed 79K, 46% free 3127K/5767K, external 4999K/6026K, paused 67ms
V/InputMethodService( 1733): CALL: onStartInput
I/ActivityManager( 1674): Starting: Intent { act=android.intent.action.MAIN cat=[android.intent.category.LAUNCHER] flg=0x10200000 cmp=com.rhomobile.cardreadertest/com.rhomobile.rhodes.RhodesActivity } from pid 1760
I/ActivityManager( 1674): Start proc com.rhomobile.cardreadertest for activity com.rhomobile.cardreadertest/com.rhomobile.rhodes.RhodesActivity: pid=9672 uid=10040 gids={3003, 1015, 1006, 3002, 3001}
D/ActivityTracker( 1756): New activity, p= com.rhomobile.cardreadertest a=com.rhomobile.rhodes.RhodesActivity
D/ActivityTracker( 1756): Corresponding profile id: 1
D/ActivityTracker( 1756): Profile found 1 loading profile
D/dwProfilesDbAdapter( 1756): is profile 1 enabled 1
D/DecLib_SSI( 1756): Resyncing params:
D/dalvikvm( 9672): Trying to load lib /data/data/com.rhomobile.cardreadertest/lib/libplugin.so 0x40514ca8
D/dalvikvm( 9672): Added shared lib /data/data/com.rhomobile.cardreadertest/lib/libplugin.so 0x40514ca8
D/dalvikvm( 9672): No JNI_OnLoad found in /data/data/com.rhomobile.cardreadertest/lib/libplugin.so 0x40514ca8, skipping init
D/dalvikvm( 9672): Trying to load lib /data/data/com.rhomobile.cardreadertest/lib/librhodes.so 0x40514ca8
D/dalvikvm( 9672): Added shared lib /data/data/com.rhomobile.cardreadertest/lib/librhodes.so 0x40514ca8
I/ActivityThread( 9672): Pub com.rhomobile.cardreadertest: com.rhomobile.rhodes.LocalFileProvider
I/RhodesApplication( 9672): Initializing...
D/RhoFileApi( 9672): App root path: /data/data/com.rhomobile.cardreadertest/rhodata/
D/RhoFileApi( 9672): Sqlite journals path: /data/data/com.rhomobile.cardreadertest/sqlite_stmt_journals/
D/RhoFileApi( 9672): Shared path: /data/data/com.rhomobile.cardreadertest/rhodata/
D/RhodesApplication( 9672): Root path: /data/data/com.rhomobile.cardreadertest/rhodata/
I/RhoFileApi( 9672): Opening stat table from FS: /data/data/com.rhomobile.cardreadertest/rhodata/rho.dat
I/APP     ( 9672): I 04/09/2013 09:19:26:998 000025c8    RhodesApplication| Initialized
I/APP     ( 9672): I 04/09/2013 09:19:27:061 000025c8         SplashScreen| Looking for start page source
I/APP     ( 9672): I 04/09/2013 09:19:27:063 000025c8         SplashScreen| Loading image: apps/app/loading.png
D/dalvikvm( 9672): GC_EXTERNAL_ALLOC freed 249K, 49% free 2881K/5575K, external 1625K/2137K, paused 59ms
I/APP     ( 9672): I 04/09/2013 09:19:27:298 000025c8         SplashScreen| Done
D/dalvikvm( 9672): Trying to load lib /data/data/com.rhomobile.cardreadertest/lib/libplugin.so 0x40514ca8
D/dalvikvm( 9672): Shared lib '/data/data/com.rhomobile.cardreadertest/lib/libplugin.so' already loaded in same CL 0x40514ca8
D/RhoElements( 9672): <1> Logger started
D/MOTO plugin( 9672): Socket port set to 39577 
D/dalvikvm( 9672): GC_CONCURRENT freed 1208K, 54% free 3102K/6727K, external 3315K/3528K, paused 2ms+3ms
I/APP     ( 9672): I 04/09/2013 09:19:27:946 000025c8 WebkitRhodesListener| Creating webkit extension with full functionality
I/APP     ( 9672): I 04/09/2013 09:19:27:948 000025c8 WebkitRhodesListener| Config path: 
I/APP     ( 9672): I 04/09/2013 09:19:27:948 000025c8 WebkitRhodesListener| Loading Config.xml from resources
I/APP     ( 9672): I 04/09/2013 09:19:27:959 000025c8    RhoExtManagerImpl| RE Error log: true
I/APP     ( 9672): I 04/09/2013 09:19:27:959 000025c8    RhoExtManagerImpl| RE Warning log: false
I/APP     ( 9672): I 04/09/2013 09:19:27:960 000025c8    RhoExtManagerImpl| RE Info log: false
I/APP     ( 9672): I 04/09/2013 09:19:27:961 000025c8    RhoExtManagerImpl| RE User log: true
I/APP     ( 9672): I 04/09/2013 09:19:27:961 000025c8 LicenseRhodesListener| Creating RE License extension for Native app
I/APP     ( 9672): I 04/09/2013 09:19:27:962 000025c8  WebkitExtensionBase| Creating Motorola WebView
I/EkiohView( 9672): Loading library eklibrary
D/dalvikvm( 9672): Trying to load lib /data/data/com.rhomobile.cardreadertest/lib/libeklibrary.so 0x40514ca8
D/dalvikvm( 9672): Added shared lib /data/data/com.rhomobile.cardreadertest/lib/libeklibrary.so 0x40514ca8
D/dalvikvm( 9672): No JNI_OnLoad found in /data/data/com.rhomobile.cardreadertest/lib/libeklibrary.so 0x40514ca8, skipping init
I/EkiohView( 9672): Loading library webkit_ekioh
D/dalvikvm( 9672): Trying to load lib /data/data/com.rhomobile.cardreadertest/lib/libwebkit_ekioh.so 0x40514ca8
D/dalvikvm( 9672): Added shared lib /data/data/com.rhomobile.cardreadertest/lib/libwebkit_ekioh.so 0x40514ca8
D/dalvikvm( 9672): No JNI_OnLoad found in /data/data/com.rhomobile.cardreadertest/lib/libwebkit_ekioh.so 0x40514ca8, skipping init
I/EkiohView( 9672): Loading library ekiohplatform
D/dalvikvm( 9672): Trying to load lib /data/data/com.rhomobile.cardreadertest/lib/libekiohplatform.so 0x40514ca8
D/dalvikvm( 9672): Added shared lib /data/data/com.rhomobile.cardreadertest/lib/libekiohplatform.so 0x40514ca8
D/ekioh   ( 9672): JNI_OnLoad
I/EkiohViewHistory( 9672): created size 30
I/EkiohView( 9672): setConfig font.path:/system/fonts
D/ekioh   ( 9672): onSetConfigNative
I/EkiohView( 9672): setConfig font.default:Droid Sans Fallback
D/ekioh   ( 9672): onSetConfigNative
I/EkiohView( 9672): setConfig browser.font.size.minimum:5
D/ekioh   ( 9672): onSetConfigNative
I/EkiohView( 9672): setConfig browser.font.size.logical.minimum:5
D/ekioh   ( 9672): onSetConfigNative
I/EkiohView( 9672): setConfig browser.font.size.fixed.default:22
D/ekioh   ( 9672): onSetConfigNative
I/EkiohView( 9672): setConfig browser.font.size.default:22
D/ekioh   ( 9672): onSetConfigNative
I/EkiohView( 9672): addPreloadedPlugin application/x-wtg-legacy-generic
I/EkiohView( 9672): addPreloadedPlugin application/x-wtg-legacy-odax
I/EkiohView( 9672): addPreloadedPlugin application/x-wtg-legacy-nosip
I/EkiohView( 9672): addPreloadedPlugin application/x-wtg-legacy-airbeam
I/EkiohView( 9672): addPreloadedPlugin application/x-wtg-legacy-apd
I/EkiohView( 9672): addPreloadedPlugin application/x-wtg-jsobjects
I/EkiohView( 9672): setConfig svg.webstorage.database:file:///mnt/sdcard/Android/data/com.rhomobile.cardreadertest
D/ekioh   ( 9672): onSetConfigNative
I/EkiohView( 9672): setConfig svg.database.maxquota:5000000
D/ekioh   ( 9672): onSetConfigNative
I/EkiohView( 9672): setConfig svg.database.path:file:///mnt/sdcard/Android/data/com.rhomobile.cardreadertest
D/ekioh   ( 9672): onSetConfigNative
I/EkiohView( 9672): setConfig browser.offlineappcache.path:file:///mnt/sdcard/Android/data/com.rhomobile.cardreadertest
D/ekioh   ( 9672): onSetConfigNative
I/EkiohView( 9672): setConfig browser.offlineappcache.quota:5000000
D/ekioh   ( 9672): onSetConfigNative
I/EkiohView( 9672): setConfig browser.network.useragent:Mozilla/5.0 (%p) AppleWebKit/%w (KHTML, like Gecko) MotorolaWebKit/%e Safari/%w
D/ekioh   ( 9672): onSetConfigNative
I/EkiohView( 9672): setConfig browser.cache.capacity:5MB
D/ekioh   ( 9672): onSetConfigNative
I/EkiohView( 9672): setConfig network.cookie.database:file:///mnt/sdcard/Android/data/com.rhomobile.cardreadertest/cookies.db
D/ekioh   ( 9672): onSetConfigNative
I/EkiohView( 9672): setConfig font.default:Droid Sans Fallback
D/ekioh   ( 9672): onSetConfigNative
I/EkiohView( 9672): setConfig browser.text.selection.enabled:false
D/ekioh   ( 9672): onSetConfigNative
I/EkiohView( 9672): setConfig browser.viewport.configurable:true
D/ekioh   ( 9672): onSetConfigNative
I/EkiohView( 9672): setConfig browser.spatialnavigation:false
D/ekioh   ( 9672): onSetConfigNative
I/EkiohView( 9672): setHTTPProxy 
I/EkiohView( 9672): setHTTPSProxy 
I/EkiohView( 9672): setHTTPProxy null
I/EkiohView( 9672): setConfig plugin.path:/data/data/com.rhomobile.cardreadertest/lib
D/ekioh   ( 9672): onSetConfigNative
I/EkiohView( 9672): startEngine
I/EkiohView( 9672): setting default ICU_DIR /data/data/com.rhomobile.cardreadertest/lib
I/APP     ( 9672): I 04/09/2013 09:19:28:025 000025c8    RhodesApplication| New UiState: MainActivityCreated
I/APP     ( 9672): I 04/09/2013 09:19:28:025 000025c8    RhodesApplication| New UiState: MainActivityStarted
I/APP     ( 9672): I 04/09/2013 09:19:28:037 000025c8    LocalFileProvider| Revoke URI permissions: content:///com.rhomobile.cardreadertest
I/APP     ( 9672): I 04/09/2013 09:19:28:038 000025c8               Rhodes| Loading...
I/APP     ( 9672): I 04/09/2013 09:19:28:039 000025c8            RhodesApp| Trying to get free listening port.
I/APP     ( 9672): I 04/09/2013 09:19:28:040 000025c8            RhodesApp| Trying to bind of 0 port...
I/APP     ( 9672): I 04/09/2013 09:19:28:040 000025c8            RhodesApp| Got port to bind on: 55238
I/APP     ( 9672): I 04/09/2013 09:19:28:040 000025c8            RhodesApp| Free listening port: 55238
W/ActivityManager( 1674): No content provider found for: 
D/dalvikvm( 9672): GC_EXTERNAL_ALLOC freed 378K, 52% free 3262K/6727K, external 3345K/3528K, paused 35ms
I/APP     ( 9672): I 04/09/2013 09:19:28:086 000025d3         AppCallbacks| Starting main routine...
I/APP     ( 9672): I 04/09/2013 09:19:28:087 000025d3         AppCallbacks| ThreadQueue blocked for 4294967295 seconds...
I/APP     ( 9672): I 04/09/2013 09:19:28:138 000025c8            RhodesApp| callAppActiveCallback
I/APP     ( 9672): I 04/09/2013 09:19:28:138 000025c8         AppCallbacks| addCommand: APP-ACTIVATED
I/APP     ( 9672): I 04/09/2013 09:19:28:139 000025d3         AppCallbacks| Received command APP-ACTIVATED which is greater than expected (LOCAL-SERVER-STARTED) - postpone it
I/APP     ( 9672): I 04/09/2013 09:19:28:139 000025d3         AppCallbacks| ThreadQueue blocked for 4294967295 seconds...
I/APP     ( 9672): I 04/09/2013 09:19:28:139 000025c8         AppActivated| Cannot commit now, application will be activated when started.
I/APP     ( 9672): I 04/09/2013 09:19:28:140 000025c8    RhodesApplication| New AppState: Undefined
I/APP     ( 9672): I 04/09/2013 09:19:28:141 000025c8        RhodesService| handleCommand: startId=1, source=com.rhomobile.rhodes.BaseActivity
I/APP     ( 9672): I 04/09/2013 09:19:28:145 000025d7            RhodesApp| Starting RhodesApp main routine...
I/APP     ( 9672): I 04/09/2013 09:19:28:207 000025d7              RhoRuby| Init_RhoBlobs: /data/data/com.rhomobile.cardreadertest/rhodata/db/db-files
I/APP     ( 9672): I 04/09/2013 09:19:28:218 000025d7              RhoRuby| require_compiled: motoapi/elements
D/szipinf ( 9672): Initializing inflate state
D/szipinf ( 9672): Initializing zlib to inflate
I/APP     ( 9672): I 04/09/2013 09:19:28:318 000025c8         AppCallbacks| addCommand: UI-CREATED
I/APP     ( 9672): I 04/09/2013 09:19:28:318 000025d3         AppCallbacks| Received command UI-CREATED which is greater than expected (LOCAL-SERVER-STARTED) - postpone it
I/APP     ( 9672): I 04/09/2013 09:19:28:319 000025d3         AppCallbacks| ThreadQueue blocked for 4294967295 seconds...
V/SimpleMainView.View( 9672): ms[1365499168336]  Main Window :: onSizeChanged() old [ 480 x 762 ]  new [ 0 x 0 ]
I/EkiohView( 9672): onSizeChanged oldw:0 oldh:0 w:480 h:762
I/APP     ( 9672): I 04/09/2013 09:19:28:339 000025c8       RhodesActivity| New start parameters: 
I/APP     ( 9672): I 04/09/2013 09:19:28:339 000025c8            RhodesApp| New start params: 
I/EkiohView( 9672): surfaceCreated
I/EkiohView( 9672): handleSurfaceCreated
D/ekioh   ( 9672): isEngineRunningNative returns 0
I/EkiohView( 9672): ext storage dir: /mnt/sdcard
I/EkiohView( 9672): ext storage available and writeabletrue writeable: true
I/EkiohView( 9672): calling initialiseEngineNative extDatadir:/mnt/sdcard DPI:240
I/ekioh   ( 9672): setting ICU_DATA = /data/data/com.rhomobile.cardreadertest/lib
I/EkiohView( 9672): done handleSurfaceCreated
I/EkiohView( 9672): surfaceChanged format 1 size 480x762
D/ekioh   ( 9672): onSizeChangedNative
D/ekioh   ( 9672): waiting for write fd
D/ekioh   ( 9672): ekioh platform thread id 0x62c7d8 starting
D/ekioh   ( 9672): AndroidCallback::setView 0xde67ae2f
D/dalvikvm( 9672): GetMethodID: method not found: Lcom/ekioh/neon/NeonEkiohView;.onAuthRequired:(Ljava/lang/String;Ljava/lang/String;Ljava/lang/String;)Lcom/ekioh/engine/EkiohAuthResponse;
D/ekioh   ( 9672): cached method ID for 0=onAuthRequired
D/dalvikvm( 9672): GetMethodID: method not found: Lcom/ekioh/neon/NeonEkiohView;.onInputMethod:(ZLjava/lang/String;IIII)V
D/ekioh   ( 9672): cached method ID for 1=onInputMethod
D/dalvikvm( 9672): GetMethodID: method not found: Lcom/ekioh/neon/NeonEkiohView;.onAlert:(Ljava/lang/String;)Z
D/ekioh   ( 9672): cached method ID for 2=onAlert
D/dalvikvm( 9672): GetMethodID: method not found: Lcom/ekioh/neon/NeonEkiohView;.onConfirm:(Ljava/lang/String;)Z
D/ekioh   ( 9672): cached method ID for 3=onConfirm
D/dalvikvm( 9672): GetMethodID: method not found: Lcom/ekioh/neon/NeonEkiohView;.onPrompt:(Ljava/lang/String;Ljava/lang/String;)Ljava/lang/String;
D/ekioh   ( 9672): cached method ID for 4=onPrompt
D/dalvikvm( 9672): GetMethodID: method not found: Lcom/ekioh/neon/NeonEkiohView;.onLoadEnd:(Ljava/lang/String;JJ)V
D/ekioh   ( 9672): cached method ID for 5=onLoadEnd
D/dalvikvm( 9672): GetMethodID: method not found: Lcom/ekioh/neon/NeonEkiohView;.onLoadError:()V
D/ekioh   ( 9672): cached method ID for 6=onLoadError
D/dalvikvm( 9672): GetMethodID: method not found: Lcom/ekioh/neon/NeonEkiohView;.onLoadProgress:(JJ)V
D/ekioh   ( 9672): cached method ID for 7=onLoadProgress
D/dalvikvm( 9672): GetMethodID: method not found: Lcom/ekioh/neon/NeonEkiohView;.onLoadStart:(Ljava/lang/String;JJ)V
D/ekioh   ( 9672): cached method ID for 8=onLoadStart
D/dalvikvm( 9672): GetMethodID: method not found: Lcom/ekioh/neon/NeonEkiohView;.onGetCachedLocation:()Lcom/ekioh/engine/EkiohLocation;
D/ekioh   ( 9672): cached method ID for 9=onGetCachedLocation
D/dalvikvm( 9672): GetMethodID: method not found: Lcom/ekioh/neon/NeonEkiohView;.onStartLocationUpdates:(Z)V
D/ekioh   ( 9672): cached method ID for 10=onStartLocationUpdates
D/dalvikvm( 9672): GetMethodID: method not found: Lcom/ekioh/neon/NeonEkiohView;.onStopLocationUpdates:()V
D/ekioh   ( 9672): cached method ID for 11=onStopLocationUpdates
D/dalvikvm( 9672): GetMethodID: method not found: Lcom/ekioh/neon/NeonEkiohView;.onMediaPlay:(Ljava/lang/String;)V
D/ekioh   ( 9672): cached method ID for 12=onMediaPlay
D/dalvikvm( 9672): GetMethodID: method not found: Lcom/ekioh/neon/NeonEkiohView;.onMeta:(Ljava/lang/String;Ljava/lang/String;II)V
D/ekioh   ( 9672): cached method ID for 13=onMeta
D/dalvikvm( 9672): GetMethodID: method not found: Lcom/ekioh/neon/NeonEkiohView;.onMetaEnd:()V
D/ekioh   ( 9672): cached method ID for 14=onMetaEnd
D/dalvikvm( 9672): GetMethodID: method not found: Lcom/ekioh/neon/NeonEkiohView;.onMoveReady:()V
D/ekioh   ( 9672): cached method ID for 15=onMoveReady
D/dalvikvm( 9672): GetMethodID: method not found: Lcom/ekioh/neon/NeonEkiohView;.onPlatformThreadStarted:()V
D/ekioh   ( 9672): cached method ID for 16=onPlatformThreadStarted
D/dalvikvm( 9672): GetMethodID: method not found: Lcom/ekioh/neon/NeonEkiohView;.onSelect:([Ljava/lang/String;I)I
D/ekioh   ( 9672): cached method ID for 17=onSelect
D/dalvikvm( 9672): GetMethodID: method not found: Lcom/ekioh/neon/NeonEkiohView;.onStatus:(Ljava/lang/String;)Z
D/ekioh   ( 9672): cached method ID for 18=onStatus
D/dalvikvm( 9672): GetMethodID: method not found: Lcom/ekioh/neon/NeonEkiohView;.onTitle:(Ljava/lang/String;)Z
D/ekioh   ( 9672): cached method ID for 19=onTitle
D/dalvikvm( 9672): GetMethodID: method not found: Lcom/ekioh/neon/NeonEkiohView;.onConsole:(Ljava/lang/String;)Z
D/ekioh   ( 9672): cached method ID for 20=onConsole
D/ekioh   ( 9672): loadFile ekioh.cfg returns 0
D/ekioh   ( 9672): loadFile ekioh.cfg returns 0
D/ekioh   ( 9672): /system/fonts
D/ekioh   ( 9672): loadFile file:///mnt/sdcard/Android/data/com.rhomobile.cardreadertest/cookies.db returns 0
D/ekioh   ( 9672): waiting for write fd
I/ekioh   ( 9672): platform initialise Ekioh v2.2.5.2 (Jan 18 2013) r10325
D/ekioh   ( 9672): create view width 720 height 576
D/ekioh   ( 9672): /data/data/com.rhomobile.cardreadertest/lib
D/MOTO plugin( 9672): NP_GetValue 1 
D/MOTO plugin( 9672): NP_GetValue 2 
D/MOTO plugin( 9672): Plugin
D/MOTO plugin( 9672): Socket connected to port 39577 
D/MOTO plugin( 9672): mpm Object Allocate 
D/MOTO plugin( 9672): addressBar Object Allocate 
D/MOTO plugin( 9672): alarm Object Allocate 
D/MOTO plugin( 9672): application Object Allocate 
D/MOTO plugin( 9672): appSwitcher Object Allocate 
D/MOTO plugin( 9672): audioCapture Object Allocate 
D/MOTO plugin( 9672): backButton Object Allocate 
D/MOTO plugin( 9672): backlight Object Allocate 
D/MOTO plugin( 9672): battery Object Allocate 
D/MOTO plugin( 9672): bottomCommandArea Object Allocate 
D/MOTO plugin( 9672): cardReader Object Allocate 
D/MOTO plugin( 9672): comm Object Allocate 
D/MOTO plugin( 9672): cradle Object Allocate 
D/MOTO plugin( 9672): device Object Allocate 
D/MOTO plugin( 9672): eink Object Allocate 
D/MOTO plugin( 9672): emmlProfile Object Allocate 
D/MOTO plugin( 9672): fileTransfer Object Allocate 
D/MOTO plugin( 9672): forwardButton Object Allocate 
D/MOTO plugin( 9672): gesture Object Allocate 
D/MOTO plugin( 9672): goButton Object Allocate 
D/MOTO plugin( 9672): homeButton Object Allocate 
D/MOTO plugin( 9672): hourglass Object Allocate 
D/MOTO plugin( 9672): imager Object Allocate 
D/MOTO plugin( 9672): ioAnalog Object Allocate 
D/MOTO plugin( 9672): ioDigital Object Allocate 
D/MOTO plugin( 9672): ioSystem Object Allocate 
D/MOTO plugin( 9672): keyCapture Object Allocate 
D/MOTO plugin( 9672): keylight Object Allocate 
D/MOTO plugin( 9672): keyState Object Allocate 
D/MOTO plugin( 9672): lightsensor Object Allocate 
D/MOTO plugin( 9672): mediaPlayer Object Allocate 
D/MOTO plugin( 9672): memory Object Allocate 
D/MOTO plugin( 9672): minimizeButton Object Allocate 
D/MOTO plugin( 9672): network Object Allocate 
D/MOTO plugin( 9672): notification Object Allocate 
D/MOTO plugin( 9672): zoomInPageButton Object Allocate 
D/MOTO plugin( 9672): zoomOutPageButton Object Allocate 
D/MOTO plugin( 9672): powerOn Object Allocate 
D/MOTO plugin( 9672): push Object Allocate 
D/MOTO plugin( 9672): quitButton Object Allocate 
D/MOTO plugin( 9672): RawSensors Object Allocate 
D/MOTO plugin( 9672): reboot Object Allocate 
D/MOTO plugin( 9672): registry Object Allocate 
D/MOTO plugin( 9672): reloadButton Object Allocate 
D/MOTO plugin( 9672): rfid Object Allocate 
D/MOTO plugin( 9672): rsm Object Allocate 
D/MOTO plugin( 9672): scanner Object Allocate 
D/MOTO plugin( 9672): screenOrientation Object Allocate 
D/MOTO plugin( 9672): signal Object Allocate 
D/MOTO plugin( 9672): signatureCapture Object Allocate 
D/MOTO plugin( 9672): sip Object Allocate 
D/MOTO plugin( 9672): sipButton Object Allocate 
D/MOTO plugin( 9672): sntp Object Allocate 
D/MOTO plugin( 9672): stopButton Object Allocate 
D/MOTO plugin( 9672): stylus Object Allocate 
D/MOTO plugin( 9672): systemTime Object Allocate 
D/MOTO plugin( 9672): telemetry Object Allocate 
D/MOTO plugin( 9672): timer Object Allocate 
D/MOTO plugin( 9672): topCommandArea Object Allocate 
D/MOTO plugin( 9672): videoCapture Object Allocate 
D/MOTO plugin( 9672): volume Object Allocate 
D/MOTO plugin( 9672): wake Object Allocate 
D/MOTO plugin( 9672): wlan Object Allocate 
D/MOTO plugin( 9672): zoom Object Allocate 
D/MOTO plugin( 9672): zoomTextButton Object Allocate 
D/MOTO plugin( 9672): NPP_New : jsobjects Plugin Object created
D/MOTO plugin( 9672): ActiveX Object Allocate 
D/MOTO plugin( 9672): ActiveXObject created
E/MOTO plugin( 9672): Generic ActiveX Object Allocate 
D/MOTO plugin( 9672):  sending message to NEON 0000000001000003NEW04000007Generic05000001009000000
D/MOTO plugin( 9672):  
D/MOTO plugin( 9672): writing to socket 
D/MOTO plugin( 9672): NPP_New : Generic ActiveX Plugin Object created
E/MOTO plugin( 9672): ODAX ActiveX Object Allocate 
D/MOTO plugin( 9672):  sending message to NEON 0000000001000003NEW04000004ODAX05000001109000000
D/MOTO plugin( 9672):  
D/MOTO plugin( 9672): writing to socket 
D/MOTO plugin( 9672): NPP_New : ODAX ActiveX Plugin Object created
E/MOTO plugin( 9672): NoSIP ActiveX Object Allocate 
D/MOTO plugin( 9672):  sending message to NEON 0000000001000003NEW04000005NoSIP05000001209000000
D/MOTO plugin( 9672):  
D/MOTO plugin( 9672): writing to socket 
D/MOTO plugin( 9672): NPP_New : NoSIP ActiveX Plugin Object created
E/MOTO plugin( 9672): AirBEAMSmart ActiveX Object Allocate 
D/MOTO plugin( 9672):  sending message to NEON 0000000001000003NEW04000003ABS05000001309000000
D/MOTO plugin( 9672):  
D/MOTO plugin( 9672): writing to socket 
D/MOTO plugin( 9672): NPP_New : AirBeam ActiveX Plugin Object created
E/MOTO plugin( 9672): NarrowBand ActiveX Object Allocate 
D/MOTO plugin( 9672):  sending message to NEON 0000000001000003NEW04000003APD05000001409000000
D/MOTO plugin( 9672):  
D/MOTO plugin( 9672): writing to socket 
D/MOTO plugin( 9672): NPP_New : APD ActiveX Plugin Object created
D/ekioh   ( 9672): call void onPlatformThreadStarted
D/ekioh   ( 9672): evloop run
D/ekioh   ( 9672): MSG_SIZE_CHANGED
D/ekioh   ( 9672): set window size 480 x 762
D/ekioh   ( 9672): calling setScreen
I/APP     ( 9672): I 04/09/2013 09:19:28:643 000025d7              RhoRuby| require_compiled: rhomotoapi
I/ActivityManager( 1674): Displayed com.rhomobile.cardreadertest/com.rhomobile.rhodes.RhodesActivity: +2s73ms
I/APP     ( 9672): I 04/09/2013 09:19:28:659 000025d7              RhoRuby| require_compiled: rhoframework
V/InputMethodService( 1733): CALL: onStartInput
D/ekioh   ( 9672): onSetScrollBehaviourNative
D/ekioh   ( 9672): onSetHTTPProxyNative
D/ekioh   ( 9672): onSetHTTPSProxyNative
I/APP     ( 9672): I 04/09/2013 09:19:28:693 000025c8         EkiohWebView| onEngineStarted
I/APP     ( 9672): I 04/09/2013 09:19:28:694 000025c8 MotorolaStartEngineObserver| Ready
I/APP     ( 9672): I 04/09/2013 09:19:28:694 000025c8         AppActivated| Cannot commit now, application will be activated when started.
I/APP     ( 9672): I 04/09/2013 09:19:28:695 000025c8    RhodesApplication| New AppState: Undefined
D/ekioh   ( 9672): MSG_SET_SCROLLING_BEHAVIOUR
D/ekioh   ( 9672): keyboard visible 0
D/ekioh   ( 9672): MSG_SET_HTTP_PROXY
D/ekioh   ( 9672): keyboard visible 0
D/ekioh   ( 9672): MSG_SET_HTTPS_PROXY
