D/VoldCmdListener( 1585): share status ums
D/VoldCmdListener( 1585): share status ums
D/VoldCmdListener( 1585): share status ums
D/VoldCmdListener( 1585): share status ums
D/VoldCmdListener( 1585): share status ums
D/VoldCmdListener( 1585): share status ums
D/VoldCmdListener( 1585): share status ums
D/VoldCmdListener( 1585): share status ums
D/VoldCmdListener( 1585): share status ums
D/VoldCmdListener( 1585): share status ums
D/VoldCmdListener( 1585): share status ums
D/VoldCmdListener( 1585): share status ums
D/BatteryService( 1674): mLastBStat : 2 mBStat : 2 mLastHStat :2 mHStat 2 .. setledstatus true
D/VoldCmdListener( 1585): share status ums
D/VoldCmdListener( 1585): share status ums
D/VoldCmdListener( 1585): share status ums
D/VoldCmdListener( 1585): share status ums
D/VoldCmdListener( 1585): share status ums
D/VoldCmdListener( 1585): share status ums
D/VoldCmdListener( 1585): share status ums
D/VoldCmdListener( 1585): share status ums
D/VoldCmdListener( 1585): share status ums
D/VoldCmdListener( 1585): share status ums
D/VoldCmdListener( 1585): share status ums
D/VoldCmdListener( 1585): share status ums
D/VoldCmdListener( 1585): share status ums
D/VoldCmdListener( 1585): share status ums
D/VoldCmdListener( 1585): share status ums
W/InputManagerService( 1674): Window already focused, ignoring focus gain of: com.android.internal.view.IInputMethodClient$Stub$Proxy@4081be90
D/VoldCmdListener( 1585): share status ums
D/BatteryService( 1674): mLastBStat : 2 mBStat : 2 mLastHStat :2 mHStat 2 .. setledstatus true
D/BatteryService( 1674): mLastBStat : 2 mBStat : 2 mLastHStat :2 mHStat 2 .. setledstatus true
D/BatteryService( 1674): mLastBStat : 2 mBStat : 2 mLastHStat :2 mHStat 2 .. setledstatus true
D/BatteryService( 1674): mLastBStat : 2 mBStat : 2 mLastHStat :2 mHStat 2 .. setledstatus true
D/BatteryService( 1674): mLastBStat : 2 mBStat : 2 mLastHStat :2 mHStat 2 .. setledstatus true
D/BatteryService( 1674): mLastBStat : 2 mBStat : 2 mLastHStat :2 mHStat 2 .. setledstatus true
D/BatteryService( 1674): mLastBStat : 2 mBStat : 2 mLastHStat :2 mHStat 2 .. setledstatus true
D/BatteryService( 1674): mLastBStat : 2 mBStat : 2 mLastHStat :2 mHStat 2 .. setledstatus true
D/BatteryService( 1674): mLastBStat : 2 mBStat : 2 mLastHStat :2 mHStat 2 .. setledstatus true
D/BatteryService( 1674): mLastBStat : 2 mBStat : 2 mLastHStat :2 mHStat 2 .. setledstatus true
D/BatteryService( 1674): mLastBStat : 2 mBStat : 5 mLastHStat :2 mHStat 2 .. setledstatus true
W/ActivityManager( 1674): No content provider found for: 
W/ActivityManager( 1674): No content provider found for: 
I/ActivityManager( 1674): Force stopping package com.rhomobile.harish uid=10048
W/ActivityManager( 1674): Scheduling restart of crashed service com.rhomobile.harish/com.rhomobile.rhodes.RhodesService in 5000ms
W/ActivityManager( 1674): Scheduling restart of crashed service com.rhomobile.harish/com.motorolasolutions.rhoelements.services.LockService in 15000ms
I/ActivityManager( 1674):   Force finishing activity HistoryRecord{40523598 com.rhomobile.harish/com.rhomobile.rhodes.RhodesActivity}
I/ActivityManager( 1674):   Force stopping service ServiceRecord{40826b60 com.rhomobile.harish/com.rhomobile.rhodes.RhodesService}
I/WindowManager( 1674): WIN DEATH: Window{406916f8 com.rhomobile.harish/com.rhomobile.rhodes.RhodesActivity paused=true}
I/WindowManager( 1674): WIN DEATH: Window{4069f668 SurfaceView paused=false}
W/PackageManager( 1674): Package com.rhomobile.harish desires unavailable shared library com.motorolasolutions.adc.usbscanner; ignoring!
I/PackageManager( 1674): Package com.rhomobile.harish codePath changed from /data/app/com.rhomobile.harish-1.apk to /data/app/com.rhomobile.harish-2.apk; Retaining data and using new
I/PackageManager( 1674): Unpacking native libraries for /data/app/com.rhomobile.harish-2.apk
I/ActivityManager( 1674): Force stopping package com.rhomobile.harish uid=10048
W/PackageManager( 1674): Code path for pkg : com.rhomobile.harish changing from /data/app/com.rhomobile.harish-1.apk to /data/app/com.rhomobile.harish-2.apk
W/PackageManager( 1674): Resource path for pkg : com.rhomobile.harish changing from /data/app/com.rhomobile.harish-1.apk to /data/app/com.rhomobile.harish-2.apk
W/PackageManager( 1674): Unknown permission android.webkit.permission.PLUGIN in package com.rhomobile.harish
W/PackageManager( 1674): Unknown permission android.permission.ACCESS_GPS in package com.rhomobile.harish
W/PackageManager( 1674): Unknown permission android.permission.ACCESS_LOCATION in package com.rhomobile.harish
W/PackageManager( 1674): Not granting permission android.permission.MODIFY_PHONE_STATE to package com.rhomobile.harish (protectionLevel=3 flags=0x8be44)
I/ActivityManager( 1674): Force stopping package com.rhomobile.harish uid=10048
W/RecognitionManagerService( 1674): no available voice recognition services found
I/ActivityManager( 1674): Starting: Intent { act=android.intent.action.MAIN flg=0x10000000 cmp=com.rhomobile.harish/com.rhomobile.rhodes.RhodesActivity } from pid 8780
I/ActivityManager( 1674): Start proc com.rhomobile.harish for activity com.rhomobile.harish/com.rhomobile.rhodes.RhodesActivity: pid=8789 uid=10048 gids={3003, 1015, 1006, 3002, 3001}
W/ActivityManager( 1674): No content provider found for: 
D/BatteryService( 1674): mLastBStat : 5 mBStat : 5 mLastHStat :2 mHStat 2 .. setledstatus true
D/BatteryService( 1674): mLastBStat : 5 mBStat : 5 mLastHStat :2 mHStat 2 .. setledstatus true
D/BatteryService( 1674): mLastBStat : 5 mBStat : 5 mLastHStat :2 mHStat 2 .. setledstatus true
W/ActivityManager( 1674): No content provider found for: 
W/ActivityManager( 1674): No content provider found for: 
I/ActivityManager( 1674): Force stopping package com.rhomobile.harish uid=10048
W/ActivityManager( 1674): Scheduling restart of crashed service com.rhomobile.harish/com.motorolasolutions.rhoelements.services.LockService in 5000ms
W/ActivityManager( 1674): Scheduling restart of crashed service com.rhomobile.harish/com.rhomobile.rhodes.RhodesService in 5000ms
I/ActivityManager( 1674):   Force stopping service ServiceRecord{40899278 com.rhomobile.harish/com.rhomobile.rhodes.RhodesService}
I/WindowManager( 1674): WIN DEATH: Window{4069f668 com.rhomobile.harish/com.rhomobile.rhodes.RhodesActivity paused=false}
I/WindowManager( 1674): WIN DEATH: Window{406705c0 SurfaceView paused=false}
W/PackageManager( 1674): Package com.rhomobile.harish desires unavailable shared library com.motorolasolutions.adc.usbscanner; ignoring!
I/PackageManager( 1674): Package com.rhomobile.harish codePath changed from /data/app/com.rhomobile.harish-2.apk to /data/app/com.rhomobile.harish-1.apk; Retaining data and using new
I/PackageManager( 1674): Unpacking native libraries for /data/app/com.rhomobile.harish-1.apk
I/ActivityManager( 1674): Force stopping package com.rhomobile.harish uid=10048
W/PackageManager( 1674): Code path for pkg : com.rhomobile.harish changing from /data/app/com.rhomobile.harish-2.apk to /data/app/com.rhomobile.harish-1.apk
W/PackageManager( 1674): Resource path for pkg : com.rhomobile.harish changing from /data/app/com.rhomobile.harish-2.apk to /data/app/com.rhomobile.harish-1.apk
W/PackageManager( 1674): Unknown permission android.webkit.permission.PLUGIN in package com.rhomobile.harish
W/PackageManager( 1674): Unknown permission android.permission.ACCESS_GPS in package com.rhomobile.harish
W/PackageManager( 1674): Unknown permission android.permission.ACCESS_LOCATION in package com.rhomobile.harish
W/PackageManager( 1674): Not granting permission android.permission.MODIFY_PHONE_STATE to package com.rhomobile.harish (protectionLevel=3 flags=0x8be44)
I/ActivityManager( 1674): Force stopping package com.rhomobile.harish uid=10048
W/RecognitionManagerService( 1674): no available voice recognition services found
I/ActivityManager( 1674): Starting: Intent { act=android.intent.action.MAIN flg=0x10000000 cmp=com.rhomobile.harish/com.rhomobile.rhodes.RhodesActivity } from pid 9179
I/ActivityManager( 1674): Start proc com.rhomobile.harish for activity com.rhomobile.harish/com.rhomobile.rhodes.RhodesActivity: pid=9187 uid=10048 gids={3003, 1015, 1006, 3002, 3001}
W/ActivityManager( 1674): No content provider found for: 
--------- beginning of /dev/log/main
D/ekioh   ( 9187): cached method ID for 0=onAuthRequired
D/dalvikvm( 9187): GetMethodID: method not found: Lcom/ekioh/neon/NeonEkiohView;.onInputMethod:(ZLjava/lang/String;IIII)V
D/ekioh   ( 9187): cached method ID for 1=onInputMethod
D/dalvikvm( 9187): GetMethodID: method not found: Lcom/ekioh/neon/NeonEkiohView;.onAlert:(Ljava/lang/String;)Z
D/ekioh   ( 9187): cached method ID for 2=onAlert
D/dalvikvm( 9187): GetMethodID: method not found: Lcom/ekioh/neon/NeonEkiohView;.onConfirm:(Ljava/lang/String;)Z
D/ekioh   ( 9187): cached method ID for 3=onConfirm
D/dalvikvm( 9187): GetMethodID: method not found: Lcom/ekioh/neon/NeonEkiohView;.onPrompt:(Ljava/lang/String;Ljava/lang/String;)Ljava/lang/String;
D/ekioh   ( 9187): cached method ID for 4=onPrompt
D/dalvikvm( 9187): GetMethodID: method not found: Lcom/ekioh/neon/NeonEkiohView;.onLoadEnd:(Ljava/lang/String;JJ)V
D/ekioh   ( 9187): cached method ID for 5=onLoadEnd
D/dalvikvm( 9187): GetMethodID: method not found: Lcom/ekioh/neon/NeonEkiohView;.onLoadError:()V
D/ekioh   ( 9187): cached method ID for 6=onLoadError
D/dalvikvm( 9187): GetMethodID: method not found: Lcom/ekioh/neon/NeonEkiohView;.onLoadProgress:(JJ)V
D/ekioh   ( 9187): cached method ID for 7=onLoadProgress
D/dalvikvm( 9187): GetMethodID: method not found: Lcom/ekioh/neon/NeonEkiohView;.onLoadStart:(Ljava/lang/String;JJ)V
D/ekioh   ( 9187): cached method ID for 8=onLoadStart
D/dalvikvm( 9187): GetMethodID: method not found: Lcom/ekioh/neon/NeonEkiohView;.onGetCachedLocation:()Lcom/ekioh/engine/EkiohLocation;
D/ekioh   ( 9187): cached method ID for 9=onGetCachedLocation
D/dalvikvm( 9187): GetMethodID: method not found: Lcom/ekioh/neon/NeonEkiohView;.onStartLocationUpdates:(Z)V
D/ekioh   ( 9187): cached method ID for 10=onStartLocationUpdates
D/dalvikvm( 9187): GetMethodID: method not found: Lcom/ekioh/neon/NeonEkiohView;.onStopLocationUpdates:()V
D/ekioh   ( 9187): cached method ID for 11=onStopLocationUpdates
D/dalvikvm( 9187): GetMethodID: method not found: Lcom/ekioh/neon/NeonEkiohView;.onMediaPlay:(Ljava/lang/String;)V
D/ekioh   ( 9187): cached method ID for 12=onMediaPlay
D/dalvikvm( 9187): GetMethodID: method not found: Lcom/ekioh/neon/NeonEkiohView;.onMeta:(Ljava/lang/String;Ljava/lang/String;II)V
D/ekioh   ( 9187): cached method ID for 13=onMeta
D/dalvikvm( 9187): GetMethodID: method not found: Lcom/ekioh/neon/NeonEkiohView;.onMetaEnd:()V
D/ekioh   ( 9187): cached method ID for 14=onMetaEnd
D/dalvikvm( 9187): GetMethodID: method not found: Lcom/ekioh/neon/NeonEkiohView;.onMoveReady:()V
D/ekioh   ( 9187): cached method ID for 15=onMoveReady
D/dalvikvm( 9187): GetMethodID: method not found: Lcom/ekioh/neon/NeonEkiohView;.onPlatformThreadStarted:()V
D/ekioh   ( 9187): cached method ID for 16=onPlatformThreadStarted
D/dalvikvm( 9187): GetMethodID: method not found: Lcom/ekioh/neon/NeonEkiohView;.onSelect:([Ljava/lang/String;I)I
D/ekioh   ( 9187): cached method ID for 17=onSelect
D/dalvikvm( 9187): GetMethodID: method not found: Lcom/ekioh/neon/NeonEkiohView;.onStatus:(Ljava/lang/String;)Z
D/ekioh   ( 9187): cached method ID for 18=onStatus
D/dalvikvm( 9187): GetMethodID: method not found: Lcom/ekioh/neon/NeonEkiohView;.onTitle:(Ljava/lang/String;)Z
D/ekioh   ( 9187): cached method ID for 19=onTitle
D/dalvikvm( 9187): GetMethodID: method not found: Lcom/ekioh/neon/NeonEkiohView;.onConsole:(Ljava/lang/String;)Z
D/ekioh   ( 9187): cached method ID for 20=onConsole
D/ekioh   ( 9187): loadFile ekioh.cfg returns 0
D/ekioh   ( 9187): loadFile ekioh.cfg returns 0
D/ekioh   ( 9187): /system/fonts
D/ekioh   ( 9187): loadFile file:///mnt/sdcard/Android/data/com.rhomobile.harish/cookies.db returns 0
D/ekioh   ( 9187): waiting for write fd
I/ekioh   ( 9187): platform initialise Ekioh v2.2.5.2 (Jan 18 2013) r10325
D/ekioh   ( 9187): create view width 720 height 576
D/ekioh   ( 9187): /data/data/com.rhomobile.harish/lib
D/MOTO plugin( 9187): NP_GetValue 1 
D/MOTO plugin( 9187): NP_GetValue 2 
D/MOTO plugin( 9187): Plugin
D/MOTO plugin( 9187): Socket connected to port 50100 
D/MOTO plugin( 9187): mpm Object Allocate 
D/MOTO plugin( 9187): addressBar Object Allocate 
D/MOTO plugin( 9187): alarm Object Allocate 
D/MOTO plugin( 9187): application Object Allocate 
D/MOTO plugin( 9187): appSwitcher Object Allocate 
D/MOTO plugin( 9187): audioCapture Object Allocate 
D/MOTO plugin( 9187): backButton Object Allocate 
D/MOTO plugin( 9187): backlight Object Allocate 
D/MOTO plugin( 9187): battery Object Allocate 
D/MOTO plugin( 9187): bottomCommandArea Object Allocate 
D/MOTO plugin( 9187): cardReader Object Allocate 
D/MOTO plugin( 9187): comm Object Allocate 
D/MOTO plugin( 9187): cradle Object Allocate 
D/MOTO plugin( 9187): device Object Allocate 
D/MOTO plugin( 9187): eink Object Allocate 
D/MOTO plugin( 9187): emmlProfile Object Allocate 
D/MOTO plugin( 9187): fileTransfer Object Allocate 
D/MOTO plugin( 9187): forwardButton Object Allocate 
D/MOTO plugin( 9187): gesture Object Allocate 
D/MOTO plugin( 9187): goButton Object Allocate 
D/MOTO plugin( 9187): homeButton Object Allocate 
D/MOTO plugin( 9187): hourglass Object Allocate 
D/MOTO plugin( 9187): imager Object Allocate 
D/MOTO plugin( 9187): ioAnalog Object Allocate 
D/MOTO plugin( 9187): ioDigital Object Allocate 
D/MOTO plugin( 9187): ioSystem Object Allocate 
D/MOTO plugin( 9187): keyCapture Object Allocate 
D/MOTO plugin( 9187): keylight Object Allocate 
D/MOTO plugin( 9187): keyState Object Allocate 
D/MOTO plugin( 9187): lightsensor Object Allocate 
D/MOTO plugin( 9187): mediaPlayer Object Allocate 
D/MOTO plugin( 9187): memory Object Allocate 
D/MOTO plugin( 9187): minimizeButton Object Allocate 
D/MOTO plugin( 9187): network Object Allocate 
D/MOTO plugin( 9187): notification Object Allocate 
D/MOTO plugin( 9187): zoomInPageButton Object Allocate 
D/MOTO plugin( 9187): zoomOutPageButton Object Allocate 
D/MOTO plugin( 9187): powerOn Object Allocate 
D/MOTO plugin( 9187): push Object Allocate 
D/MOTO plugin( 9187): quitButton Object Allocate 
D/MOTO plugin( 9187): RawSensors Object Allocate 
D/MOTO plugin( 9187): reboot Object Allocate 
D/MOTO plugin( 9187): registry Object Allocate 
D/MOTO plugin( 9187): reloadButton Object Allocate 
D/MOTO plugin( 9187): rfid Object Allocate 
D/MOTO plugin( 9187): rsm Object Allocate 
D/MOTO plugin( 9187): scanner Object Allocate 
D/MOTO plugin( 9187): screenOrientation Object Allocate 
D/MOTO plugin( 9187): signal Object Allocate 
D/MOTO plugin( 9187): signatureCapture Object Allocate 
D/MOTO plugin( 9187): sip Object Allocate 
D/MOTO plugin( 9187): sipButton Object Allocate 
D/MOTO plugin( 9187): sntp Object Allocate 
D/MOTO plugin( 9187): stopButton Object Allocate 
D/MOTO plugin( 9187): stylus Object Allocate 
D/MOTO plugin( 9187): systemTime Object Allocate 
D/MOTO plugin( 9187): telemetry Object Allocate 
D/MOTO plugin( 9187): timer Object Allocate 
D/MOTO plugin( 9187): topCommandArea Object Allocate 
D/MOTO plugin( 9187): videoCapture Object Allocate 
D/MOTO plugin( 9187): volume Object Allocate 
D/MOTO plugin( 9187): wake Object Allocate 
D/MOTO plugin( 9187): wlan Object Allocate 
D/MOTO plugin( 9187): zoom Object Allocate 
D/MOTO plugin( 9187): zoomTextButton Object Allocate 
D/MOTO plugin( 9187): NPP_New : jsobjects Plugin Object created
D/MOTO plugin( 9187): ActiveX Object Allocate 
D/MOTO plugin( 9187): ActiveXObject created
E/MOTO plugin( 9187): Generic ActiveX Object Allocate 
D/MOTO plugin( 9187):  sending message to NEON 0000000001000003NEW04000007Generic05000001009000000
D/MOTO plugin( 9187):  
D/MOTO plugin( 9187): writing to socket 
D/MOTO plugin( 9187): NPP_New : Generic ActiveX Plugin Object created
E/MOTO plugin( 9187): ODAX ActiveX Object Allocate 
D/MOTO plugin( 9187):  sending message to NEON 0000000001000003NEW04000004ODAX05000001109000000
D/MOTO plugin( 9187):  
D/MOTO plugin( 9187): writing to socket 
D/MOTO plugin( 9187): NPP_New : ODAX ActiveX Plugin Object created
E/MOTO plugin( 9187): NoSIP ActiveX Object Allocate 
D/MOTO plugin( 9187):  sending message to NEON 0000000001000003NEW04000005NoSIP05000001209000000
D/MOTO plugin( 9187):  
D/MOTO plugin( 9187): writing to socket 
D/MOTO plugin( 9187): NPP_New : NoSIP ActiveX Plugin Object created
E/MOTO plugin( 9187): AirBEAMSmart ActiveX Object Allocate 
D/MOTO plugin( 9187):  sending message to NEON 0000000001000003NEW04000003ABS05000001309000000
D/MOTO plugin( 9187):  
D/MOTO plugin( 9187): writing to socket 
D/MOTO plugin( 9187): NPP_New : AirBeam ActiveX Plugin Object created
E/MOTO plugin( 9187): NarrowBand ActiveX Object Allocate 
D/MOTO plugin( 9187):  sending message to NEON 0000000001000003NEW04000003APD05000001409000000
D/MOTO plugin( 9187):  
D/MOTO plugin( 9187): writing to socket 
D/MOTO plugin( 9187): NPP_New : APD ActiveX Plugin Object created
D/ekioh   ( 9187): call void onPlatformThreadStarted
D/ekioh   ( 9187): evloop run
D/ekioh   ( 9187): MSG_SIZE_CHANGED
D/ekioh   ( 9187): set window size 480 x 724
D/ekioh   ( 9187): calling setScreen
D/dalvikvm( 9187): GC_CONCURRENT freed 886K, 49% free 3507K/6855K, external 3692K/4611K, paused 2ms+4ms
D/webviewglue( 9187): nativeDestroy view: 0x2cb5e0
I/ActivityManager( 1674): Displayed com.rhomobile.harish/com.rhomobile.rhodes.RhodesActivity: +1s484ms
V/InputMethodService( 1733): CALL: onStartInput
D/ekioh   ( 9187): onSetScrollBehaviourNative
D/ekioh   ( 9187): MSG_SET_SCROLLING_BEHAVIOUR
D/ekioh   ( 9187): onSetHTTPProxyNative
D/ekioh   ( 9187): MSG_SET_HTTP_PROXY
D/ekioh   ( 9187): onSetHTTPSProxyNative
D/ekioh   ( 9187): MSG_SET_HTTPS_PROXY
I/APP     ( 9187): I 04/09/2013 09:02:28:345 000023e3         EkiohWebView| onEngineStarted
I/APP     ( 9187): I 04/09/2013 09:02:28:345 000023e3 MotorolaStartEngineObserver| Ready
I/APP     ( 9187): I 04/09/2013 09:02:28:345 000023e3         AppActivated| Cannot commit now, application will be activated when started.
I/APP     ( 9187): I 04/09/2013 09:02:28:346 000023e3    RhodesApplication| New AppState: Undefined
D/ekioh   ( 9187): keyboard visible 0
D/ekioh   ( 9187): MSG_KEYBOARD_VISIBLE 0 - 480x762
I/APP     ( 9187): I 04/09/2013 09:02:28:384 000023f2              RhoRuby| require_compiled: rhomotoapi
I/APP     ( 9187): I 04/09/2013 09:02:28:391 000023f2              RhoRuby| require_compiled: rhoframework
I/APP     ( 9187): I 04/09/2013 09:02:28:396 000023f2              RhoRuby| require_compiled: rational
I/APP     ( 9187): I 04/09/2013 09:02:28:398 000023f2              RhoRuby| require_compiled: rhom/rhom_object
I/APP     ( 9187): I 04/09/2013 09:02:28:401 000023f2              RhoRuby| require_compiled: rhofsconnector
I/APP     ( 9187): I 04/09/2013 09:02:28:402 000023f2              RhoRuby| require_compiled: rho/rhofsconnector
I/APP     ( 9187): I 04/09/2013 09:02:28:408 000023f2              RhoRuby| require_compiled: json
I/APP     ( 9187): I 04/09/2013 09:02:28:409 000023f2              RhoRuby| require_compiled: json/common
I/APP     ( 9187): I 04/09/2013 09:02:28:418 000023f2              RhoRuby| require_compiled: json/version
I/APP     ( 9187): I 04/09/2013 09:02:28:422 000023f2              RhoRuby| require_compiled: json/pure
I/APP     ( 9187): I 04/09/2013 09:02:28:427 000023f2              RhoRuby| require_compiled: json/pure/generator
I/APP     ( 9187): I 04/09/2013 09:02:28:445 000023f2              RhoRuby| require_compiled: rhom/rhom_object_factory
D/szipinf ( 9187): Initializing inflate state
D/szipinf ( 9187): Initializing zlib to inflate
I/APP     ( 9187): I 04/09/2013 09:02:28:501 000023f2              RhoRuby| require_compiled: rhom/rhom
I/APP     ( 9187): I 04/09/2013 09:02:28:511 000023f2              RhoRuby| require_compiled: rhom/rhom_model
I/APP     ( 9187): I 04/09/2013 09:02:28:519 000023f2              RhoRuby| require_compiled: rhom
I/APP     ( 9187): I 04/09/2013 09:02:28:520 000023f2              RhoRuby| require_compiled: rho/rhoapplication
I/APP     ( 9187): I 04/09/2013 09:02:28:532 000023f2              RhoRuby| require_compiled: rholang/localization_simplified
I/APP     ( 9187): I 04/09/2013 09:02:28:542 000023f2              RhoRuby| require_compiled: rho/rhomsg
I/APP     ( 9187): I 04/09/2013 09:02:28:543 000023f2              RhoRuby| require_compiled: rho/rhotabbar
I/APP     ( 9187): I 04/09/2013 09:02:28:546 000023f2              RhoRuby| require_compiled: rho/rhotoolbar
I/APP     ( 9187): I 04/09/2013 09:02:28:548 000023f2                  APP| Current locale: ; Country code: 
I/APP     ( 9187): I 04/09/2013 09:02:28:549 000023f2                  APP| Locilized file: /data/data/com.rhomobile.harish/rhodata/lib/rholang/lang_
I/APP     ( 9187): I 04/09/2013 09:02:28:549 000023f2              RhoRuby| require_compiled: /data/data/com.rhomobile.harish/rhodata/lib/rholang/lang_en
I/APP     ( 9187): I 04/09/2013 09:02:28:552 000023f2                  APP| Locilized file: /data/data/com.rhomobile.harish/rhodata/apps/app/lang/lang_
I/APP     ( 9187): I 04/09/2013 09:02:28:553 000023f2                  APP| Locilized file: /data/data/com.rhomobile.harish/rhodata/lib/rholang/rhoerror_
I/APP     ( 9187): I 04/09/2013 09:02:28:553 000023f2              RhoRuby| require_compiled: /data/data/com.rhomobile.harish/rhodata/lib/rholang/rhoerror_en
I/APP     ( 9187): I 04/09/2013 09:02:28:556 000023f2                  APP| Locilized file: /data/data/com.rhomobile.harish/rhodata/lib/rholang/rhomsg_
I/APP     ( 9187): I 04/09/2013 09:02:28:556 000023f2              RhoRuby| require_compiled: /data/data/com.rhomobile.harish/rhodata/lib/rholang/rhomsg_en
I/APP     ( 9187): I 04/09/2013 09:02:28:558 000023f2              RhoRuby| require_compiled: indifferent_access
I/APP     ( 9187): I 04/09/2013 09:02:28:565 000023f2              RhoRuby| require_compiled: rho/rhosupport
I/APP     ( 9187): I 04/09/2013 09:02:28:575 000023f2              RhoRuby| require_compiled: rho/rhocontroller
I/APP     ( 9187): I 04/09/2013 09:02:28:582 000023f2              RhoRuby| require_compiled: rho/render
I/APP     ( 9187): I 04/09/2013 09:02:28:597 000023f2              RhoRuby| require_compiled: rho/rho
D/szipinf ( 9187): Initializing inflate state
D/szipinf ( 9187): Initializing zlib to inflate
I/APP     ( 9187): I 04/09/2013 09:02:28:644 000023f2              RhoRuby| require_compiled: rho/rhoerror
I/APP     ( 9187): I 04/09/2013 09:02:28:647 000023f2              RhoRuby| require_compiled: rhom/rhom_source
I/APP     ( 9187): I 04/09/2013 09:02:28:652 000023f2              RhoRuby| require_compiled: rhodes
I/APP     ( 9187): I 04/09/2013 09:02:28:656 000023f2                  APP| Looking for RhoConnectClient
I/APP     ( 9187): I 04/09/2013 09:02:28:656 000023f2                  APP| RhoConnectClient not found ( #<NameError: uninitialized constant Rho::RhoConnectClient> ). Defining stub module
I/APP     ( 9187): I 04/09/2013 09:02:28:658 000023f2              RhoRuby| require_compiled: rho/rhoviewhelpers
I/APP     ( 9187): I 04/09/2013 09:02:28:665 000023f2              RhoRuby| require_compiled: rho
I/APP     ( 9187): I 04/09/2013 09:02:28:666 000023f2                  APP| RHO loaded
I/APP     ( 9187): I 04/09/2013 09:02:28:666 000023f2                  APP| Calling RHO.initialize
I/APP     ( 9187): I 04/09/2013 09:02:28:666 000023f2                  APP| model file: CardReaderModel/card_reader_model
I/APP     ( 9187): I 04/09/2013 09:02:28:667 000023f2                   DB| Open DB: /data/data/com.rhomobile.harish/rhodata/db/syncdbuser.sqlite
I/APP     ( 9187): I 04/09/2013 09:02:28:668 000023f2          GeoLocation| Creating singleton instance.
I/APP     ( 9187): I 04/09/2013 09:02:28:668 000023f2            RhodesApp| RhoRubyInitApp...
I/APP     ( 9187): I 04/09/2013 09:02:28:668 000023f2                  APP| init_app
I/APP     ( 9187): I 04/09/2013 09:02:28:709 000023f2              RhoRuby| require_compiled: application
I/APP     ( 9187): I 04/09/2013 09:02:28:714 000023f2           HttpServer| Start HTTP server
I/APP     ( 9187): I 04/09/2013 09:02:28:714 000023f2           HttpServer| Listen for connections on port 60342
I/APP     ( 9187): I 04/09/2013 09:02:28:714 000023f2         AppCallbacks| addCommand: LOCAL-SERVER-STARTED
I/APP     ( 9187): I 04/09/2013 09:02:28:714 000023ed         AppCallbacks| process command: LOCAL-SERVER-STARTED
I/APP     ( 9187): I 04/09/2013 09:02:28:714 000023ed RhodesAppActiveObserver| Ready
I/APP     ( 9187): I 04/09/2013 09:02:28:716 000023ed    RhodesApplication| New AppState: AppActivated
I/APP     ( 9187): I 04/09/2013 09:02:28:716 000023ed         AppCallbacks| process command: UI-CREATED
I/APP     ( 9187): I 04/09/2013 09:02:28:719 000023f2           HttpServer| Process URI: '/system/uicreated'
I/APP     ( 9187): I 04/09/2013 09:02:28:720 000023f2                  APP| on_ui_created.navigate to start url: '/app'
I/APP     ( 9187): I 04/09/2013 09:02:28:722 000023e3       SimpleMainView| Cleared URL: http://localhost:60342/app
I/APP     ( 9187): I 04/09/2013 09:02:28:723 000023ed         AppCallbacks| process command: APP-ACTIVATED
I/EkiohView( 9187): loadUrl http://localhost:60342/app flags 0
D/ekioh   ( 9187): onLoadUrlNative
D/ekioh   ( 9187): MSG_LOAD_URL
D/ekioh   ( 9187): call void onLoadStart
I/APP     ( 9187): I 04/09/2013 09:02:28:725 000023f2           HttpServer| Process URI: '/system/activateapp'
I/EkiohView( 9187): onLoadStart 0/0 http://localhost:60342/app
I/APP     ( 9187): I 04/09/2013 09:02:28:727 000023ed         AppCallbacks| ThreadQueue blocked for 4294967295 seconds...
I/APP     ( 9187): I 04/09/2013 09:02:28:737 000023f2           HttpServer| Process URI: '/app'
I/APP     ( 9187): I 04/09/2013 09:02:28:760 000023f2           HttpServer| Process URI: '/app/index_erb.iseq'
I/APP     ( 9187): I 04/09/2013 09:02:28:763 000023f2                  APP| RHO serve_index: /app/index_erb.iseq
I/APP     ( 9187): I 04/09/2013 09:02:28:764 000023f2 RHO Rho::RhoController| inst_render_index
I/APP     ( 9187): I 04/09/2013 09:02:28:767 000023f2 RHO Rho::RhoController| index layout
V/InputMethodService( 1733): CALL: onStartInput
D/MOTO plugin( 9187): NPP_Destroy 
D/MOTO plugin( 9187): NPP_Destroy 
D/MOTO plugin( 9187): ActiveXObject released and destroyed
D/MOTO plugin( 9187): Releasing Generic object
D/MOTO plugin( 9187): NPP_Destroy 
D/MOTO plugin( 9187): Releasing ODAX object
D/MOTO plugin( 9187): NPP_Destroy 
D/MOTO plugin( 9187): Releasing nosip object
D/MOTO plugin( 9187): NPP_Destroy 
D/MOTO plugin( 9187): Releasing AIRBEAM object
D/MOTO plugin( 9187): NPP_Destroy 
D/MOTO plugin( 9187): Releasing apd object
I/APP     ( 9187): E 04/09/2013 09:02:28:785 000023ec com.motorolasolutions.rhoelements.npapi.NPAPIServer$ServerThread run| Connection broken
D/MOTO plugin( 9187): Socket connected to port 50100 
D/MOTO plugin( 9187): mpm Object Allocate 
D/MOTO plugin( 9187): addressBar Object Allocate 
D/MOTO plugin( 9187): alarm Object Allocate 
D/MOTO plugin( 9187): application Object Allocate 
D/MOTO plugin( 9187): appSwitcher Object Allocate 
D/MOTO plugin( 9187): audioCapture Object Allocate 
D/MOTO plugin( 9187): backButton Object Allocate 
D/MOTO plugin( 9187): backlight Object Allocate 
D/MOTO plugin( 9187): battery Object Allocate 
D/MOTO plugin( 9187): bottomCommandArea Object Allocate 
D/MOTO plugin( 9187): cardReader Object Allocate 
D/MOTO plugin( 9187): comm Object Allocate 
D/MOTO plugin( 9187): cradle Object Allocate 
D/MOTO plugin( 9187): device Object Allocate 
D/MOTO plugin( 9187): eink Object Allocate 
D/MOTO plugin( 9187): emmlProfile Object Allocate 
D/MOTO plugin( 9187): fileTransfer Object Allocate 
D/MOTO plugin( 9187): forwardButton Object Allocate 
D/MOTO plugin( 9187): gesture Object Allocate 
D/MOTO plugin( 9187): goButton Object Allocate 
D/MOTO plugin( 9187): homeButton Object Allocate 
D/MOTO plugin( 9187): hourglass Object Allocate 
D/MOTO plugin( 9187): imager Object Allocate 
D/MOTO plugin( 9187): ioAnalog Object Allocate 
D/MOTO plugin( 9187): ioDigital Object Allocate 
D/MOTO plugin( 9187): ioSystem Object Allocate 
D/MOTO plugin( 9187): keyCapture Object Allocate 
D/MOTO plugin( 9187): keylight Object Allocate 
D/MOTO plugin( 9187): keyState Object Allocate 
D/MOTO plugin( 9187): lightsensor Object Allocate 
D/MOTO plugin( 9187): mediaPlayer Object Allocate 
D/MOTO plugin( 9187): memory Object Allocate 
D/MOTO plugin( 9187): minimizeButton Object Allocate 
D/MOTO plugin( 9187): network Object Allocate 
D/MOTO plugin( 9187): notification Object Allocate 
D/MOTO plugin( 9187): zoomInPageButton Object Allocate 
D/MOTO plugin( 9187): zoomOutPageButton Object Allocate 
D/MOTO plugin( 9187): powerOn Object Allocate 
D/MOTO plugin( 9187): push Object Allocate 
D/MOTO plugin( 9187): quitButton Object Allocate 
D/MOTO plugin( 9187): RawSensors Object Allocate 
D/MOTO plugin( 9187): reboot Object Allocate 
D/MOTO plugin( 9187): registry Object Allocate 
D/MOTO plugin( 9187): reloadButton Object Allocate 
D/MOTO plugin( 9187): rfid Object Allocate 
D/MOTO plugin( 9187): rsm Object Allocate 
D/MOTO plugin( 9187): scanner Object Allocate 
D/MOTO plugin( 9187): screenOrientation Object Allocate 
D/MOTO plugin( 9187): signal Object Allocate 
D/MOTO plugin( 9187): signatureCapture Object Allocate 
D/MOTO plugin( 9187): sip Object Allocate 
D/MOTO plugin( 9187): sipButton Object Allocate 
D/MOTO plugin( 9187): sntp Object Allocate 
D/MOTO plugin( 9187): stopButton Object Allocate 
D/MOTO plugin( 9187): stylus Object Allocate 
D/MOTO plugin( 9187): systemTime Object Allocate 
D/MOTO plugin( 9187): telemetry Object Allocate 
D/MOTO plugin( 9187): timer Object Allocate 
D/MOTO plugin( 9187): topCommandArea Object Allocate 
D/MOTO plugin( 9187): videoCapture Object Allocate 
I/APP     ( 9187): I 04/09/2013 09:02:28:795 000023f2           HttpServer| GC Start.
D/MOTO plugin( 9187): volume Object Allocate 
D/MOTO plugin( 9187): wake Object Allocate 
D/MOTO plugin( 9187): wlan Object Allocate 
D/MOTO plugin( 9187): zoom Object Allocate 
D/MOTO plugin( 9187): zoomTextButton Object Allocate 
D/MOTO plugin( 9187): NPP_New : jsobjects Plugin Object created
D/MOTO plugin( 9187): ActiveX Object Allocate 
D/MOTO plugin( 9187): ActiveXObject created
E/MOTO plugin( 9187): Generic ActiveX Object Allocate 
D/MOTO plugin( 9187):  sending message to NEON 0000000001000003NEW04000007Generic05000001509000000
D/MOTO plugin( 9187):  
D/MOTO plugin( 9187): writing to socket 
D/MOTO plugin( 9187): NPP_New : Generic ActiveX Plugin Object created
E/MOTO plugin( 9187): ODAX ActiveX Object Allocate 
D/MOTO plugin( 9187):  sending message to NEON 0000000001000003NEW04000004ODAX05000001609000000
D/MOTO plugin( 9187):  
D/MOTO plugin( 9187): writing to socket 
D/MOTO plugin( 9187): NPP_New : ODAX ActiveX Plugin Object created
E/MOTO plugin( 9187): NoSIP ActiveX Object Allocate 
D/MOTO plugin( 9187):  sending message to NEON 0000000001000003NEW04000005NoSIP05000001709000000
D/MOTO plugin( 9187):  
D/MOTO plugin( 9187): writing to socket 
D/MOTO plugin( 9187): NPP_New : NoSIP ActiveX Plugin Object created
E/MOTO plugin( 9187): AirBEAMSmart ActiveX Object Allocate 
D/MOTO plugin( 9187):  sending message to NEON 0000000001000003NEW04000003ABS05000001809000000
D/MOTO plugin( 9187):  
D/MOTO plugin( 9187): writing to socket 
D/MOTO plugin( 9187): NPP_New : AirBeam ActiveX Plugin Object created
E/MOTO plugin( 9187): NarrowBand ActiveX Object Allocate 
D/MOTO plugin( 9187):  sending message to NEON 0000000001000003NEW04000003APD05000001909000000
D/MOTO plugin( 9187):  
D/MOTO plugin( 9187): writing to socket 
D/MOTO plugin( 9187): NPP_New : APD ActiveX Plugin Object created
I/APP     ( 9187): I 04/09/2013 09:02:28:824 000023f2           HttpServer| GC End.
D/ekioh   ( 9187): call boolean onTitle
D/ekioh   ( 9187): call void onLoadProgress
I/EkiohView( 9187): onLoadProgress 2787/2787
I/APP     ( 9187): W 04/09/2013 09:02:28:841 000023e3 LicenseHybridExtension| Application license token invalid or does not match RhoElements version
D/ekioh   ( 9187): keyboard visible 0
D/ekioh   ( 9187): MSG_KEYBOARD_VISIBLE 0 - 480x762
I/APP     ( 9187): I 04/09/2013 09:02:28:847 000023f2           HttpServer| Process URI: '/public/jquery/jquery-1.6.4.min.js'
D/szipinf ( 9187): Initializing inflate state
D/szipinf ( 9187): Initializing zlib to inflate
D/ekioh   ( 9187): call void onLoadProgress
I/EkiohView( 9187): onLoadProgress 18984/94456
D/ekioh   ( 9187): call void onLoadProgress
I/EkiohView( 9187): onLoadProgress 35368/94456
D/ekioh   ( 9187): call void onLoadProgress
I/EkiohView( 9187): onLoadProgress 51752/94456
D/ekioh   ( 9187): call void onLoadProgress
I/EkiohView( 9187): onLoadProgress 68136/94456
I/APP     ( 9187): I 04/09/2013 09:02:28:857 000023f2           HttpServer| Process URI: '/public/jquery/jquery.json-2.3.min.js'
I/APP     ( 9187): I 04/09/2013 09:02:28:858 000023e3 LicenseHybridExtension| Init device license now
D/ekioh   ( 9187): call void onLoadProgress
I/EkiohView( 9187): onLoadProgress 86884/96633
D/ekioh   ( 9187): call void onLoadProgress
I/EkiohView( 9187): onLoadProgress 96633/96633
I/APP     ( 9187): I 04/09/2013 09:02:28:863 000023f2           HttpServer| Process URI: '/public/jqmobile/jquery.mobile-1.0.1.min.css'
I/APP     ( 9187): I 04/09/2013 09:02:28:872 000023f2           HttpServer| Process URI: '/public/css/jqmobile-patch.css'
D/dalvikvm( 9187): GC_EXTERNAL_ALLOC freed 727K, 47% free 3660K/6855K, external 4139K/4140K, paused 39ms
D/ekioh   ( 9187): call void onLoadProgress
I/EkiohView( 9187): onLoadProgress 98542/98542
D/ekioh   ( 9187): call void onLoadProgress
I/EkiohView( 9187): onLoadProgress 114746/148322
D/ekioh   ( 9187): call void onLoadProgress
I/EkiohView( 9187): onLoadProgress 131130/148322
D/ekioh   ( 9187): call void onLoadProgress
I/EkiohView( 9187): onLoadProgress 147514/148322
I/EkiohView( 9187): onSizeChanged oldw:480 oldh:724 w:480 h:652
D/ekioh   ( 9187): onSizeChangedNative
I/EkiohView( 9187): surfaceChanged format 1 size 480x652
D/ekioh   ( 9187): onSizeChangedNative
D/ekioh   ( 9187): keyboard visible 0
D/ekioh   ( 9187): MSG_SIZE_CHANGED
D/ekioh   ( 9187): set window size 480 x 652
D/ekioh   ( 9187): calling setScreen
D/ekioh   ( 9187): MSG_SIZE_CHANGED
D/ekioh   ( 9187): set window size 480 x 652
D/ekioh   ( 9187): calling setScreen
D/ekioh   ( 9187): MSG_KEYBOARD_VISIBLE 0 - 480x762
I/APP     ( 9187): I 04/09/2013 09:02:29:161 000023f2           HttpServer| Process URI: '/public/css/android.css'
I/APP     ( 9187): I 04/09/2013 09:02:29:163 000023f2           HttpServer| Process URI: '/public/jqmobile/jquery.mobile-1.0.1.min.js'
D/szipinf ( 9187): Initializing inflate state
D/szipinf ( 9187): Initializing zlib to inflate
D/ekioh   ( 9187): call void onLoadProgress
I/EkiohView( 9187): onLoadProgress 158272/158272
D/ekioh   ( 9187): call void onLoadProgress
I/EkiohView( 9187): onLoadProgress 174656/241760
D/ekioh   ( 9187): call void onLoadProgress
I/EkiohView( 9187): onLoadProgress 191040/241760
I/APP     ( 9187): I 04/09/2013 09:02:29:170 000023f2           HttpServer| Process URI: '/public/js/jqmobile-patch.js'
D/ekioh   ( 9187): call void onLoadProgress
I/EkiohView( 9187): onLoadProgress 207424/241760
D/ekioh   ( 9187): call void onLoadProgress
I/EkiohView( 9187): onLoadProgress 223808/241760
D/ekioh   ( 9187): call void onLoadProgress
I/EkiohView( 9187): onLoadProgress 240192/241760
E/MOTO plugin( 9187): NarrowBand ActiveX Object _Deallocate
D/MOTO plugin( 9187):  sending message to NEON 0000000001000006DELETE04000003APD05000001409000000
D/MOTO plugin( 9187):  
D/MOTO plugin( 9187): writing to socket 
E/MOTO plugin( 9187): AirBEAMSmart ActiveX Object _Deallocate
D/MOTO plugin( 9187):  sending message to NEON 0000000001000006DELETE04000003ABS05000001309000000
D/MOTO plugin( 9187):  
D/MOTO plugin( 9187): writing to socket 
E/MOTO plugin( 9187): NoSIP ActiveX Object _Deallocate
D/MOTO plugin( 9187):  sending message to NEON 0000000001000006DELETE04000005NoSIP05000001209000000
D/MOTO plugin( 9187):  
D/MOTO plugin( 9187): writing to socket 
E/MOTO plugin( 9187): ODAX ActiveX Object _Deallocate
D/MOTO plugin( 9187):  sending message to NEON 0000000001000006DELETE04000004ODAX05000001109000000
D/MOTO plugin( 9187):  
D/MOTO plugin( 9187): writing to socket 
E/MOTO plugin( 9187): Generic ActiveX Object _Deallocate
D/MOTO plugin( 9187):  sending message to NEON 0000000001000006DELETE04000007Generic05000001009000000
D/MOTO plugin( 9187):  
D/MOTO plugin( 9187): writing to socket 
D/MOTO plugin( 9187): ActiveX Object _Deallocate
D/MOTO plugin( 9187): zoomTextButton Object _Deallocate
D/MOTO plugin( 9187): zoom Object _Deallocate
D/MOTO plugin( 9187): wlan Object _Deallocate
D/MOTO plugin( 9187): wake Object _Deallocate
D/MOTO plugin( 9187): volume Object _Deallocate
D/MOTO plugin( 9187): videoCapture Object _Deallocate
D/MOTO plugin( 9187): topCommandArea Object _Deallocate
D/MOTO plugin( 9187): timer Object _Deallocate
D/MOTO plugin( 9187): telemetry Object _Deallocate
D/MOTO plugin( 9187): systemTime Object _Deallocate
D/MOTO plugin( 9187): stylus Object _Deallocate
D/MOTO plugin( 9187): stopButton Object _Deallocate
D/MOTO plugin( 9187): sntp Object _Deallocate
D/MOTO plugin( 9187): sipButton Object _Deallocate
D/MOTO plugin( 9187): sip Object _Deallocate
D/MOTO plugin( 9187): signatureCapture Object _Deallocate
D/MOTO plugin( 9187): signal Object _Deallocate
D/MOTO plugin( 9187): screenOrientation Object _Deallocate
D/MOTO plugin( 9187): scanner Object _Deallocate 
D/MOTO plugin( 9187): rsm Object _Deallocate
D/MOTO plugin( 9187): rfid Object _Deallocate
D/MOTO plugin( 9187): reloadButton Object _Deallocate
D/MOTO plugin( 9187): registry Object _Deallocate
D/MOTO plugin( 9187): reboot Object _Deallocate
D/MOTO plugin( 9187): RawSensors Object _Deallocate
D/MOTO plugin( 9187): quitButton Object _Deallocate
D/MOTO plugin( 9187): push Object _Deallocate
D/MOTO plugin( 9187): powerOn Object _Deallocate
D/MOTO plugin( 9187): zoomOutPageButton Object _Deallocate
D/MOTO plugin( 9187): zoomInPageButton Object _Deallocate
D/MOTO plugin( 9187): notification Object _Deallocate
D/MOTO plugin( 9187): network Object _Deallocate
D/MOTO plugin( 9187): minimizeButton Object _Deallocate
D/MOTO plugin( 9187): memory Object _Deallocate
D/MOTO plugin( 9187): mediaPlayer Object _Deallocate
D/MOTO plugin( 9187): lightsensor Object _Deallocate
D/MOTO plugin( 9187): keyState Object _Deallocate
D/MOTO plugin( 9187): keylight Object _Deallocate
D/MOTO plugin( 9187): keyCapture Object _Deallocate
D/MOTO plugin( 9187): ioSystem Object _Deallocate
D/MOTO plugin( 9187): ioDigital Object _Deallocate
D/MOTO plugin( 9187): ioAnalog Object _Deallocate
D/MOTO plugin( 9187): imager Object _Deallocate
D/MOTO plugin( 9187): hourglass Object _Deallocate
D/MOTO plugin( 9187): homeButton Object _Deallocate
D/MOTO plugin( 9187): goButton Object _Deallocate
D/MOTO plugin( 9187): gesture Object _Deallocate
D/MOTO plugin( 9187): forwardButton Object _Deallocate
D/MOTO plugin( 9187): fileTransfer Object _Deallocate
D/MOTO plugin( 9187): emmlProfile Object _Deallocate
D/MOTO plugin( 9187): eink Object _Deallocate
D/MOTO plugin( 9187): device Object _Deallocate
D/MOTO plugin( 9187): cradle Object _Deallocate
D/MOTO plugin( 9187): comm Object _Deallocate
D/MOTO plugin( 9187): cardReader Object _Deallocate
D/MOTO plugin( 9187): bottomCommandArea Object _Deallocate
D/MOTO plugin( 9187): battery Object _Deallocate
D/MOTO plugin( 9187): backlight Object _Deallocate
D/MOTO plugin( 9187): backButton Object _Deallocate
D/MOTO plugin( 9187): audioCapture Object _Deallocate
D/MOTO plugin( 9187): appSwitcher Object _Deallocate
D/MOTO plugin( 9187): application Object _Deallocate
D/MOTO plugin( 9187): alarm Object _Deallocate
D/MOTO plugin( 9187): addressBar Object _Deallocate
D/MOTO plugin( 9187): mpm Object _Deallocate
D/ekioh   ( 9187): call void onLoadProgress
I/EkiohView( 9187): onLoadProgress 257957/260893
I/APP     ( 9187): I 04/09/2013 09:02:29:584 000023f2           HttpServer| Process URI: '/public/jqmobile/images/icons-18-white.png'
D/ekioh   ( 9187): call void onLoadProgress
I/EkiohView( 9187): onLoadProgress 262851/262851
D/ekioh   ( 9187): call void onLoadProgress
I/EkiohView( 9187): onLoadProgress 262851/262851
D/ekioh   ( 9187): call void onLoadEnd
I/EkiohView( 9187): onLoadEnd 0/0 http://localhost:60342/app/index_erb.iseq
D/ekioh   ( 9187): DocumentNotification
I/EkiohViewHistory( 9187): history top now http://localhost:60342/app
D/ekioh   ( 9187): got meta viewport=width=device-width, initial-scale=1.0, maximum-scale=1.0, user-scalable=0
D/ekioh   ( 9187): call void onMeta
D/ekioh   ( 9187): call void onMetaEnd
I/APP     ( 9187): E 04/09/2013 09:02:29:613 000023e3 com.motorolasolutions.rhoelements.PluginManager loadPlugin| Module name not found 'viewport'
I/APP     ( 9187): E 04/09/2013 09:02:29:614 000023e3 com.motorolasolutions.rhoelements.PluginManager applySetting| Cannot load module 'viewport'
D/dalvikvm( 2154): GC_EXPLICIT freed 8K, 50% free 2729K/5379K, external 1625K/2137K, paused 55ms
D/dalvikvm( 2164): GC_EXPLICIT freed 2K, 50% free 2724K/5379K, external 1625K/2137K, paused 51ms
D/ekioh   ( 9187): keyboard visible 0
D/ekioh   ( 9187): MSG_KEYBOARD_VISIBLE 0 - 480x762
D/dalvikvm( 1760): GC_EXPLICIT freed 108K, 47% free 3076K/5767K, external 4999K/6026K, paused 59ms
D/ekioh   ( 9187): keyboard visible 0
D/ekioh   ( 9187): MSG_KEYBOARD_VISIBLE 0 - 480x762
D/dalvikvm( 1968): GC_EXPLICIT freed 8K, 49% free 2764K/5379K, external 1625K/2137K, paused 52ms
I/EkiohView( 9187): ACTION_DOWN 118x76
D/ekioh   ( 9187): onTouchEventDownNative
D/ekioh   ( 9187): MSG_TOUCH_EVENT_DOWN
D/ekioh   ( 9187): InputMethodNotification
D/ekioh   ( 9187): call void onInputMethod
I/EkiohView( 9187): ACTION_UP 118x76
D/ekioh   ( 9187): onTouchEventUpNative
D/ekioh   ( 9187): MSG_TOUCH_EVENT_UP
I/APP     ( 9187): I 04/09/2013 09:02:49:317 000023f2           HttpServer| Process URI: '/app/CardReaderModel'
I/APP     ( 9187): I 04/09/2013 09:02:49:318 000023f2                  APP| RHO serve: /app/CardReaderModel
I/APP     ( 9187): I 04/09/2013 09:02:49:325 000023f2              RhoRuby| require_compiled: CardReaderModel/card_reader_model_controller
I/APP     ( 9187): I 04/09/2013 09:02:49:336 000023f2              RhoRuby| require_compiled: helpers/browser_helper
I/APP     ( 9187): I 04/09/2013 09:02:49:367 000023f2           HttpServer| GC Start.
I/APP     ( 9187): I 04/09/2013 09:02:49:406 000023f2           HttpServer| GC End.
D/ekioh   ( 9187): InputMethodNotification
D/ekioh   ( 9187): call void onInputMethod
D/ekioh   ( 9187): InputMethodNotification
D/ekioh   ( 9187): call void onInputMethod
I/EkiohView( 9187): ACTION_DOWN 295x399
D/ekioh   ( 9187): onTouchEventDownNative
D/ekioh   ( 9187): MSG_TOUCH_EVENT_DOWN
I/EkiohView( 9187): ACTION_MOVE 294x399 rtt 0
D/ekioh   ( 9187): onTouchEventMoveNative
D/ekioh   ( 9187): MSG_TOUCH_EVENT_MOVED
D/ekioh   ( 9187): call void onMoveReady
I/EkiohView( 9187): ACTION_UP 294x399
D/ekioh   ( 9187): onTouchEventUpNative
D/ekioh   ( 9187): MSG_TOUCH_EVENT_UP
D/ekioh   ( 9187): call boolean onConsole
I/APP     ( 9187): I 04/09/2013 09:02:52:602 000023e3         EkiohWebView| onConsole: http://localhost:60342/app/index_erb.iseq, line 1: ReferenceError: Can't find variable: funopen
D/BatteryService( 1674): mLastBStat : 5 mBStat : 5 mLastHStat :2 mHStat 2 .. setledstatus true
D/ekioh   ( 9187): keyboard visible 0
D/ekioh   ( 9187): MSG_KEYBOARD_VISIBLE 0 - 480x762
D/ekioh   ( 9187): keyboard visible 0
D/ekioh   ( 9187): MSG_KEYBOARD_VISIBLE 0 - 480x762
D/ekioh   ( 9187): keyboard visible 0
D/ekioh   ( 9187): MSG_KEYBOARD_VISIBLE 0 - 480x762
I/EkiohView( 9187): ACTION_DOWN 330x474
D/ekioh   ( 9187): onTouchEventDownNative
D/ekioh   ( 9187): MSG_TOUCH_EVENT_DOWN
D/dalvikvm( 1756): GC_CONCURRENT freed 749K, 48% free 3722K/7111K, external 1625K/2137K, paused 5ms+6ms
I/EkiohView( 9187): ACTION_UP 330x474
D/ekioh   ( 9187): onTouchEventUpNative
D/ekioh   ( 9187): MSG_TOUCH_EVENT_UP
D/ekioh   ( 9187): call boolean onConsole
I/APP     ( 9187): I 04/09/2013 09:15:57:186 000023e3         EkiohWebView| onConsole: http://localhost:60342/app/index_erb.iseq, line 1: ReferenceError: Can't find variable: funclose
I/EkiohView( 9187): back
I/APP     ( 9187): I 04/09/2013 09:15:59:248 000023e3       SimpleMainView| Cleared URL: http://localhost:60342/app
I/EkiohView( 9187): loadUrl http://localhost:60342/app flags 0
D/ekioh   ( 9187): onLoadUrlNative
D/ekioh   ( 9187): MSG_LOAD_URL
D/ekioh   ( 9187): call void onLoadStart
I/EkiohView( 9187): onLoadStart 0/0 http://localhost:60342/app
I/APP     ( 9187): I 04/09/2013 09:15:59:267 000023f2           HttpServer| Process URI: '/app'
I/APP     ( 9187): I 04/09/2013 09:15:59:295 000023f2           HttpServer| Process URI: '/app/index_erb.iseq'
I/APP     ( 9187): I 04/09/2013 09:15:59:299 000023f2                  APP| RHO serve_index: /app/index_erb.iseq
I/APP     ( 9187): I 04/09/2013 09:15:59:301 000023f2 RHO Rho::RhoController| inst_render_index
I/APP     ( 9187): I 04/09/2013 09:15:59:311 000023f2 RHO Rho::RhoController| index layout
D/MOTO plugin( 9187): NPP_Destroy 
D/MOTO plugin( 9187): NPP_Destroy 
D/MOTO plugin( 9187): ActiveXObject released and destroyed
D/MOTO plugin( 9187): Releasing Generic object
I/APP     ( 9187): E 04/09/2013 09:15:59:347 000023ec com.motorolasolutions.rhoelements.npapi.NPAPIServer$ServerThread run| Connection broken
D/MOTO plugin( 9187): NPP_Destroy 
D/MOTO plugin( 9187): Releasing ODAX object
D/MOTO plugin( 9187): NPP_Destroy 
D/MOTO plugin( 9187): Releasing nosip object
D/MOTO plugin( 9187): NPP_Destroy 
D/MOTO plugin( 9187): Releasing AIRBEAM object
D/MOTO plugin( 9187): NPP_Destroy 
D/MOTO plugin( 9187): Releasing apd object
D/MOTO plugin( 9187): mediaPlayer Object _Deallocate
I/APP     ( 9187): I 04/09/2013 09:15:59:352 000023f2           HttpServer| GC Start.
D/MOTO plugin( 9187): screenOrientation Object _Deallocate
D/MOTO plugin( 9187): emmlProfile Object _Deallocate
D/MOTO plugin( 9187): homeButton Object _Deallocate
D/MOTO plugin( 9187): minimizeButton Object _Deallocate
D/MOTO plugin( 9187): forwardButton Object _Deallocate
D/MOTO plugin( 9187): appSwitcher Object _Deallocate
D/MOTO plugin( 9187): battery Object _Deallocate
D/MOTO plugin( 9187): rfid Object _Deallocate
D/MOTO plugin( 9187): application Object _Deallocate
D/MOTO plugin( 9187): eink Object _Deallocate
D/MOTO plugin( 9187): backlight Object _Deallocate
E/MOTO plugin( 9187): AirBEAMSmart ActiveX Object _Deallocate
D/MOTO plugin( 9187):  sending message to NEON 0000000001000006DELETE04000003ABS05000001809000000
D/MOTO plugin( 9187):  
D/MOTO plugin( 9187): writing to socket 
D/MOTO plugin( 9187): Socket connected to port 50100 
D/MOTO plugin( 9187): keyCapture Object _Deallocate
D/MOTO plugin( 9187): quitButton Object _Deallocate
E/MOTO plugin( 9187): NarrowBand ActiveX Object _Deallocate
D/MOTO plugin( 9187):  sending message to NEON 0000000001000006DELETE04000003APD05000001909000000
D/MOTO plugin( 9187):  
D/MOTO plugin( 9187): writing to socket 
D/MOTO plugin( 9187): rsm Object _Deallocate
D/MOTO plugin( 9187): ioDigital Object _Deallocate
D/MOTO plugin( 9187): cardReader Object _Deallocate
D/MOTO plugin( 9187): lightsensor Object _Deallocate
D/MOTO plugin( 9187): powerOn Object _Deallocate
D/MOTO plugin( 9187): registry Object _Deallocate
E/MOTO plugin( 9187): NoSIP ActiveX Object _Deallocate
D/MOTO plugin( 9187):  sending message to NEON 0000000001000006DELETE04000005NoSIP05000001709000000
D/MOTO plugin( 9187):  
D/MOTO plugin( 9187): writing to socket 
D/MOTO plugin( 9187): notification Object _Deallocate
E/MOTO plugin( 9187): Generic ActiveX Object _Deallocate
D/MOTO plugin( 9187):  sending message to NEON 0000000001000006DELETE04000007Generic05000001509000000
D/MOTO plugin( 9187):  
D/MOTO plugin( 9187): writing to socket 
D/MOTO plugin( 9187): zoom Object _Deallocate
D/MOTO plugin( 9187): telemetry Object _Deallocate
D/MOTO plugin( 9187): ActiveX Object _Deallocate
D/MOTO plugin( 9187): hourglass Object _Deallocate
D/MOTO plugin( 9187): systemTime Object _Deallocate
D/MOTO plugin( 9187): topCommandArea Object _Deallocate
D/MOTO plugin( 9187): signal Object _Deallocate
D/MOTO plugin( 9187): mpm Object _Deallocate
D/MOTO plugin( 9187): stopButton Object _Deallocate
D/MOTO plugin( 9187): signatureCapture Object _Deallocate
D/MOTO plugin( 9187): scanner Object _Deallocate 
D/MOTO plugin( 9187): wake Object _Deallocate
D/MOTO plugin( 9187): zoomTextButton Object _Deallocate
D/MOTO plugin( 9187): sipButton Object _Deallocate
D/MOTO plugin( 9187): imager Object _Deallocate
D/MOTO plugin( 9187): memory Object _Deallocate
D/MOTO plugin( 9187): reloadButton Object _Deallocate
D/MOTO plugin( 9187): sntp Object _Deallocate
E/MOTO plugin( 9187): ODAX ActiveX Object _Deallocate
D/MOTO plugin( 9187):  sending message to NEON 0000000001000006DELETE04000004ODAX05000001609000000
D/MOTO plugin( 9187):  
D/MOTO plugin( 9187): writing to socket 
D/MOTO plugin( 9187): backButton Object _Deallocate
