D/ekioh   ( 9672): MSG_KEYBOARD_VISIBLE 0 - 480x762
D/dalvikvm( 9672): GC_CONCURRENT freed 796K, 49% free 3530K/6791K, external 3692K/4611K, paused 2ms+3ms
D/ekioh   ( 9672): MSG_KEYBOARD_VISIBLE 0 - 480x800
D/webviewglue( 9672): nativeDestroy view: 0x57c138
I/APP     ( 9672): I 04/09/2013 09:19:28:708 000025d7              RhoRuby| require_compiled: rational
I/APP     ( 9672): I 04/09/2013 09:19:28:712 000025d7              RhoRuby| require_compiled: rhom/rhom_db_adapter
I/APP     ( 9672): I 04/09/2013 09:19:28:729 000025d7              RhoRuby| require_compiled: rhodes
I/APP     ( 9672): I 04/09/2013 09:19:28:731 000025d7              RhoRuby| require_compiled: rhom/rhom_object
I/APP     ( 9672): I 04/09/2013 09:19:28:735 000025d7              RhoRuby| require_compiled: rhofsconnector
I/APP     ( 9672): I 04/09/2013 09:19:28:736 000025d7              RhoRuby| require_compiled: rho/rhofsconnector
I/APP     ( 9672): I 04/09/2013 09:19:28:741 000025d7              RhoRuby| require_compiled: json
I/APP     ( 9672): I 04/09/2013 09:19:28:743 000025d7              RhoRuby| require_compiled: json/common
I/APP     ( 9672): I 04/09/2013 09:19:28:754 000025d7              RhoRuby| require_compiled: json/version
I/APP     ( 9672): I 04/09/2013 09:19:28:758 000025d7              RhoRuby| require_compiled: json/pure
I/APP     ( 9672): I 04/09/2013 09:19:28:763 000025d7              RhoRuby| require_compiled: json/pure/generator
I/APP     ( 9672): I 04/09/2013 09:19:28:782 000025d7              RhoRuby| require_compiled: rhom/rhom_object_factory
D/szipinf ( 9672): Initializing inflate state
D/szipinf ( 9672): Initializing zlib to inflate
I/APP     ( 9672): I 04/09/2013 09:19:28:839 000025d7              RhoRuby| require_compiled: rhom/rhom
I/APP     ( 9672): I 04/09/2013 09:19:28:851 000025d7              RhoRuby| require_compiled: rhom/rhom_model
I/APP     ( 9672): I 04/09/2013 09:19:28:860 000025d7              RhoRuby| require_compiled: rhom
I/APP     ( 9672): I 04/09/2013 09:19:28:861 000025d7              RhoRuby| require_compiled: rho/rhoapplication
I/APP     ( 9672): I 04/09/2013 09:19:28:872 000025d7              RhoRuby| require_compiled: rholang/localization_simplified
I/APP     ( 9672): I 04/09/2013 09:19:28:882 000025d7              RhoRuby| require_compiled: rho/rhomsg
I/APP     ( 9672): I 04/09/2013 09:19:28:884 000025d7              RhoRuby| require_compiled: rho/rhotabbar
I/APP     ( 9672): I 04/09/2013 09:19:28:887 000025d7              RhoRuby| require_compiled: rho/rhotoolbar
I/APP     ( 9672): I 04/09/2013 09:19:28:888 000025d7                  APP| Current locale: ; Country code: 
I/APP     ( 9672): I 04/09/2013 09:19:28:889 000025d7                  APP| Locilized file: /data/data/com.rhomobile.cardreadertest/rhodata/lib/rholang/lang_
I/APP     ( 9672): I 04/09/2013 09:19:28:891 000025d7              RhoRuby| require_compiled: /data/data/com.rhomobile.cardreadertest/rhodata/lib/rholang/lang_en
I/APP     ( 9672): I 04/09/2013 09:19:28:895 000025d7                  APP| Locilized file: /data/data/com.rhomobile.cardreadertest/rhodata/apps/app/lang/lang_
I/APP     ( 9672): I 04/09/2013 09:19:28:896 000025d7                  APP| Locilized file: /data/data/com.rhomobile.cardreadertest/rhodata/lib/rholang/rhoerror_
I/APP     ( 9672): I 04/09/2013 09:19:28:896 000025d7              RhoRuby| require_compiled: /data/data/com.rhomobile.cardreadertest/rhodata/lib/rholang/rhoerror_en
I/APP     ( 9672): I 04/09/2013 09:19:28:899 000025d7                  APP| Locilized file: /data/data/com.rhomobile.cardreadertest/rhodata/lib/rholang/rhomsg_
I/APP     ( 9672): I 04/09/2013 09:19:28:900 000025d7              RhoRuby| require_compiled: /data/data/com.rhomobile.cardreadertest/rhodata/lib/rholang/rhomsg_en
I/APP     ( 9672): I 04/09/2013 09:19:28:902 000025d7              RhoRuby| require_compiled: indifferent_access
I/APP     ( 9672): I 04/09/2013 09:19:28:910 000025d7              RhoRuby| require_compiled: rho/rhosupport
I/APP     ( 9672): I 04/09/2013 09:19:28:920 000025d7              RhoRuby| require_compiled: rho/rhocontroller
I/APP     ( 9672): I 04/09/2013 09:19:28:928 000025d7              RhoRuby| require_compiled: rho/render
I/APP     ( 9672): I 04/09/2013 09:19:28:942 000025d7              RhoRuby| require_compiled: rho/rho
D/szipinf ( 9672): Initializing inflate state
D/szipinf ( 9672): Initializing zlib to inflate
I/APP     ( 9672): I 04/09/2013 09:19:28:994 000025d7              RhoRuby| require_compiled: rho/rhoerror
I/APP     ( 9672): I 04/09/2013 09:19:28:997 000025d7              RhoRuby| require_compiled: rhom/rhom_source
I/APP     ( 9672): I 04/09/2013 09:19:29:005 000025d7                  APP| Looking for SyncEngine
I/APP     ( 9672): E 04/09/2013 09:19:29:006 000025d7              RhoRuby| require_compiled: error: can not find syncengine
I/APP     ( 9672): I 04/09/2013 09:19:29:008 000025d7                  APP| SyncEngine not found. Defining stub module
I/APP     ( 9672): I 04/09/2013 09:19:29:010 000025d7              RhoRuby| require_compiled: rho/rhoviewhelpers
I/APP     ( 9672): I 04/09/2013 09:19:29:018 000025d7              RhoRuby| require_compiled: rho
I/APP     ( 9672): I 04/09/2013 09:19:29:019 000025d7                  APP| RHO loaded
I/APP     ( 9672): I 04/09/2013 09:19:29:019 000025d7                  APP| Calling RHO.initialize
I/APP     ( 9672): I 04/09/2013 09:19:29:021 000025d7                   DB| Open DB: /data/data/com.rhomobile.cardreadertest/rhodata/db/syncdbuser.sqlite
I/APP     ( 9672): I 04/09/2013 09:19:29:024 000025d7          GeoLocation| Creating singleton instance.
I/APP     ( 9672): I 04/09/2013 09:19:29:025 000025d7            RhodesApp| RhoRubyInitApp...
I/APP     ( 9672): I 04/09/2013 09:19:29:025 000025d7                  APP| init_app
I/APP     ( 9672): I 04/09/2013 09:19:29:067 000025d7              RhoRuby| require_compiled: application
I/APP     ( 9672): I 04/09/2013 09:19:29:072 000025d7           HttpServer| Start HTTP server
I/APP     ( 9672): I 04/09/2013 09:19:29:072 000025d7           HttpServer| Listen for connections on port 55238
I/APP     ( 9672): I 04/09/2013 09:19:29:073 000025d7         AppCallbacks| addCommand: LOCAL-SERVER-STARTED
I/APP     ( 9672): I 04/09/2013 09:19:29:073 000025d3         AppCallbacks| process command: LOCAL-SERVER-STARTED
I/APP     ( 9672): I 04/09/2013 09:19:29:073 000025d3 RhodesAppActiveObserver| Ready
I/APP     ( 9672): I 04/09/2013 09:19:29:075 000025d3    RhodesApplication| New AppState: AppActivated
I/APP     ( 9672): I 04/09/2013 09:19:29:075 000025d3         AppCallbacks| process command: UI-CREATED
I/APP     ( 9672): I 04/09/2013 09:19:29:078 000025d7           HttpServer| Process URI: '/system/uicreated'
I/APP     ( 9672): I 04/09/2013 09:19:29:079 000025d7                  APP| on_ui_created.navigate to start url: '/app'
I/APP     ( 9672): I 04/09/2013 09:19:29:080 000025c8       SimpleMainView| Cleared URL: http://localhost:55238/app
I/EkiohView( 9672): loadUrl http://localhost:55238/app flags 0
D/ekioh   ( 9672): onLoadUrlNative
D/ekioh   ( 9672): MSG_LOAD_URL
D/ekioh   ( 9672): call void onLoadStart
I/EkiohView( 9672): onLoadStart 0/0 http://localhost:55238/app
I/APP     ( 9672): I 04/09/2013 09:19:29:086 000025d3         AppCallbacks| process command: APP-ACTIVATED
I/APP     ( 9672): I 04/09/2013 09:19:29:088 000025d7           HttpServer| Process URI: '/system/activateapp'
I/APP     ( 9672): I 04/09/2013 09:19:29:091 000025d3         AppCallbacks| ThreadQueue blocked for 4294967295 seconds...
I/APP     ( 9672): I 04/09/2013 09:19:29:095 000025d7           HttpServer| Process URI: '/app'
I/APP     ( 9672): I 04/09/2013 09:19:29:118 000025d7           HttpServer| Process URI: '/app/index_erb.iseq'
I/APP     ( 9672): I 04/09/2013 09:19:29:119 000025d7                  APP| RHO serve_index: /app/index_erb.iseq
I/APP     ( 9672): I 04/09/2013 09:19:29:120 000025d7 RHO Rho::RhoController| inst_render_index
I/APP     ( 9672): I 04/09/2013 09:19:29:124 000025d7 RHO Rho::RhoController| index layout
V/InputMethodService( 1733): CALL: onStartInput
D/MOTO plugin( 9672): NPP_Destroy 
D/MOTO plugin( 9672): NPP_Destroy 
D/MOTO plugin( 9672): ActiveXObject released and destroyed
D/MOTO plugin( 9672): Releasing Generic object
D/MOTO plugin( 9672): NPP_Destroy 
D/MOTO plugin( 9672): Releasing ODAX object
D/MOTO plugin( 9672): NPP_Destroy 
D/MOTO plugin( 9672): Releasing nosip object
D/MOTO plugin( 9672): NPP_Destroy 
D/MOTO plugin( 9672): Releasing AIRBEAM object
D/MOTO plugin( 9672): NPP_Destroy 
D/MOTO plugin( 9672): Releasing apd object
I/APP     ( 9672): E 04/09/2013 09:19:29:142 000025d0 com.motorolasolutions.rhoelements.npapi.NPAPIServer$ServerThread run| Connection broken
D/MOTO plugin( 9672): Socket connected to port 39577 
D/MOTO plugin( 9672): mpm Object Allocate 
D/MOTO plugin( 9672): addressBar Object Allocate 
D/MOTO plugin( 9672): alarm Object Allocate 
D/MOTO plugin( 9672): application Object Allocate 
D/MOTO plugin( 9672): appSwitcher Object Allocate 
D/MOTO plugin( 9672): audioCapture Object Allocate 
D/MOTO plugin( 9672): backButton Object Allocate 
D/MOTO plugin( 9672): backlight Object Allocate 
D/MOTO plugin( 9672): battery Object Allocate 
D/MOTO plugin( 9672): bottomCommandArea Object Allocate 
D/MOTO plugin( 9672): cardReader Object Allocate 
D/MOTO plugin( 9672): comm Object Allocate 
D/MOTO plugin( 9672): cradle Object Allocate 
D/MOTO plugin( 9672): device Object Allocate 
D/MOTO plugin( 9672): eink Object Allocate 
D/MOTO plugin( 9672): emmlProfile Object Allocate 
D/MOTO plugin( 9672): fileTransfer Object Allocate 
D/MOTO plugin( 9672): forwardButton Object Allocate 
D/MOTO plugin( 9672): gesture Object Allocate 
D/MOTO plugin( 9672): goButton Object Allocate 
D/MOTO plugin( 9672): homeButton Object Allocate 
D/MOTO plugin( 9672): hourglass Object Allocate 
D/MOTO plugin( 9672): imager Object Allocate 
D/MOTO plugin( 9672): ioAnalog Object Allocate 
D/MOTO plugin( 9672): ioDigital Object Allocate 
D/MOTO plugin( 9672): ioSystem Object Allocate 
D/MOTO plugin( 9672): keyCapture Object Allocate 
D/MOTO plugin( 9672): keylight Object Allocate 
D/MOTO plugin( 9672): keyState Object Allocate 
D/MOTO plugin( 9672): lightsensor Object Allocate 
D/MOTO plugin( 9672): mediaPlayer Object Allocate 
D/MOTO plugin( 9672): memory Object Allocate 
D/MOTO plugin( 9672): minimizeButton Object Allocate 
D/MOTO plugin( 9672): network Object Allocate 
D/MOTO plugin( 9672): notification Object Allocate 
D/MOTO plugin( 9672): zoomInPageButton Object Allocate 
D/MOTO plugin( 9672): zoomOutPageButton Object Allocate 
D/MOTO plugin( 9672): powerOn Object Allocate 
D/MOTO plugin( 9672): push Object Allocate 
D/MOTO plugin( 9672): quitButton Object Allocate 
D/MOTO plugin( 9672): RawSensors Object Allocate 
D/MOTO plugin( 9672): reboot Object Allocate 
D/MOTO plugin( 9672): registry Object Allocate 
D/MOTO plugin( 9672): reloadButton Object Allocate 
D/MOTO plugin( 9672): rfid Object Allocate 
D/MOTO plugin( 9672): rsm Object Allocate 
D/MOTO plugin( 9672): scanner Object Allocate 
D/MOTO plugin( 9672): screenOrientation Object Allocate 
D/MOTO plugin( 9672): signal Object Allocate 
I/APP     ( 9672): I 04/09/2013 09:19:29:157 000025d7           HttpServer| GC Start.
D/MOTO plugin( 9672): signatureCapture Object Allocate 
D/MOTO plugin( 9672): sip Object Allocate 
D/MOTO plugin( 9672): sipButton Object Allocate 
D/MOTO plugin( 9672): sntp Object Allocate 
D/MOTO plugin( 9672): stopButton Object Allocate 
D/MOTO plugin( 9672): stylus Object Allocate 
D/MOTO plugin( 9672): systemTime Object Allocate 
D/MOTO plugin( 9672): telemetry Object Allocate 
D/MOTO plugin( 9672): timer Object Allocate 
D/MOTO plugin( 9672): topCommandArea Object Allocate 
D/MOTO plugin( 9672): videoCapture Object Allocate 
D/MOTO plugin( 9672): volume Object Allocate 
D/MOTO plugin( 9672): wake Object Allocate 
D/MOTO plugin( 9672): wlan Object Allocate 
D/MOTO plugin( 9672): zoom Object Allocate 
D/MOTO plugin( 9672): zoomTextButton Object Allocate 
D/MOTO plugin( 9672): NPP_New : jsobjects Plugin Object created
D/MOTO plugin( 9672): ActiveX Object Allocate 
D/MOTO plugin( 9672): ActiveXObject created
E/MOTO plugin( 9672): Generic ActiveX Object Allocate 
D/MOTO plugin( 9672):  sending message to NEON 0000000001000003NEW04000007Generic05000001509000000
D/MOTO plugin( 9672):  
D/MOTO plugin( 9672): writing to socket 
D/MOTO plugin( 9672): NPP_New : Generic ActiveX Plugin Object created
E/MOTO plugin( 9672): ODAX ActiveX Object Allocate 
D/MOTO plugin( 9672):  sending message to NEON 0000000001000003NEW04000004ODAX05000001609000000
D/MOTO plugin( 9672):  
D/MOTO plugin( 9672): writing to socket 
D/MOTO plugin( 9672): NPP_New : ODAX ActiveX Plugin Object created
E/MOTO plugin( 9672): NoSIP ActiveX Object Allocate 
D/MOTO plugin( 9672):  sending message to NEON 0000000001000003NEW04000005NoSIP05000001709000000
D/MOTO plugin( 9672):  
D/MOTO plugin( 9672): writing to socket 
D/MOTO plugin( 9672): NPP_New : NoSIP ActiveX Plugin Object created
E/MOTO plugin( 9672): AirBEAMSmart ActiveX Object Allocate 
D/MOTO plugin( 9672):  sending message to NEON 0000000001000003NEW04000003ABS05000001809000000
D/MOTO plugin( 9672):  
D/MOTO plugin( 9672): writing to socket 
D/MOTO plugin( 9672): NPP_New : AirBeam ActiveX Plugin Object created
E/MOTO plugin( 9672): NarrowBand ActiveX Object Allocate 
D/MOTO plugin( 9672):  sending message to NEON 0000000001000003NEW04000003APD05000001909000000
D/MOTO plugin( 9672):  
D/MOTO plugin( 9672): writing to socket 
D/MOTO plugin( 9672): NPP_New : APD ActiveX Plugin Object created
I/APP     ( 9672): I 04/09/2013 09:19:29:199 000025d7           HttpServer| GC End.
D/ekioh   ( 9672): call boolean onTitle
D/ekioh   ( 9672): call void onLoadProgress
I/EkiohView( 9672): onLoadProgress 2784/2784
I/APP     ( 9672): W 04/09/2013 09:19:29:213 000025c8 LicenseHybridExtension| Application license token invalid or does not match RhoElements version
D/ekioh   ( 9672): keyboard visible 0
D/ekioh   ( 9672): MSG_KEYBOARD_VISIBLE 0 - 480x800
I/APP     ( 9672): I 04/09/2013 09:19:29:220 000025d7           HttpServer| Process URI: '/public/jquery/jquery-1.6.4.min.js'
D/szipinf ( 9672): Initializing inflate state
D/szipinf ( 9672): Initializing zlib to inflate
I/APP     ( 9672): I 04/09/2013 09:19:29:231 000025c8 LicenseHybridExtension| Init device license now
D/ekioh   ( 9672): call void onLoadProgress
I/EkiohView( 9672): onLoadProgress 19168/94453
D/ekioh   ( 9672): call void onLoadProgress
I/EkiohView( 9672): onLoadProgress 35552/94453
D/ekioh   ( 9672): call void onLoadProgress
I/EkiohView( 9672): onLoadProgress 51936/94453
I/APP     ( 9672): I 04/09/2013 09:19:29:233 000025d7           HttpServer| Process URI: '/public/jquery/jquery.json-2.3.min.js'
D/ekioh   ( 9672): call void onLoadProgress
I/EkiohView( 9672): onLoadProgress 68320/94453
D/ekioh   ( 9672): call void onLoadProgress
I/EkiohView( 9672): onLoadProgress 84704/94453
D/ekioh   ( 9672): call void onLoadProgress
I/EkiohView( 9672): onLoadProgress 96630/96630
I/APP     ( 9672): I 04/09/2013 09:19:29:238 000025d7           HttpServer| Process URI: '/public/jqmobile/jquery.mobile-1.0.1.min.css'
I/APP     ( 9672): I 04/09/2013 09:19:29:245 000025d7           HttpServer| Process URI: '/public/css/jqmobile-patch.css'
D/dalvikvm( 9672): GC_EXTERNAL_ALLOC freed 753K, 47% free 3636K/6855K, external 4139K/4140K, paused 37ms
D/ekioh   ( 9672): call void onLoadProgress
I/EkiohView( 9672): onLoadProgress 98539/98539
D/ekioh   ( 9672): call void onLoadProgress
I/EkiohView( 9672): onLoadProgress 114743/148319
D/ekioh   ( 9672): call void onLoadProgress
I/EkiohView( 9672): onLoadProgress 131127/148319
D/ekioh   ( 9672): call void onLoadProgress
I/EkiohView( 9672): onLoadProgress 147511/148319
I/EkiohView( 9672): onSizeChanged oldw:480 oldh:762 w:480 h:690
D/ekioh   ( 9672): onSizeChangedNative
I/EkiohView( 9672): surfaceChanged format 1 size 480x690
D/ekioh   ( 9672): onSizeChangedNative
D/ekioh   ( 9672): keyboard visible 0
D/ekioh   ( 9672): MSG_SIZE_CHANGED
D/ekioh   ( 9672): set window size 480 x 690
D/ekioh   ( 9672): calling setScreen
D/ekioh   ( 9672): MSG_SIZE_CHANGED
D/ekioh   ( 9672): set window size 480 x 690
D/ekioh   ( 9672): calling setScreen
D/ekioh   ( 9672): MSG_KEYBOARD_VISIBLE 0 - 480x800
I/APP     ( 9672): I 04/09/2013 09:19:29:531 000025d7           HttpServer| Process URI: '/public/css/android.css'
I/APP     ( 9672): I 04/09/2013 09:19:29:533 000025d7           HttpServer| Process URI: '/public/jqmobile/jquery.mobile-1.0.1.min.js'
D/szipinf ( 9672): Initializing inflate state
D/szipinf ( 9672): Initializing zlib to inflate
D/ekioh   ( 9672): call void onLoadProgress
I/EkiohView( 9672): onLoadProgress 158269/158269
D/ekioh   ( 9672): call void onLoadProgress
I/EkiohView( 9672): onLoadProgress 174653/241757
I/APP     ( 9672): I 04/09/2013 09:19:29:540 000025d7           HttpServer| Process URI: '/public/js/jqmobile-patch.js'
D/ekioh   ( 9672): call void onLoadProgress
I/EkiohView( 9672): onLoadProgress 191037/241757
D/ekioh   ( 9672): call void onLoadProgress
I/EkiohView( 9672): onLoadProgress 207234/260890
D/ekioh   ( 9672): call void onLoadProgress
I/EkiohView( 9672): onLoadProgress 223618/260890
D/ekioh   ( 9672): call void onLoadProgress
I/EkiohView( 9672): onLoadProgress 242938/260890
D/ekioh   ( 9672): call void onLoadProgress
I/EkiohView( 9672): onLoadProgress 259322/260890
E/MOTO plugin( 9672): NarrowBand ActiveX Object _Deallocate
D/MOTO plugin( 9672):  sending message to NEON 0000000001000006DELETE04000003APD05000001409000000
D/MOTO plugin( 9672):  
D/MOTO plugin( 9672): writing to socket 
E/MOTO plugin( 9672): AirBEAMSmart ActiveX Object _Deallocate
D/MOTO plugin( 9672):  sending message to NEON 0000000001000006DELETE04000003ABS05000001309000000
D/MOTO plugin( 9672):  
D/MOTO plugin( 9672): writing to socket 
E/MOTO plugin( 9672): NoSIP ActiveX Object _Deallocate
D/MOTO plugin( 9672):  sending message to NEON 0000000001000006DELETE04000005NoSIP05000001209000000
D/MOTO plugin( 9672):  
D/MOTO plugin( 9672): writing to socket 
E/MOTO plugin( 9672): ODAX ActiveX Object _Deallocate
D/MOTO plugin( 9672):  sending message to NEON 0000000001000006DELETE04000004ODAX05000001109000000
D/MOTO plugin( 9672):  
D/MOTO plugin( 9672): writing to socket 
E/MOTO plugin( 9672): Generic ActiveX Object _Deallocate
D/MOTO plugin( 9672):  sending message to NEON 0000000001000006DELETE04000007Generic05000001009000000
D/MOTO plugin( 9672):  
D/MOTO plugin( 9672): writing to socket 
D/MOTO plugin( 9672): ActiveX Object _Deallocate
D/MOTO plugin( 9672): zoomTextButton Object _Deallocate
D/MOTO plugin( 9672): zoom Object _Deallocate
D/MOTO plugin( 9672): wlan Object _Deallocate
D/MOTO plugin( 9672): wake Object _Deallocate
D/MOTO plugin( 9672): volume Object _Deallocate
D/MOTO plugin( 9672): videoCapture Object _Deallocate
D/MOTO plugin( 9672): topCommandArea Object _Deallocate
D/MOTO plugin( 9672): timer Object _Deallocate
D/MOTO plugin( 9672): telemetry Object _Deallocate
D/MOTO plugin( 9672): systemTime Object _Deallocate
D/MOTO plugin( 9672): stylus Object _Deallocate
D/MOTO plugin( 9672): stopButton Object _Deallocate
D/MOTO plugin( 9672): sntp Object _Deallocate
D/MOTO plugin( 9672): sipButton Object _Deallocate
D/MOTO plugin( 9672): sip Object _Deallocate
D/MOTO plugin( 9672): signatureCapture Object _Deallocate
D/MOTO plugin( 9672): signal Object _Deallocate
D/MOTO plugin( 9672): screenOrientation Object _Deallocate
D/MOTO plugin( 9672): scanner Object _Deallocate 
D/MOTO plugin( 9672): rsm Object _Deallocate
D/MOTO plugin( 9672): rfid Object _Deallocate
D/MOTO plugin( 9672): reloadButton Object _Deallocate
D/MOTO plugin( 9672): registry Object _Deallocate
D/MOTO plugin( 9672): reboot Object _Deallocate
D/MOTO plugin( 9672): RawSensors Object _Deallocate
D/MOTO plugin( 9672): quitButton Object _Deallocate
D/MOTO plugin( 9672): push Object _Deallocate
D/MOTO plugin( 9672): powerOn Object _Deallocate
D/MOTO plugin( 9672): zoomOutPageButton Object _Deallocate
D/MOTO plugin( 9672): zoomInPageButton Object _Deallocate
D/MOTO plugin( 9672): notification Object _Deallocate
D/MOTO plugin( 9672): network Object _Deallocate
D/MOTO plugin( 9672): minimizeButton Object _Deallocate
D/MOTO plugin( 9672): memory Object _Deallocate
D/MOTO plugin( 9672): mediaPlayer Object _Deallocate
D/MOTO plugin( 9672): lightsensor Object _Deallocate
D/MOTO plugin( 9672): keyState Object _Deallocate
D/MOTO plugin( 9672): keylight Object _Deallocate
D/MOTO plugin( 9672): keyCapture Object _Deallocate
D/MOTO plugin( 9672): ioSystem Object _Deallocate
D/MOTO plugin( 9672): ioDigital Object _Deallocate
D/MOTO plugin( 9672): ioAnalog Object _Deallocate
D/MOTO plugin( 9672): imager Object _Deallocate
D/MOTO plugin( 9672): hourglass Object _Deallocate
D/MOTO plugin( 9672): homeButton Object _Deallocate
D/MOTO plugin( 9672): goButton Object _Deallocate
D/MOTO plugin( 9672): gesture Object _Deallocate
D/MOTO plugin( 9672): forwardButton Object _Deallocate
D/MOTO plugin( 9672): fileTransfer Object _Deallocate
D/MOTO plugin( 9672): emmlProfile Object _Deallocate
D/MOTO plugin( 9672): eink Object _Deallocate
D/MOTO plugin( 9672): device Object _Deallocate
D/MOTO plugin( 9672): cradle Object _Deallocate
D/MOTO plugin( 9672): comm Object _Deallocate
D/MOTO plugin( 9672): cardReader Object _Deallocate
D/MOTO plugin( 9672): bottomCommandArea Object _Deallocate
D/MOTO plugin( 9672): battery Object _Deallocate
D/MOTO plugin( 9672): backlight Object _Deallocate
D/MOTO plugin( 9672): backButton Object _Deallocate
D/MOTO plugin( 9672): audioCapture Object _Deallocate
D/MOTO plugin( 9672): appSwitcher Object _Deallocate
D/MOTO plugin( 9672): application Object _Deallocate
D/MOTO plugin( 9672): alarm Object _Deallocate
D/MOTO plugin( 9672): addressBar Object _Deallocate
D/MOTO plugin( 9672): mpm Object _Deallocate
I/APP     ( 9672): I 04/09/2013 09:19:29:945 000025d7           HttpServer| Process URI: '/public/jqmobile/images/icons-18-white.png'
D/ekioh   ( 9672): call void onLoadProgress
I/EkiohView( 9672): onLoadProgress 262848/262848
D/ekioh   ( 9672): call void onLoadProgress
I/EkiohView( 9672): onLoadProgress 262848/262848
D/ekioh   ( 9672): call void onLoadEnd
I/EkiohView( 9672): onLoadEnd 0/0 http://localhost:55238/app/index_erb.iseq
I/EkiohViewHistory( 9672): history top now http://localhost:55238/app
D/ekioh   ( 9672): DocumentNotification
W/System.err( 9672): java.lang.ClassCastException: com.rhomobile.rhodes.webview.EkiohWebView
D/ekioh   ( 9672): got meta viewport=width=device-width, initial-scale=1.0, maximum-scale=1.0, user-scalable=0
D/ekioh   ( 9672): call void onMeta
W/System.err( 9672): 	at com.motorolasolutions.rhoelements.ElementsCore.onLoadEnd(ElementsCore.java:1937)
W/System.err( 9672): 	at com.rhoelementsext.RhoElementsExt.onNavigateComplete(RhoElementsExt.java:144)
W/System.err( 9672): 	at com.rhomobile.rhodes.extmanager.RhoExtManagerImpl.onLoadEnd(RhoExtManagerImpl.java:427)
W/System.err( 9672): 	at com.rhomobile.rhodes.webview.EkiohWebView.onLoadEnd(EkiohWebView.java:336)
W/System.err( 9672): 	at com.ekioh.engine.EkiohView$4.run(EkiohView.java:1191)
W/System.err( 9672): 	at android.os.Handler.handleCallback(Handler.java:587)
W/System.err( 9672): 	at android.os.Handler.dispatchMessage(Handler.java:92)
D/ekioh   ( 9672): call void onMetaEnd
W/System.err( 9672): 	at android.os.Looper.loop(Looper.java:130)
W/System.err( 9672): 	at android.app.ActivityThread.main(ActivityThread.java:3683)
W/System.err( 9672): 	at java.lang.reflect.Method.invokeNative(Native Method)
W/System.err( 9672): 	at java.lang.reflect.Method.invoke(Method.java:507)
W/System.err( 9672): 	at com.android.internal.os.ZygoteInit$MethodAndArgsCaller.run(ZygoteInit.java:839)
W/System.err( 9672): 	at com.android.internal.os.ZygoteInit.main(ZygoteInit.java:597)
W/System.err( 9672): 	at dalvik.system.NativeStart.main(Native Method)
I/APP     ( 9672): E 04/09/2013 09:19:29:960 000025c8 com.motorolasolutions.rhoelements.ElementsCore onLoadEnd| Unable to set the page scroll threshold
I/APP     ( 9672): E 04/09/2013 09:19:29:984 000025c8 com.motorolasolutions.rhoelements.PluginManager loadPlugin| Module name not found 'viewport'
I/APP     ( 9672): E 04/09/2013 09:19:29:985 000025c8 com.motorolasolutions.rhoelements.PluginManager applySetting| Cannot load module 'viewport'
D/ekioh   ( 9672): keyboard visible 0
D/ekioh   ( 9672): MSG_KEYBOARD_VISIBLE 0 - 480x800
D/ekioh   ( 9672): keyboard visible 0
D/ekioh   ( 9672): MSG_KEYBOARD_VISIBLE 0 - 480x800
D/dalvikvm( 1760): GC_EXPLICIT freed 8K, 46% free 3124K/5767K, external 6243K/7743K, paused 59ms
I/EkiohView( 9672): ACTION_DOWN 358x113
D/ekioh   ( 9672): onTouchEventDownNative
D/ekioh   ( 9672): MSG_TOUCH_EVENT_DOWN
D/ekioh   ( 9672): InputMethodNotification
D/ekioh   ( 9672): call void onInputMethod
I/EkiohView( 9672): ACTION_MOVE 358x112 rtt 0
D/ekioh   ( 9672): onTouchEventMoveNative
I/EkiohView( 9672): ACTION_UP 358x112
D/ekioh   ( 9672): onTouchEventUpNative
D/ekioh   ( 9672): MSG_TOUCH_EVENT_MOVED
D/ekioh   ( 9672): call void onMoveReady
D/ekioh   ( 9672): MSG_TOUCH_EVENT_UP
I/EkiohView( 9672): ACTION_DOWN 433x100
D/ekioh   ( 9672): onTouchEventDownNative
D/ekioh   ( 9672): MSG_TOUCH_EVENT_DOWN
I/EkiohView( 9672): ACTION_MOVE 432x100 rtt 0
D/ekioh   ( 9672): onTouchEventMoveNative
D/ekioh   ( 9672): MSG_TOUCH_EVENT_MOVED
D/ekioh   ( 9672): call void onMoveReady
I/EkiohView( 9672): ACTION_UP 432x100
D/ekioh   ( 9672): onTouchEventUpNative
D/ekioh   ( 9672): MSG_TOUCH_EVENT_UP
I/EkiohView( 9672): ACTION_DOWN 354x20
D/ekioh   ( 9672): onTouchEventDownNative
D/ekioh   ( 9672): MSG_TOUCH_EVENT_DOWN
D/ekioh   ( 9672): InputMethodNotification
D/ekioh   ( 9672): call void onInputMethod
I/EkiohView( 9672): ACTION_MOVE 351x20 rtt 0
D/ekioh   ( 9672): onTouchEventMoveNative
D/ekioh   ( 9672): MSG_TOUCH_EVENT_MOVED
D/ekioh   ( 9672): call void onMoveReady
I/EkiohView( 9672): ACTION_UP 351x20
D/ekioh   ( 9672): onTouchEventUpNative
D/ekioh   ( 9672): MSG_TOUCH_EVENT_UP
I/EkiohView( 9672): ACTION_DOWN 345x32
D/ekioh   ( 9672): onTouchEventDownNative
D/ekioh   ( 9672): MSG_TOUCH_EVENT_DOWN
D/ekioh   ( 9672): InputMethodNotification
D/ekioh   ( 9672): call void onInputMethod
I/EkiohView( 9672): ACTION_MOVE 343x32 rtt 0
D/ekioh   ( 9672): onTouchEventMoveNative
D/ekioh   ( 9672): MSG_TOUCH_EVENT_MOVED
D/ekioh   ( 9672): call void onMoveReady
I/EkiohView( 9672): ACTION_UP 343x32
D/ekioh   ( 9672): onTouchEventUpNative
D/ekioh   ( 9672): MSG_TOUCH_EVENT_UP
I/EkiohView( 9672): ACTION_DOWN 370x85
D/ekioh   ( 9672): onTouchEventDownNative
D/ekioh   ( 9672): MSG_TOUCH_EVENT_DOWN
I/EkiohView( 9672): ACTION_MOVE 372x92 rtt 0
D/ekioh   ( 9672): onTouchEventMoveNative
D/ekioh   ( 9672): MSG_TOUCH_EVENT_MOVED
D/ekioh   ( 9672): call void onMoveReady
I/EkiohView( 9672): ACTION_MOVE 372x95 rtt 137
D/ekioh   ( 9672): onTouchEventMoveNative
D/ekioh   ( 9672): MSG_TOUCH_EVENT_MOVED
D/ekioh   ( 9672): call void onMoveReady
I/EkiohView( 9672): ACTION_MOVE 372x96 rtt 26
D/ekioh   ( 9672): onTouchEventMoveNative
I/EkiohView( 9672): ACTION_UP 372x96
D/ekioh   ( 9672): onTouchEventUpNative
D/ekioh   ( 9672): MSG_TOUCH_EVENT_MOVED
D/ekioh   ( 9672): call void onMoveReady
D/ekioh   ( 9672): MSG_TOUCH_EVENT_UP
I/EkiohView( 9672): ACTION_DOWN 375x30
D/ekioh   ( 9672): onTouchEventDownNative
D/ekioh   ( 9672): MSG_TOUCH_EVENT_DOWN
D/ekioh   ( 9672): InputMethodNotification
D/ekioh   ( 9672): call void onInputMethod
I/EkiohView( 9672): ACTION_MOVE 373x30 rtt 0
D/ekioh   ( 9672): onTouchEventMoveNative
D/ekioh   ( 9672): MSG_TOUCH_EVENT_MOVED
D/ekioh   ( 9672): call void onMoveReady
I/EkiohView( 9672): ACTION_UP 373x30
D/ekioh   ( 9672): onTouchEventUpNative
D/ekioh   ( 9672): MSG_TOUCH_EVENT_UP
I/EkiohView( 9672): ACTION_DOWN 388x109
D/ekioh   ( 9672): onTouchEventDownNative
D/ekioh   ( 9672): MSG_TOUCH_EVENT_DOWN
D/ekioh   ( 9672): InputMethodNotification
D/ekioh   ( 9672): call void onInputMethod
I/EkiohView( 9672): ACTION_UP 388x109
D/ekioh   ( 9672): onTouchEventUpNative
D/ekioh   ( 9672): MSG_TOUCH_EVENT_UP
I/APP     ( 9672): I 04/09/2013 09:19:42:999 000025c8       SimpleMainView| Cleared URL: http://localhost:55238/app
I/EkiohView( 9672): loadUrl http://localhost:55238/app flags 0
D/ekioh   ( 9672): onLoadUrlNative
D/ekioh   ( 9672): MSG_LOAD_URL
D/ekioh   ( 9672): call void onLoadStart
I/EkiohView( 9672): onLoadStart 0/0 http://localhost:55238/app
I/APP     ( 9672): I 04/09/2013 09:19:43:017 000025d7           HttpServer| Process URI: '/app'
I/APP     ( 9672): I 04/09/2013 09:19:43:042 000025d7           HttpServer| Process URI: '/app/index_erb.iseq'
I/APP     ( 9672): I 04/09/2013 09:19:43:044 000025d7                  APP| RHO serve_index: /app/index_erb.iseq
I/APP     ( 9672): I 04/09/2013 09:19:43:046 000025d7 RHO Rho::RhoController| inst_render_index
I/APP     ( 9672): I 04/09/2013 09:19:43:052 000025d7 RHO Rho::RhoController| index layout
D/MOTO plugin( 9672): NPP_Destroy 
D/MOTO plugin( 9672): NPP_Destroy 
D/MOTO plugin( 9672): ActiveXObject released and destroyed
D/MOTO plugin( 9672): Releasing Generic object
D/MOTO plugin( 9672): NPP_Destroy 
D/MOTO plugin( 9672): Releasing ODAX object
D/MOTO plugin( 9672): NPP_Destroy 
D/MOTO plugin( 9672): Releasing nosip object
D/MOTO plugin( 9672): NPP_Destroy 
D/MOTO plugin( 9672): Releasing AIRBEAM object
D/MOTO plugin( 9672): NPP_Destroy 
D/MOTO plugin( 9672): Releasing apd object
D/MOTO plugin( 9672): ioSystem Object _Deallocate
D/MOTO plugin( 9672): memory Object _Deallocate
D/MOTO plugin( 9672): application Object _Deallocate
D/MOTO plugin( 9672): systemTime Object _Deallocate
D/MOTO plugin( 9672): forwardButton Object _Deallocate
D/MOTO plugin( 9672): comm Object _Deallocate
D/MOTO plugin( 9672): keyState Object _Deallocate
D/MOTO plugin( 9672): scanner Object _Deallocate 
D/MOTO plugin( 9672): telemetry Object _Deallocate
D/MOTO plugin( 9672): stylus Object _Deallocate
D/MOTO plugin( 9672): powerOn Object _Deallocate
D/MOTO plugin( 9672): zoom Object _Deallocate
D/MOTO plugin( 9672): wlan Object _Deallocate
D/MOTO plugin( 9672): push Object _Deallocate
E/MOTO plugin( 9672): ODAX ActiveX Object _Deallocate
D/MOTO plugin( 9672):  sending message to NEON 0000000001000006DELETE04000004ODAX05000001609000000
D/MOTO plugin( 9672):  
D/MOTO plugin( 9672): writing to socket 
I/APP     ( 9672): E 04/09/2013 09:19:43:089 000025d0 com.motorolasolutions.rhoelements.npapi.NPAPIServer$ServerThread run| Connection broken
D/MOTO plugin( 9672): Socket connected to port 39577 
D/MOTO plugin( 9672): audioCapture Object _Deallocate
D/MOTO plugin( 9672): signatureCapture Object _Deallocate
D/MOTO plugin( 9672): keyCapture Object _Deallocate
D/MOTO plugin( 9672): ActiveX Object _Deallocate
D/MOTO plugin( 9672): goButton Object _Deallocate
D/MOTO plugin( 9672): network Object _Deallocate
D/MOTO plugin( 9672): sntp Object _Deallocate
D/MOTO plugin( 9672): timer Object _Deallocate
D/MOTO plugin( 9672): ioAnalog Object _Deallocate
D/MOTO plugin( 9672): topCommandArea Object _Deallocate
D/MOTO plugin( 9672): zoomTextButton Object _Deallocate
D/MOTO plugin( 9672): volume Object _Deallocate
D/MOTO plugin( 9672): eink Object _Deallocate
D/MOTO plugin( 9672): rfid Object _Deallocate
D/MOTO plugin( 9672): signal Object _Deallocate
D/MOTO plugin( 9672): alarm Object _Deallocate
E/MOTO plugin( 9672): NoSIP ActiveX Object _Deallocate
D/MOTO plugin( 9672):  sending message to NEON 0000000001000006DELETE04000005NoSIP05000001709000000
D/MOTO plugin( 9672):  
D/MOTO plugin( 9672): writing to socket 
D/MOTO plugin( 9672): quitButton Object _Deallocate
D/MOTO plugin( 9672): cradle Object _Deallocate
D/MOTO plugin( 9672): mediaPlayer Object _Deallocate
D/MOTO plugin( 9672): videoCapture Object _Deallocate
D/MOTO plugin( 9672): imager Object _Deallocate
E/MOTO plugin( 9672): AirBEAMSmart ActiveX Object _Deallocate
D/MOTO plugin( 9672):  sending message to NEON 0000000001000006DELETE04000003ABS05000001809000000
D/MOTO plugin( 9672):  
D/MOTO plugin( 9672): writing to socket 
D/MOTO plugin( 9672): RawSensors Object _Deallocate
D/MOTO plugin( 9672): sipButton Object _Deallocate
D/MOTO plugin( 9672): keylight Object _Deallocate
D/MOTO plugin( 9672): minimizeButton Object _Deallocate
E/MOTO plugin( 9672): NarrowBand ActiveX Object _Deallocate
D/MOTO plugin( 9672):  sending message to NEON 0000000001000006DELETE04000003APD05000001909000000
D/MOTO plugin( 9672):  
D/MOTO plugin( 9672): writing to socket 
D/MOTO plugin( 9672): device Object _Deallocate
D/MOTO plugin( 9672): bottomCommandArea Object _Deallocate
D/MOTO plugin( 9672): screenOrientation Object _Deallocate
D/MOTO plugin( 9672): notification Object _Deallocate
D/MOTO plugin( 9672): reloadButton Object _Deallocate
D/MOTO plugin( 9672): addressBar Object _Deallocate
D/MOTO plugin( 9672): hourglass Object _Deallocate
D/MOTO plugin( 9672): mpm Object _Deallocate
D/MOTO plugin( 9672): lightsensor Object _Deallocate
D/MOTO plugin( 9672): cardReader Object _Deallocate
D/MOTO plugin( 9672): sip Object _Deallocate
D/MOTO plugin( 9672): backButton Object _Deallocate
D/MOTO plugin( 9672): stopButton Object _Deallocate
D/MOTO plugin( 9672): battery Object _Deallocate
D/MOTO plugin( 9672): registry Object _Deallocate
D/MOTO plugin( 9672): reboot Object _Deallocate
D/MOTO plugin( 9672): wake Object _Deallocate
D/MOTO plugin( 9672): gesture Object _Deallocate
E/MOTO plugin( 9672): Generic ActiveX Object _Deallocate
D/MOTO plugin( 9672):  sending message to NEON 0000000001000006DELETE04000007Generic05000001509000000
D/MOTO plugin( 9672):  
D/MOTO plugin( 9672): writing to socket 
D/MOTO plugin( 9672): backlight Object _Deallocate
D/MOTO plugin( 9672): fileTransfer Object _Deallocate
D/MOTO plugin( 9672): appSwitcher Object _Deallocate
D/MOTO plugin( 9672): zoomOutPageButton Object _Deallocate
D/MOTO plugin( 9672): ioDigital Object _Deallocate
D/MOTO plugin( 9672): emmlProfile Object _Deallocate
D/MOTO plugin( 9672): homeButton Object _Deallocate
D/MOTO plugin( 9672): rsm Object _Deallocate
D/MOTO plugin( 9672): zoomInPageButton Object _Deallocate
D/MOTO plugin( 9672): mpm Object Allocate 
D/MOTO plugin( 9672): addressBar Object Allocate 
D/MOTO plugin( 9672): alarm Object Allocate 
D/MOTO plugin( 9672): application Object Allocate 
D/MOTO plugin( 9672): appSwitcher Object Allocate 
D/MOTO plugin( 9672): audioCapture Object Allocate 
I/APP     ( 9672): I 04/09/2013 09:19:43:098 000025d7           HttpServer| GC Start.
D/MOTO plugin( 9672): backButton Object Allocate 
D/MOTO plugin( 9672): backlight Object Allocate 
D/MOTO plugin( 9672): battery Object Allocate 
D/MOTO plugin( 9672): bottomCommandArea Object Allocate 
D/MOTO plugin( 9672): cardReader Object Allocate 
D/MOTO plugin( 9672): comm Object Allocate 
D/MOTO plugin( 9672): cradle Object Allocate 
D/MOTO plugin( 9672): device Object Allocate 
D/MOTO plugin( 9672): eink Object Allocate 
D/MOTO plugin( 9672): emmlProfile Object Allocate 
D/MOTO plugin( 9672): fileTransfer Object Allocate 
D/MOTO plugin( 9672): forwardButton Object Allocate 
D/MOTO plugin( 9672): gesture Object Allocate 
D/MOTO plugin( 9672): goButton Object Allocate 
D/MOTO plugin( 9672): homeButton Object Allocate 
D/MOTO plugin( 9672): hourglass Object Allocate 
D/MOTO plugin( 9672): imager Object Allocate 
D/MOTO plugin( 9672): ioAnalog Object Allocate 
D/MOTO plugin( 9672): ioDigital Object Allocate 
D/MOTO plugin( 9672): ioSystem Object Allocate 
D/MOTO plugin( 9672): keyCapture Object Allocate 
D/MOTO plugin( 9672): keylight Object Allocate 
D/MOTO plugin( 9672): keyState Object Allocate 
D/MOTO plugin( 9672): lightsensor Object Allocate 
D/MOTO plugin( 9672): mediaPlayer Object Allocate 
D/MOTO plugin( 9672): memory Object Allocate 
D/MOTO plugin( 9672): minimizeButton Object Allocate 
D/MOTO plugin( 9672): network Object Allocate 
D/MOTO plugin( 9672): notification Object Allocate 
D/MOTO plugin( 9672): zoomInPageButton Object Allocate 
D/MOTO plugin( 9672): zoomOutPageButton Object Allocate 
D/MOTO plugin( 9672): powerOn Object Allocate 
D/MOTO plugin( 9672): push Object Allocate 
D/MOTO plugin( 9672): quitButton Object Allocate 
D/MOTO plugin( 9672): RawSensors Object Allocate 
D/MOTO plugin( 9672): reboot Object Allocate 
D/MOTO plugin( 9672): registry Object Allocate 
D/MOTO plugin( 9672): reloadButton Object Allocate 
D/MOTO plugin( 9672): rfid Object Allocate 
D/MOTO plugin( 9672): rsm Object Allocate 
D/MOTO plugin( 9672): scanner Object Allocate 
D/MOTO plugin( 9672): screenOrientation Object Allocate 
D/MOTO plugin( 9672): signal Object Allocate 
D/MOTO plugin( 9672): signatureCapture Object Allocate 
D/MOTO plugin( 9672): sip Object Allocate 
D/MOTO plugin( 9672): sipButton Object Allocate 
D/MOTO plugin( 9672): sntp Object Allocate 
D/MOTO plugin( 9672): stopButton Object Allocate 
D/MOTO plugin( 9672): stylus Object Allocate 
D/MOTO plugin( 9672): systemTime Object Allocate 
D/MOTO plugin( 9672): telemetry Object Allocate 
D/MOTO plugin( 9672): timer Object Allocate 
D/MOTO plugin( 9672): topCommandArea Object Allocate 
D/MOTO plugin( 9672): videoCapture Object Allocate 
D/MOTO plugin( 9672): volume Object Allocate 
D/MOTO plugin( 9672): wake Object Allocate 
D/MOTO plugin( 9672): wlan Object Allocate 
D/MOTO plugin( 9672): zoom Object Allocate 
D/MOTO plugin( 9672): zoomTextButton Object Allocate 
D/MOTO plugin( 9672): NPP_New : jsobjects Plugin Object created
D/MOTO plugin( 9672): ActiveX Object Allocate 
D/MOTO plugin( 9672): ActiveXObject created
E/MOTO plugin( 9672): Generic ActiveX Object Allocate 
D/MOTO plugin( 9672):  sending message to NEON 0000000001000003NEW04000007Generic050000021009000000
D/MOTO plugin( 9672):  
D/MOTO plugin( 9672): writing to socket 
D/MOTO plugin( 9672): NPP_New : Generic ActiveX Plugin Object created
E/MOTO plugin( 9672): ODAX ActiveX Object Allocate 
D/MOTO plugin( 9672):  sending message to NEON 0000000001000003NEW04000004ODAX050000021109000000
D/MOTO plugin( 9672):  
D/MOTO plugin( 9672): writing to socket 
D/MOTO plugin( 9672): NPP_New : ODAX ActiveX Plugin Object created
E/MOTO plugin( 9672): NoSIP ActiveX Object Allocate 
D/MOTO plugin( 9672):  sending message to NEON 0000000001000003NEW04000005NoSIP050000021209000000
D/MOTO plugin( 9672):  
D/MOTO plugin( 9672): writing to socket 
D/MOTO plugin( 9672): NPP_New : NoSIP ActiveX Plugin Object created
E/MOTO plugin( 9672): AirBEAMSmart ActiveX Object Allocate 
D/MOTO plugin( 9672):  sending message to NEON 0000000001000003NEW04000003ABS050000021309000000
D/MOTO plugin( 9672):  
D/MOTO plugin( 9672): writing to socket 
D/MOTO plugin( 9672): NPP_New : AirBeam ActiveX Plugin Object created
E/MOTO plugin( 9672): NarrowBand ActiveX Object Allocate 
D/MOTO plugin( 9672):  sending message to NEON 0000000001000003NEW04000003APD050000021409000000
D/MOTO plugin( 9672):  
D/MOTO plugin( 9672): writing to socket 
D/MOTO plugin( 9672): NPP_New : APD ActiveX Plugin Object created
D/ekioh   ( 9672): call boolean onTitle
I/APP     ( 9672): I 04/09/2013 09:19:43:173 000025d7           HttpServer| GC End.
D/ekioh   ( 9672): call void onLoadProgress
I/EkiohView( 9672): onLoadProgress 2784/2784
I/ActivityManager( 1674): moveTaskToBack: 10
I/APP     ( 9672): I 04/09/2013 09:19:43:620 000025d7           HttpServer| Process URI: '/system/uidestroyed'
I/APP     ( 9672): I 04/09/2013 09:19:43:622 000025c8    RhodesApplication| New UiState: MainActivityPaused
D/ActivityTracker( 1756): New activity, p= com.android.launcher a=com.android.launcher2.Launcher
D/ActivityTracker( 1756): Corresponding profile id: 4
W/CameraScanner( 1756): Already stopped USER_INITIATED
D/ActivityTracker( 1756): Profile found 4 loading profile
D/dwProfilesDbAdapter( 1756): is profile 4 enabled 1
I/EkiohView( 9672): surfaceDestroyed
D/ekioh   ( 9672): surface destroyed
V/InputMethodService( 1733): CALL: onStartInput
D/ekioh   ( 9672): call void onLoadProgress
I/EkiohView( 9672): onLoadProgress 2784/2784
D/ekioh   ( 9672): call void onLoadEnd
I/EkiohView( 9672): onLoadEnd 0/0 http://localhost:55238/app/index_erb.iseq
D/ekioh   ( 9672): DocumentNotification
D/ekioh   ( 9672): got meta viewport=width=device-width, initial-scale=1.0, maximum-scale=1.0, user-scalable=0
D/ekioh   ( 9672): call void onMeta
D/ekioh   ( 9672): call void onMetaEnd
W/System.err( 9672): java.lang.ClassCastException: com.rhomobile.rhodes.webview.EkiohWebView
W/System.err( 9672): 	at com.motorolasolutions.rhoelements.ElementsCore.onLoadEnd(ElementsCore.java:1937)
W/System.err( 9672): 	at com.rhoelementsext.RhoElementsExt.onNavigateComplete(RhoElementsExt.java:144)
W/System.err( 9672): 	at com.rhomobile.rhodes.extmanager.RhoExtManagerImpl.onLoadEnd(RhoExtManagerImpl.java:427)
W/System.err( 9672): 	at com.rhomobile.rhodes.webview.EkiohWebView.onLoadEnd(EkiohWebView.java:336)
W/System.err( 9672): 	at com.ekioh.engine.EkiohView$4.run(EkiohView.java:1191)
W/System.err( 9672): 	at android.os.Handler.handleCallback(Handler.java:587)
W/System.err( 9672): 	at android.os.Handler.dispatchMessage(Handler.java:92)
W/System.err( 9672): 	at android.os.Looper.loop(Looper.java:130)
W/System.err( 9672): 	at android.app.ActivityThread.main(ActivityThread.java:3683)
W/System.err( 9672): 	at java.lang.reflect.Method.invokeNative(Native Method)
W/System.err( 9672): 	at java.lang.reflect.Method.invoke(Method.java:507)
W/System.err( 9672): 	at com.android.internal.os.ZygoteInit$MethodAndArgsCaller.run(ZygoteInit.java:839)
W/System.err( 9672): 	at com.android.internal.os.ZygoteInit.main(ZygoteInit.java:597)
W/System.err( 9672): 	at dalvik.system.NativeStart.main(Native Method)
I/APP     ( 9672): E 04/09/2013 09:19:43:909 000025c8 com.motorolasolutions.rhoelements.ElementsCore onLoadEnd| Unable to set the page scroll threshold
I/APP     ( 9672): E 04/09/2013 09:19:43:920 000025c8 com.motorolasolutions.rhoelements.PluginManager loadPlugin| Module name not found 'viewport'
I/APP     ( 9672): E 04/09/2013 09:19:43:921 000025c8 com.motorolasolutions.rhoelements.PluginManager applySetting| Cannot load module 'viewport'
D/ekioh   ( 9672): MSG_SURFACE_DESTROYED
I/APP     ( 9672): I 04/09/2013 09:19:44:027 000025c8    RhodesApplication| New AppState: AppDeactivated
I/APP     ( 9672): I 04/09/2013 09:19:44:027 000025c8        RhodesService| activityStopped() temporary release wakeLock object
I/APP     ( 9672): I 04/09/2013 09:19:44:027 000025c8            RhodesApp| callAppActiveCallback
I/APP     ( 9672): I 04/09/2013 09:19:44:028 000025c8         AppCallbacks| addCommand: APP-DEACTIVATED
I/APP     ( 9672): I 04/09/2013 09:19:44:028 000025d3         AppCallbacks| process command: APP-DEACTIVATED
I/APP     ( 9672): I 04/09/2013 09:19:44:028 000025d3         AppCallbacks| ThreadQueue blocked for 4294967295 seconds...
I/APP     ( 9672): I 04/09/2013 09:19:44:033 000025d7           HttpServer| Process URI: '/system/deactivateapp'
I/ActivityManager( 1674): Starting: Intent { act=android.intent.action.MAIN cat=[android.intent.category.HOME] flg=0x10200000 cmp=com.android.launcher/com.android.launcher2.Launcher } from pid 1674
D/BatteryService( 1674): mLastBStat : 5 mBStat : 5 mLastHStat :2 mHStat 2 .. setledstatus true
D/ekioh   ( 9187): keyboard visible 0
D/ekioh   ( 9187): MSG_KEYBOARD_VISIBLE 0 - 480x762
D/ekioh   ( 9672): keyboard visible 0
D/ekioh   ( 9672): MSG_KEYBOARD_VISIBLE 0 - 480x800
D/BatteryService( 1674): mLastBStat : 5 mBStat : 5 mLastHStat :2 mHStat 2 .. setledstatus true
D/BatteryService( 1674): mLastBStat : 5 mBStat : 5 mLastHStat :2 mHStat 2 .. setledstatus true
D/dalvikvm( 1737): GC_CONCURRENT freed 585K, 50% free 3087K/6151K, external 1625K/2137K, paused 5ms+9ms
D/dalvikvm( 9187): GC_EXPLICIT freed 17K, 47% free 3675K/6855K, external 4164K/5176K, paused 74ms
D/AndroidRuntime(13262): 
D/AndroidRuntime(13262): >>>>>> AndroidRuntime START com.android.internal.os.RuntimeInit <<<<<<
D/AndroidRuntime(13262): CheckJNI is OFF
D/dalvikvm(13262): creating instr width table
D/AndroidRuntime(13262): Calling main entry com.android.commands.pm.Pm
D/dalvikvm( 2154): GC_EXPLICIT freed 3K, 50% free 2730K/5379K, external 1625K/2137K, paused 54ms
W/ActivityManager( 1674): No content provider found for: 
W/ActivityManager( 1674): No content provider found for: 
D/PackageParser( 1674): Scanning package: /data/app/vmdl-826837015.tmp
D/dalvikvm( 1674): GC_CONCURRENT freed 1988K, 48% free 4814K/9223K, external 3125K/3903K, paused 3ms+5ms
D/dalvikvm( 1674): GC_FOR_MALLOC freed 68K, 49% free 4793K/9223K, external 3125K/3903K, paused 39ms
I/dalvikvm-heap( 1674): Grow heap (frag case) to 10.117MB for 22546-byte allocation
D/dalvikvm( 1674): GC_FOR_MALLOC freed <1K, 49% free 4814K/9287K, external 3125K/3903K, paused 38ms
D/dalvikvm( 1674): GC_FOR_MALLOC freed 55K, 49% free 4804K/9287K, external 3125K/3903K, paused 38ms
I/dalvikvm-heap( 1674): Grow heap (frag case) to 10.142MB for 36995-byte allocation
D/dalvikvm( 1674): GC_FOR_MALLOC freed <1K, 49% free 4840K/9351K, external 3125K/3903K, paused 38ms
D/dalvikvm( 1674): GC_FOR_MALLOC freed 81K, 49% free 4803K/9351K, external 3125K/3903K, paused 42ms
D/dalvikvm( 1674): GC_FOR_MALLOC freed 22K, 49% free 4827K/9351K, external 3125K/3903K, paused 45ms
I/dalvikvm-heap( 1674): Grow heap (frag case) to 10.165MB for 36942-byte allocation
D/dalvikvm( 1674): GC_FOR_MALLOC freed 0K, 49% free 4863K/9415K, external 3125K/3903K, paused 47ms
D/dalvikvm( 1674): GC_FOR_MALLOC freed 71K, 49% free 4861K/9415K, external 3125K/3903K, paused 45ms
D/dalvikvm( 1674): GC_FOR_MALLOC freed 141K, 47% free 5080K/9415K, external 3125K/3903K, paused 49ms
D/dalvikvm( 1674): GC_FOR_MALLOC freed 1014K, 45% free 5214K/9415K, external 3125K/3903K, paused 52ms
D/dalvikvm( 1674): GC_FOR_MALLOC freed 998K, 45% free 5223K/9415K, external 3125K/3903K, paused 50ms
D/dalvikvm( 1674): GC_FOR_MALLOC freed 999K, 45% free 5228K/9415K, external 3125K/3903K, paused 44ms
D/dalvikvm( 1674): GC_FOR_MALLOC freed 1000K, 45% free 5237K/9415K, external 3125K/3903K, paused 43ms
I/PackageManager( 1674): Removing non-system package:com.rhomobile.harish
I/Process ( 1674): Sending signal. PID: 9187 SIG: 9
I/ActivityManager( 1674): Force stopping package com.rhomobile.harish uid=10048
W/ActivityManager( 1674): Scheduling restart of crashed service com.rhomobile.harish/com.motorolasolutions.rhoelements.services.LockService in 5000ms
W/ActivityManager( 1674): Scheduling restart of crashed service com.rhomobile.harish/com.rhomobile.rhodes.RhodesService in 5000ms
I/ActivityManager( 1674):   Force finishing activity HistoryRecord{40672fb0 com.rhomobile.harish/com.rhomobile.rhodes.RhodesActivity}
I/ActivityManager( 1674):   Force stopping service ServiceRecord{40893588 com.rhomobile.harish/com.rhomobile.rhodes.RhodesService}
I/WindowManager( 1674): WIN DEATH: Window{406dd6e8 com.rhomobile.harish/com.rhomobile.rhodes.RhodesActivity paused=true}
I/WindowManager( 1674): WIN DEATH: Window{406fbc88 SurfaceView paused=false}
D/PackageManager( 1674): Scanning package com.rhomobile.harish
W/PackageManager( 1674): Package com.rhomobile.harish desires unavailable shared library com.motorolasolutions.adc.usbscanner; ignoring!
I/PackageManager( 1674): Package com.rhomobile.harish codePath changed from /data/app/com.rhomobile.harish-1.apk to /data/app/com.rhomobile.harish-2.apk; Retaining data and using new
I/PackageManager( 1674): Unpacking native libraries for /data/app/com.rhomobile.harish-2.apk
D/installd( 1592): DexInv: --- BEGIN '/data/app/com.rhomobile.harish-2.apk' ---
D/dalvikvm(13277): creating instr width table
D/dalvikvm(13277): DexOpt: load 67ms, verify+opt 613ms
D/installd( 1592): DexInv: --- END '/data/app/com.rhomobile.harish-2.apk' (success) ---
D/PackageManager( 1674): Registered content provider: com.rhomobile.harish, className = com.rhomobile.rhodes.LocalFileProvider, isSyncable = false
D/PackageManager( 1674):   Providers: com.rhomobile.rhodes.LocalFileProvider
I/ActivityManager( 1674): Force stopping package com.rhomobile.harish uid=10048
W/PackageManager( 1674): Code path for pkg : com.rhomobile.harish changing from /data/app/com.rhomobile.harish-1.apk to /data/app/com.rhomobile.harish-2.apk
W/PackageManager( 1674): Resource path for pkg : com.rhomobile.harish changing from /data/app/com.rhomobile.harish-1.apk to /data/app/com.rhomobile.harish-2.apk
D/PackageManager( 1674):   Services: com.rhomobile.rhodes.RhodesService com.motorolasolutions.rhoelements.services.FileTransferService com.motorolasolutions.rhoelements.services.ScannerService com.motorolasolutions.rhoelements.services.LockService com.motorolasolutions.rhoelements.services.MSRService com.rhomobile.harish.services.PluginService
D/PackageManager( 1674):   Activities: com.rhomobile.rhodes.RhodesActivity com.rhomobile.rhodes.alert.PopupActivity com.rhomobile.rhodes.camera.FileList com.rhomobile.rhodes.camera.ImageCapture com.rhomobile.rhodes.signature.ImageCapture com.rhomobile.rhodes.datetime.DateTimePickerScreen com.rhomobile.rhodes.mapview.MapView com.rhomobile.rhodes.mapview.GoogleMapView com.rhomobile.rhodes.bluetooth.RhoBluetoothDeviceListActivity
