D/MOTO plugin( 9187): bottomCommandArea Object _Deallocate
D/MOTO plugin( 9187): videoCapture Object _Deallocate
D/MOTO plugin( 9187): network Object _Deallocate
D/MOTO plugin( 9187): stylus Object _Deallocate
D/MOTO plugin( 9187): cradle Object _Deallocate
D/MOTO plugin( 9187): fileTransfer Object _Deallocate
D/MOTO plugin( 9187): ioSystem Object _Deallocate
D/MOTO plugin( 9187): device Object _Deallocate
D/MOTO plugin( 9187): zoomInPageButton Object _Deallocate
D/MOTO plugin( 9187): volume Object _Deallocate
D/MOTO plugin( 9187): RawSensors Object _Deallocate
D/MOTO plugin( 9187): zoomOutPageButton Object _Deallocate
D/MOTO plugin( 9187): audioCapture Object _Deallocate
D/MOTO plugin( 9187): alarm Object _Deallocate
D/MOTO plugin( 9187): ioAnalog Object _Deallocate
D/MOTO plugin( 9187): sip Object _Deallocate
D/MOTO plugin( 9187): timer Object _Deallocate
D/MOTO plugin( 9187): goButton Object _Deallocate
D/MOTO plugin( 9187): addressBar Object _Deallocate
D/MOTO plugin( 9187): wlan Object _Deallocate
D/MOTO plugin( 9187): push Object _Deallocate
D/MOTO plugin( 9187): reboot Object _Deallocate
D/MOTO plugin( 9187): keyState Object _Deallocate
D/MOTO plugin( 9187): gesture Object _Deallocate
D/MOTO plugin( 9187): comm Object _Deallocate
D/MOTO plugin( 9187): keylight Object _Deallocate
D/MOTO plugin( 9187): mpm Object Allocate 
D/MOTO plugin( 9187): addressBar Object Allocate 
D/MOTO plugin( 9187): alarm Object Allocate 
D/MOTO plugin( 9187): application Object Allocate 
D/MOTO plugin( 9187): appSwitcher Object Allocate 
D/MOTO plugin( 9187): audioCapture Object Allocate 
D/MOTO plugin( 9187): backButton Object Allocate 
D/MOTO plugin( 9187): backlight Object Allocate 
D/MOTO plugin( 9187): battery Object Allocate 
D/MOTO plugin( 9187): bottomCommandArea Object Allocate 
D/MOTO plugin( 9187): cardReader Object Allocate 
D/MOTO plugin( 9187): comm Object Allocate 
D/MOTO plugin( 9187): cradle Object Allocate 
D/MOTO plugin( 9187): device Object Allocate 
D/MOTO plugin( 9187): eink Object Allocate 
D/MOTO plugin( 9187): emmlProfile Object Allocate 
D/MOTO plugin( 9187): fileTransfer Object Allocate 
D/MOTO plugin( 9187): forwardButton Object Allocate 
D/MOTO plugin( 9187): gesture Object Allocate 
D/MOTO plugin( 9187): goButton Object Allocate 
D/MOTO plugin( 9187): homeButton Object Allocate 
D/MOTO plugin( 9187): hourglass Object Allocate 
D/MOTO plugin( 9187): imager Object Allocate 
D/MOTO plugin( 9187): ioAnalog Object Allocate 
D/MOTO plugin( 9187): ioDigital Object Allocate 
D/MOTO plugin( 9187): ioSystem Object Allocate 
D/MOTO plugin( 9187): keyCapture Object Allocate 
D/MOTO plugin( 9187): keylight Object Allocate 
D/MOTO plugin( 9187): keyState Object Allocate 
D/MOTO plugin( 9187): lightsensor Object Allocate 
D/MOTO plugin( 9187): mediaPlayer Object Allocate 
D/MOTO plugin( 9187): memory Object Allocate 
D/MOTO plugin( 9187): minimizeButton Object Allocate 
D/MOTO plugin( 9187): network Object Allocate 
D/MOTO plugin( 9187): notification Object Allocate 
D/MOTO plugin( 9187): zoomInPageButton Object Allocate 
D/MOTO plugin( 9187): zoomOutPageButton Object Allocate 
D/MOTO plugin( 9187): powerOn Object Allocate 
D/MOTO plugin( 9187): push Object Allocate 
D/MOTO plugin( 9187): quitButton Object Allocate 
D/MOTO plugin( 9187): RawSensors Object Allocate 
D/MOTO plugin( 9187): reboot Object Allocate 
D/MOTO plugin( 9187): registry Object Allocate 
D/MOTO plugin( 9187): reloadButton Object Allocate 
D/MOTO plugin( 9187): rfid Object Allocate 
D/MOTO plugin( 9187): rsm Object Allocate 
D/MOTO plugin( 9187): scanner Object Allocate 
D/MOTO plugin( 9187): screenOrientation Object Allocate 
D/MOTO plugin( 9187): signal Object Allocate 
D/MOTO plugin( 9187): signatureCapture Object Allocate 
D/MOTO plugin( 9187): sip Object Allocate 
D/MOTO plugin( 9187): sipButton Object Allocate 
D/MOTO plugin( 9187): sntp Object Allocate 
D/MOTO plugin( 9187): stopButton Object Allocate 
D/MOTO plugin( 9187): stylus Object Allocate 
D/MOTO plugin( 9187): systemTime Object Allocate 
D/MOTO plugin( 9187): telemetry Object Allocate 
D/MOTO plugin( 9187): timer Object Allocate 
D/MOTO plugin( 9187): topCommandArea Object Allocate 
D/MOTO plugin( 9187): videoCapture Object Allocate 
D/MOTO plugin( 9187): volume Object Allocate 
D/MOTO plugin( 9187): wake Object Allocate 
D/MOTO plugin( 9187): wlan Object Allocate 
D/MOTO plugin( 9187): zoom Object Allocate 
D/MOTO plugin( 9187): zoomTextButton Object Allocate 
D/MOTO plugin( 9187): NPP_New : jsobjects Plugin Object created
D/MOTO plugin( 9187): ActiveX Object Allocate 
D/MOTO plugin( 9187): ActiveXObject created
E/MOTO plugin( 9187): Generic ActiveX Object Allocate 
D/MOTO plugin( 9187):  sending message to NEON 0000000001000003NEW04000007Generic050000021009000000
D/MOTO plugin( 9187):  
D/MOTO plugin( 9187): writing to socket 
D/MOTO plugin( 9187): NPP_New : Generic ActiveX Plugin Object created
E/MOTO plugin( 9187): ODAX ActiveX Object Allocate 
D/MOTO plugin( 9187):  sending message to NEON 0000000001000003NEW04000004ODAX050000021109000000
D/MOTO plugin( 9187):  
D/MOTO plugin( 9187): writing to socket 
D/MOTO plugin( 9187): NPP_New : ODAX ActiveX Plugin Object created
E/MOTO plugin( 9187): NoSIP ActiveX Object Allocate 
D/MOTO plugin( 9187):  sending message to NEON 0000000001000003NEW04000005NoSIP050000021209000000
D/MOTO plugin( 9187):  
D/MOTO plugin( 9187): writing to socket 
D/MOTO plugin( 9187): NPP_New : NoSIP ActiveX Plugin Object created
E/MOTO plugin( 9187): AirBEAMSmart ActiveX Object Allocate 
D/MOTO plugin( 9187):  sending message to NEON 0000000001000003NEW04000003ABS050000021309000000
D/MOTO plugin( 9187):  
D/MOTO plugin( 9187): writing to socket 
D/MOTO plugin( 9187): NPP_New : AirBeam ActiveX Plugin Object created
E/MOTO plugin( 9187): NarrowBand ActiveX Object Allocate 
D/MOTO plugin( 9187):  sending message to NEON 0000000001000003NEW04000003APD050000021409000000
D/MOTO plugin( 9187):  
D/MOTO plugin( 9187): writing to socket 
D/MOTO plugin( 9187): NPP_New : APD ActiveX Plugin Object created
D/ekioh   ( 9187): call boolean onTitle
I/APP     ( 9187): I 04/09/2013 09:15:59:473 000023f2           HttpServer| GC End.
D/ekioh   ( 9187): call void onLoadProgress
I/EkiohView( 9187): onLoadProgress 2787/2787
D/ekioh   ( 9187): call void onLoadProgress
I/EkiohView( 9187): onLoadProgress 2787/2787
D/ekioh   ( 9187): call void onLoadEnd
I/EkiohView( 9187): onLoadEnd 0/0 http://localhost:60342/app/index_erb.iseq
D/ekioh   ( 9187): DocumentNotification
D/ekioh   ( 9187): got meta viewport=width=device-width, initial-scale=1.0, maximum-scale=1.0, user-scalable=0
D/ekioh   ( 9187): call void onMeta
I/APP     ( 9187): E 04/09/2013 09:16:00:136 000023e3 com.motorolasolutions.rhoelements.PluginManager loadPlugin| Module name not found 'viewport'
I/APP     ( 9187): E 04/09/2013 09:16:00:136 000023e3 com.motorolasolutions.rhoelements.PluginManager applySetting| Cannot load module 'viewport'
D/ekioh   ( 9187): call void onMetaEnd
I/ActivityManager( 1674): moveTaskToBack: 8
I/APP     ( 9187): I 04/09/2013 09:16:00:192 000023f2           HttpServer| Process URI: '/system/uidestroyed'
I/APP     ( 9187): I 04/09/2013 09:16:00:194 000023e3    RhodesApplication| New UiState: MainActivityPaused
D/ActivityTracker( 1756): New activity, p= com.android.launcher a=com.android.launcher2.Launcher
D/ActivityTracker( 1756): Corresponding profile id: 4
W/CameraScanner( 1756): Already stopped USER_INITIATED
D/ActivityTracker( 1756): Profile found 4 loading profile
D/dwProfilesDbAdapter( 1756): is profile 4 enabled 1
I/EkiohView( 9187): surfaceDestroyed
D/ekioh   ( 9187): surface destroyed
D/ekioh   ( 9187): MSG_SURFACE_DESTROYED
V/InputMethodService( 1733): CALL: onStartInput
I/APP     ( 9187): I 04/09/2013 09:16:00:573 000023e3    RhodesApplication| New AppState: AppDeactivated
I/APP     ( 9187): I 04/09/2013 09:16:00:573 000023e3        RhodesService| activityStopped() temporary release wakeLock object
I/APP     ( 9187): I 04/09/2013 09:16:00:573 000023e3            RhodesApp| callAppActiveCallback
I/APP     ( 9187): I 04/09/2013 09:16:00:574 000023e3         AppCallbacks| addCommand: APP-DEACTIVATED
I/APP     ( 9187): I 04/09/2013 09:16:00:574 000023ed         AppCallbacks| process command: APP-DEACTIVATED
I/APP     ( 9187): I 04/09/2013 09:16:00:574 000023ed         AppCallbacks| ThreadQueue blocked for 4294967295 seconds...
I/APP     ( 9187): I 04/09/2013 09:16:00:580 000023f2           HttpServer| Process URI: '/system/deactivateapp'
D/AndroidRuntime( 9541): 
D/AndroidRuntime( 9541): >>>>>> AndroidRuntime START com.android.internal.os.RuntimeInit <<<<<<
D/AndroidRuntime( 9541): CheckJNI is OFF
D/dalvikvm( 9541): creating instr width table
D/AndroidRuntime( 9541): Calling main entry com.android.commands.pm.Pm
D/dalvikvm( 2154): GC_EXPLICIT freed 4K, 50% free 2730K/5379K, external 1625K/2137K, paused 31ms
W/ActivityManager( 1674): No content provider found for: 
D/PackageParser( 1674): Scanning package: /data/app/vmdl-1466719287.tmp
W/ActivityManager( 1674): No content provider found for: 
D/dalvikvm( 1674): GC_CONCURRENT freed 1083K, 47% free 4875K/9031K, external 3125K/3903K, paused 3ms+5ms
D/dalvikvm( 1674): GC_CONCURRENT freed 1015K, 43% free 5178K/9031K, external 3125K/3903K, paused 3ms+6ms
D/dalvikvm( 1674): GC_FOR_MALLOC freed 961K, 43% free 5184K/9031K, external 3125K/3903K, paused 52ms
D/dalvikvm( 1674): GC_FOR_MALLOC freed 962K, 43% free 5190K/9031K, external 3125K/3903K, paused 55ms
D/dalvikvm( 1674): GC_FOR_MALLOC freed 961K, 43% free 5196K/9031K, external 3125K/3903K, paused 54ms
D/PackageManager( 1674): Scanning package com.rhomobile.cardreader_ats
W/PackageManager( 1674): Package com.rhomobile.cardreader_ats desires unavailable shared library com.motorolasolutions.adc.usbscanner; ignoring!
I/PackageManager( 1674): Unpacking native libraries for /data/app/com.rhomobile.cardreader_ats-1.apk
D/dalvikvm( 9187): GC_EXPLICIT freed 630K, 47% free 3686K/6855K, external 4164K/5176K, paused 46ms
D/installd( 1592): DexInv: --- BEGIN '/data/app/com.rhomobile.cardreader_ats-1.apk' ---
D/dalvikvm( 9552): creating instr width table
D/dalvikvm( 9552): DexOpt: load 63ms, verify+opt 573ms
D/installd( 1592): DexInv: --- END '/data/app/com.rhomobile.cardreader_ats-1.apk' (success) ---
I/ActivityManager( 1674): Force stopping package com.rhomobile.cardreader_ats uid=10049
D/PackageManager( 1674): Registered content provider: com.rhomobile.cardreader_ats, className = com.rhomobile.rhodes.LocalFileProvider, isSyncable = false
D/PackageManager( 1674):   Providers: com.rhomobile.rhodes.LocalFileProvider
D/PackageManager( 1674):   Services: com.rhomobile.rhodes.RhodesService com.motorolasolutions.rhoelements.services.FileTransferService com.motorolasolutions.rhoelements.services.ScannerService com.motorolasolutions.rhoelements.services.LockService com.motorolasolutions.rhoelements.services.MSRService com.rhomobile.cardreader_ats.services.PluginService
D/PackageManager( 1674):   Activities: com.rhomobile.rhodes.RhodesActivity com.rhomobile.rhodes.alert.PopupActivity com.rhomobile.rhodes.camera.FileList com.rhomobile.rhodes.camera.ImageCapture com.rhomobile.rhodes.signature.ImageCapture com.rhomobile.rhodes.datetime.DateTimePickerScreen com.rhomobile.rhodes.mapview.MapView com.rhomobile.rhodes.mapview.GoogleMapView com.rhomobile.rhodes.bluetooth.RhoBluetoothDeviceListActivity
I/installd( 1592): move /data/dalvik-cache/data@app@com.rhomobile.cardreader_ats-1.apk@classes.dex -> /data/dalvik-cache/data@app@com.rhomobile.cardreader_ats-1.apk@classes.dex
D/PackageManager( 1674): New package installed in /data/app/com.rhomobile.cardreader_ats-1.apk
W/PackageManager( 1674): Unknown permission android.webkit.permission.PLUGIN in package com.rhomobile.cardreader_ats
W/PackageManager( 1674): Unknown permission android.permission.ACCESS_GPS in package com.rhomobile.cardreader_ats
W/PackageManager( 1674): Unknown permission android.permission.ACCESS_LOCATION in package com.rhomobile.cardreader_ats
W/PackageManager( 1674): Not granting permission android.permission.MODIFY_PHONE_STATE to package com.rhomobile.cardreader_ats (protectionLevel=3 flags=0x8be44)
W/ResourceType( 1674): Failure getting entry for 0x7f060000 (t=5 e=0) in package 0 (error -75)
W/RecognitionManagerService( 1674): no available voice recognition services found
D/dalvikvm( 1674): GC_CONCURRENT freed 1216K, 41% free 5345K/9031K, external 3125K/3903K, paused 2ms+13ms
D/dalvikvm( 1674): GC_EXPLICIT freed 13K, 41% free 5331K/9031K, external 3125K/3903K, paused 60ms
D/AndroidRuntime( 9541): Shutting down VM
D/dalvikvm( 9541): GC_CONCURRENT freed 102K, 71% free 301K/1024K, external 0K/0K, paused 0ms+1ms
D/jdwp    ( 9541): Got wake-up signal, bailing out of select
D/dalvikvm( 9541): Debugger has detached; object registry had 1 entries
I/AndroidRuntime( 9541): NOTE: attach of thread 'Binder Thread #3' failed
D/AndroidRuntime( 9559): 
D/AndroidRuntime( 9559): >>>>>> AndroidRuntime START com.android.internal.os.RuntimeInit <<<<<<
D/AndroidRuntime( 9559): CheckJNI is OFF
D/dalvikvm( 9559): creating instr width table
D/AndroidRuntime( 9559): Calling main entry com.android.commands.am.Am
I/ActivityManager( 1674): Starting: Intent { act=android.intent.action.MAIN flg=0x10000000 cmp=com.rhomobile.cardreader_ats/com.rhomobile.rhodes.RhodesActivity } from pid 9559
D/AndroidRuntime( 9559): Shutting down VM
D/dalvikvm( 9559): GC_CONCURRENT freed 103K, 69% free 326K/1024K, external 0K/0K, paused 0ms+1ms
D/dalvikvm( 9559): Debugger has detached; object registry had 1 entries
I/AndroidRuntime( 9559): NOTE: attach of thread 'Binder Thread #3' failed
I/ActivityManager( 1674): Start proc com.rhomobile.cardreader_ats for activity com.rhomobile.cardreader_ats/com.rhomobile.rhodes.RhodesActivity: pid=9568 uid=10049 gids={3003, 1015, 1006, 3002, 3001}
D/ActivityTracker( 1756): New activity, p= com.rhomobile.cardreader_ats a=com.rhomobile.rhodes.RhodesActivity
D/ActivityTracker( 1756): Corresponding profile id: 1
D/ActivityTracker( 1756): Profile found 1 loading profile
D/dwProfilesDbAdapter( 1756): is profile 1 enabled 1
D/DecLib_SSI( 1756): Resyncing params:
D/dalvikvm( 9568): Trying to load lib /data/data/com.rhomobile.cardreader_ats/lib/librhodes.so 0x405146b0
D/dalvikvm( 9568): Added shared lib /data/data/com.rhomobile.cardreader_ats/lib/librhodes.so 0x405146b0
D/dalvikvm( 9568): Trying to load lib /data/data/com.rhomobile.cardreader_ats/lib/libplugin.so 0x405146b0
D/dalvikvm( 9568): Added shared lib /data/data/com.rhomobile.cardreader_ats/lib/libplugin.so 0x405146b0
D/dalvikvm( 9568): No JNI_OnLoad found in /data/data/com.rhomobile.cardreader_ats/lib/libplugin.so 0x405146b0, skipping init
D/dalvikvm( 9568): Trying to load lib /data/data/com.rhomobile.cardreader_ats/lib/librhodes.so 0x405146b0
D/dalvikvm( 9568): Shared lib '/data/data/com.rhomobile.cardreader_ats/lib/librhodes.so' already loaded in same CL 0x405146b0
I/ActivityThread( 9568): Pub com.rhomobile.cardreader_ats: com.rhomobile.rhodes.LocalFileProvider
I/RhodesApplication( 9568): Initializing...
D/RhoFileApi( 9568): App root path: /data/data/com.rhomobile.cardreader_ats/rhodata/
D/RhoFileApi( 9568): Sqlite journals path: /data/data/com.rhomobile.cardreader_ats/sqlite_stmt_journals/
D/RhoFileApi( 9568): Shared path: /data/data/com.rhomobile.cardreader_ats/rhodata/
D/RhodesApplication( 9568): Root path: /data/data/com.rhomobile.cardreader_ats/rhodata/
I/RhodesApplication( 9568): Application hash was changed
D/RhoFileApi( 9568): Copy hash to FS
D/RhoFileApi( 9568): File hash copied
D/RhoFileApi( 9568): Copy rho.dat to FS
D/RhoFileApi( 9568): File rho.dat copied
D/RhoFileApi( 9568): Copy apps/rhoconfig.txt to FS
D/RhoFileApi( 9568): File apps/rhoconfig.txt copied
I/RhoFileApi( 9568): Opening stat table from FS: /data/data/com.rhomobile.cardreader_ats/rhodata/rho.dat
D/RhoFileApi( 9568): Copy apps/rhoconfig.txt to FS
D/RhoFileApi( 9568): File apps/rhoconfig.txt copied
D/RhoFileApi( 9568): App root path: /data/data/com.rhomobile.cardreader_ats/rhodata/
D/RhoFileApi( 9568): Sqlite journals path: /data/data/com.rhomobile.cardreader_ats/sqlite_stmt_journals/
D/RhoFileApi( 9568): Shared path: /data/data/com.rhomobile.cardreader_ats/rhodata/
I/APP     ( 9568): I 04/09/2013 09:16:09:285 00002560    RhodesApplication| Initialized
I/APP     ( 9568): I 04/09/2013 09:16:09:314 00002560         SplashScreen| Looking for start page source
I/APP     ( 9568): I 04/09/2013 09:16:09:315 00002560         SplashScreen| Loading image: apps/app/loading.png
D/dalvikvm( 9568): GC_EXTERNAL_ALLOC freed 279K, 49% free 2888K/5639K, external 1625K/2137K, paused 43ms
I/APP     ( 9568): I 04/09/2013 09:16:09:442 00002560         SplashScreen| Done
I/dalvikvm( 9568): Could not find method com.rhomobile.rhodes.extmanager.IRhoWebView.setZoom, referenced from method com.motorolasolutions.rhoelements.ElementsCore.browserSetZoom
W/dalvikvm( 9568): VFY: unable to resolve interface method 4868: Lcom/rhomobile/rhodes/extmanager/IRhoWebView;.setZoom (I)V
D/dalvikvm( 9568): VFY: replacing opcode 0x72 at 0x0003
D/dalvikvm( 9568): Trying to load lib /data/data/com.rhomobile.cardreader_ats/lib/libplugin.so 0x405146b0
D/dalvikvm( 9568): Shared lib '/data/data/com.rhomobile.cardreader_ats/lib/libplugin.so' already loaded in same CL 0x405146b0
D/szipinf ( 9568): Initializing inflate state
D/szipinf ( 9568): Initializing zlib to inflate
D/dalvikvm( 9568): GC_CONCURRENT freed 1236K, 55% free 3074K/6727K, external 3315K/3528K, paused 2ms+2ms
D/RhoElements( 9568): <1> Logger started
D/MOTO plugin( 9568): Socket port set to 53535 
D/dalvikvm( 9568): GC_CONCURRENT freed 951K, 52% free 3258K/6727K, external 3315K/3528K, paused 2ms+4ms
I/APP     ( 9568): I 04/09/2013 09:16:10:390 00002560 WebkitRhodesListener| Creating webkit extension with full functionality
I/APP     ( 9568): I 04/09/2013 09:16:10:392 00002560 WebkitRhodesListener| Config path: 
I/APP     ( 9568): I 04/09/2013 09:16:10:392 00002560 WebkitRhodesListener| Loading Config.xml from resources
I/APP     ( 9568): I 04/09/2013 09:16:10:407 00002560    RhoExtManagerImpl| RE Error log: true
I/APP     ( 9568): I 04/09/2013 09:16:10:407 00002560    RhoExtManagerImpl| RE Warning log: false
I/APP     ( 9568): I 04/09/2013 09:16:10:408 00002560    RhoExtManagerImpl| RE Info log: false
I/APP     ( 9568): I 04/09/2013 09:16:10:408 00002560    RhoExtManagerImpl| RE User log: true
I/APP     ( 9568): I 04/09/2013 09:16:10:408 00002560 LicenseRhodesListener| Creating RE License extension for Native app
I/APP     ( 9568): I 04/09/2013 09:16:10:409 00002560  WebkitExtensionBase| Creating Motorola WebView
I/EkiohView( 9568): Loading library eklibrary
D/dalvikvm( 9568): Trying to load lib /data/data/com.rhomobile.cardreader_ats/lib/libeklibrary.so 0x405146b0
D/dalvikvm( 9568): Added shared lib /data/data/com.rhomobile.cardreader_ats/lib/libeklibrary.so 0x405146b0
D/dalvikvm( 9568): No JNI_OnLoad found in /data/data/com.rhomobile.cardreader_ats/lib/libeklibrary.so 0x405146b0, skipping init
I/EkiohView( 9568): Loading library webkit_ekioh
D/dalvikvm( 9568): Trying to load lib /data/data/com.rhomobile.cardreader_ats/lib/libwebkit_ekioh.so 0x405146b0
D/dalvikvm( 9568): Added shared lib /data/data/com.rhomobile.cardreader_ats/lib/libwebkit_ekioh.so 0x405146b0
D/dalvikvm( 9568): No JNI_OnLoad found in /data/data/com.rhomobile.cardreader_ats/lib/libwebkit_ekioh.so 0x405146b0, skipping init
I/EkiohView( 9568): Loading library ekiohplatform
D/dalvikvm( 9568): Trying to load lib /data/data/com.rhomobile.cardreader_ats/lib/libekiohplatform.so 0x405146b0
D/dalvikvm( 9568): Added shared lib /data/data/com.rhomobile.cardreader_ats/lib/libekiohplatform.so 0x405146b0
D/ekioh   ( 9568): JNI_OnLoad
I/EkiohViewHistory( 9568): created size 30
I/EkiohView( 9568): setConfig font.path:/system/fonts
D/ekioh   ( 9568): onSetConfigNative
I/EkiohView( 9568): setConfig font.default:Droid Sans Fallback
D/ekioh   ( 9568): onSetConfigNative
I/EkiohView( 9568): setConfig browser.font.size.minimum:5
D/ekioh   ( 9568): onSetConfigNative
I/EkiohView( 9568): setConfig browser.font.size.logical.minimum:5
D/ekioh   ( 9568): onSetConfigNative
I/EkiohView( 9568): setConfig browser.font.size.fixed.default:22
D/ekioh   ( 9568): onSetConfigNative
I/EkiohView( 9568): setConfig browser.font.size.default:22
D/ekioh   ( 9568): onSetConfigNative
I/EkiohView( 9568): addPreloadedPlugin application/x-wtg-legacy-generic
I/EkiohView( 9568): addPreloadedPlugin application/x-wtg-legacy-odax
I/EkiohView( 9568): addPreloadedPlugin application/x-wtg-legacy-nosip
I/EkiohView( 9568): addPreloadedPlugin application/x-wtg-legacy-airbeam
I/EkiohView( 9568): addPreloadedPlugin application/x-wtg-legacy-apd
I/EkiohView( 9568): addPreloadedPlugin application/x-wtg-jsobjects
I/EkiohView( 9568): setConfig svg.webstorage.database:file:///mnt/sdcard/Android/data/com.rhomobile.cardreader_ats
D/ekioh   ( 9568): onSetConfigNative
I/EkiohView( 9568): setConfig svg.database.maxquota:5000000
D/ekioh   ( 9568): onSetConfigNative
I/EkiohView( 9568): setConfig svg.database.path:file:///mnt/sdcard/Android/data/com.rhomobile.cardreader_ats
D/ekioh   ( 9568): onSetConfigNative
I/EkiohView( 9568): setConfig browser.offlineappcache.path:file:///mnt/sdcard/Android/data/com.rhomobile.cardreader_ats
D/ekioh   ( 9568): onSetConfigNative
I/EkiohView( 9568): setConfig browser.offlineappcache.quota:5000000
D/ekioh   ( 9568): onSetConfigNative
I/EkiohView( 9568): setConfig browser.network.useragent:Mozilla/5.0 (%p) AppleWebKit/%w (KHTML, like Gecko) MotorolaWebKit/%e Safari/%w
D/ekioh   ( 9568): onSetConfigNative
I/EkiohView( 9568): setConfig browser.cache.capacity:5MB
D/ekioh   ( 9568): onSetConfigNative
I/EkiohView( 9568): setConfig network.cookie.database:file:///mnt/sdcard/Android/data/com.rhomobile.cardreader_ats/cookies.db
D/ekioh   ( 9568): onSetConfigNative
I/EkiohView( 9568): setConfig font.default:Droid Sans Fallback
D/ekioh   ( 9568): onSetConfigNative
I/EkiohView( 9568): setConfig browser.text.selection.enabled:false
D/ekioh   ( 9568): onSetConfigNative
I/EkiohView( 9568): setConfig browser.viewport.configurable:true
D/ekioh   ( 9568): onSetConfigNative
I/EkiohView( 9568): setConfig browser.spatialnavigation:false
D/ekioh   ( 9568): onSetConfigNative
I/EkiohView( 9568): setHTTPProxy 
I/EkiohView( 9568): setHTTPSProxy 
I/EkiohView( 9568): setHTTPProxy null
I/EkiohView( 9568): setConfig plugin.path:/data/data/com.rhomobile.cardreader_ats/lib
D/ekioh   ( 9568): onSetConfigNative
I/EkiohView( 9568): startEngine
I/EkiohView( 9568): setting default ICU_DIR /data/data/com.rhomobile.cardreader_ats/lib
I/APP     ( 9568): I 04/09/2013 09:16:10:480 00002560    RhodesApplication| New UiState: MainActivityCreated
I/APP     ( 9568): I 04/09/2013 09:16:10:481 00002560    RhodesApplication| New UiState: MainActivityStarted
I/APP     ( 9568): I 04/09/2013 09:16:10:495 00002560    LocalFileProvider| Revoke URI permissions: content:///com.rhomobile.cardreader_ats
I/APP     ( 9568): I 04/09/2013 09:16:10:496 00002560               Rhodes| Loading...
I/APP     ( 9568): I 04/09/2013 09:16:10:496 00002560            RhodesApp| Trying to get free listening port.
I/APP     ( 9568): I 04/09/2013 09:16:10:496 0000256a         AppCallbacks| Starting main routine...
I/APP     ( 9568): I 04/09/2013 09:16:10:496 00002560            RhodesApp| Trying to bind of 0 port...
I/APP     ( 9568): I 04/09/2013 09:16:10:496 0000256a         AppCallbacks| ThreadQueue blocked for 4294967295 seconds...
I/APP     ( 9568): I 04/09/2013 09:16:10:497 00002560            RhodesApp| Got port to bind on: 48011
I/APP     ( 9568): I 04/09/2013 09:16:10:497 00002560            RhodesApp| Free listening port: 48011
W/ActivityManager( 1674): No content provider found for: 
D/dalvikvm( 9568): GC_EXTERNAL_ALLOC freed 286K, 52% free 3235K/6727K, external 3345K/3528K, paused 42ms
I/APP     ( 9568): I 04/09/2013 09:16:10:817 00002560            RhodesApp| callAppActiveCallback
I/APP     ( 9568): I 04/09/2013 09:16:10:817 0000256d            RhodesApp| Starting RhodesApp main routine...
I/APP     ( 9568): I 04/09/2013 09:16:10:817 00002560         AppCallbacks| addCommand: APP-ACTIVATED
I/APP     ( 9568): I 04/09/2013 09:16:10:818 0000256a         AppCallbacks| Received command APP-ACTIVATED which is greater than expected (LOCAL-SERVER-STARTED) - postpone it
I/APP     ( 9568): I 04/09/2013 09:16:10:818 00002560         AppActivated| Cannot commit now, application will be activated when started.
I/APP     ( 9568): I 04/09/2013 09:16:10:818 0000256a         AppCallbacks| ThreadQueue blocked for 4294967295 seconds...
I/APP     ( 9568): I 04/09/2013 09:16:10:823 00002560    RhodesApplication| New AppState: Undefined
I/APP     ( 9568): I 04/09/2013 09:16:10:824 00002560        RhodesService| handleCommand: startId=1, source=com.rhomobile.rhodes.BaseActivity
I/APP     ( 9568): I 04/09/2013 09:16:10:895 0000256d              RhoRuby| Init_RhoBlobs: /data/data/com.rhomobile.cardreader_ats/rhodata/db/db-files
I/APP     ( 9568): I 04/09/2013 09:16:10:930 0000256d              RhoRuby| require_compiled: RhoApplicationApi
I/APP     ( 9568): I 04/09/2013 09:16:10:944 0000256d              RhoRuby| require_compiled: RhoNetworkApi
I/APP     ( 9568): I 04/09/2013 09:16:10:952 0000256d              RhoRuby| require_compiled: RhoDatabaseApi
I/APP     ( 9568): I 04/09/2013 09:16:10:978 0000256d              RhoRuby| require_compiled: RhoLogApi
I/APP     ( 9568): I 04/09/2013 09:16:10:994 0000256d              RhoRuby| require_compiled: RhoWebViewApi
I/APP     ( 9568): I 04/09/2013 09:16:11:001 0000256d              RhoRuby| require_compiled: motoapi/elements
D/szipinf ( 9568): Initializing inflate state
D/dalvikvm( 9568): GC_FOR_MALLOC freed 222K, 49% free 3433K/6727K, external 3692K/4611K, paused 30ms
D/szipinf ( 9568): Initializing zlib to inflate
I/APP     ( 9568): I 04/09/2013 09:16:11:107 00002560         AppCallbacks| addCommand: UI-CREATED
I/APP     ( 9568): I 04/09/2013 09:16:11:108 0000256a         AppCallbacks| Received command UI-CREATED which is greater than expected (LOCAL-SERVER-STARTED) - postpone it
I/APP     ( 9568): I 04/09/2013 09:16:11:108 0000256a         AppCallbacks| ThreadQueue blocked for 4294967295 seconds...
V/SimpleMainView.View( 9568): ms[1365498971135]  Main Window :: onSizeChanged() old [ 480 x 724 ]  new [ 0 x 0 ]
I/EkiohView( 9568): onSizeChanged oldw:0 oldh:0 w:480 h:724
I/APP     ( 9568): I 04/09/2013 09:16:11:140 00002560       RhodesActivity| New start parameters: 
I/APP     ( 9568): I 04/09/2013 09:16:11:141 00002560            RhodesApp| New start params: 
I/EkiohView( 9568): surfaceCreated
I/EkiohView( 9568): handleSurfaceCreated
D/ekioh   ( 9568): isEngineRunningNative returns 0
I/EkiohView( 9568): ext storage dir: /mnt/sdcard
I/EkiohView( 9568): ext storage available and writeabletrue writeable: true
I/EkiohView( 9568): calling initialiseEngineNative extDatadir:/mnt/sdcard DPI:240
I/ekioh   ( 9568): setting ICU_DATA = /data/data/com.rhomobile.cardreader_ats/lib
I/EkiohView( 9568): done handleSurfaceCreated
I/EkiohView( 9568): surfaceChanged format 1 size 480x724
D/ekioh   ( 9568): onSizeChangedNative
D/ekioh   ( 9568): waiting for write fd
D/ekioh   ( 9568): ekioh platform thread id 0x5f2bf0 starting
D/ekioh   ( 9568): AndroidCallback::setView 0xde572047
D/dalvikvm( 9568): GetMethodID: method not found: Lcom/ekioh/neon/NeonEkiohView;.onAuthRequired:(Ljava/lang/String;Ljava/lang/String;Ljava/lang/String;)Lcom/ekioh/engine/EkiohAuthResponse;
D/ekioh   ( 9568): cached method ID for 0=onAuthRequired
D/dalvikvm( 9568): GetMethodID: method not found: Lcom/ekioh/neon/NeonEkiohView;.onInputMethod:(ZLjava/lang/String;IIII)V
D/ekioh   ( 9568): cached method ID for 1=onInputMethod
D/dalvikvm( 9568): GetMethodID: method not found: Lcom/ekioh/neon/NeonEkiohView;.onAlert:(Ljava/lang/String;)Z
D/ekioh   ( 9568): cached method ID for 2=onAlert
D/dalvikvm( 9568): GetMethodID: method not found: Lcom/ekioh/neon/NeonEkiohView;.onConfirm:(Ljava/lang/String;)Z
D/ekioh   ( 9568): cached method ID for 3=onConfirm
D/dalvikvm( 9568): GetMethodID: method not found: Lcom/ekioh/neon/NeonEkiohView;.onPrompt:(Ljava/lang/String;Ljava/lang/String;)Ljava/lang/String;
D/ekioh   ( 9568): cached method ID for 4=onPrompt
D/dalvikvm( 9568): GetMethodID: method not found: Lcom/ekioh/neon/NeonEkiohView;.onLoadEnd:(Ljava/lang/String;JJ)V
D/ekioh   ( 9568): cached method ID for 5=onLoadEnd
D/dalvikvm( 9568): GetMethodID: method not found: Lcom/ekioh/neon/NeonEkiohView;.onLoadError:()V
D/ekioh   ( 9568): cached method ID for 6=onLoadError
D/dalvikvm( 9568): GetMethodID: method not found: Lcom/ekioh/neon/NeonEkiohView;.onLoadProgress:(JJ)V
D/ekioh   ( 9568): cached method ID for 7=onLoadProgress
D/dalvikvm( 9568): GetMethodID: method not found: Lcom/ekioh/neon/NeonEkiohView;.onLoadStart:(Ljava/lang/String;JJ)V
D/ekioh   ( 9568): cached method ID for 8=onLoadStart
D/dalvikvm( 9568): GetMethodID: method not found: Lcom/ekioh/neon/NeonEkiohView;.onGetCachedLocation:()Lcom/ekioh/engine/EkiohLocation;
D/ekioh   ( 9568): cached method ID for 9=onGetCachedLocation
D/dalvikvm( 9568): GetMethodID: method not found: Lcom/ekioh/neon/NeonEkiohView;.onStartLocationUpdates:(Z)V
D/ekioh   ( 9568): cached method ID for 10=onStartLocationUpdates
D/dalvikvm( 9568): GetMethodID: method not found: Lcom/ekioh/neon/NeonEkiohView;.onStopLocationUpdates:()V
D/ekioh   ( 9568): cached method ID for 11=onStopLocationUpdates
D/dalvikvm( 9568): GetMethodID: method not found: Lcom/ekioh/neon/NeonEkiohView;.onMediaPlay:(Ljava/lang/String;)V
D/ekioh   ( 9568): cached method ID for 12=onMediaPlay
D/dalvikvm( 9568): GetMethodID: method not found: Lcom/ekioh/neon/NeonEkiohView;.onMeta:(Ljava/lang/String;Ljava/lang/String;II)V
D/ekioh   ( 9568): cached method ID for 13=onMeta
D/dalvikvm( 9568): GetMethodID: method not found: Lcom/ekioh/neon/NeonEkiohView;.onMetaEnd:()V
D/ekioh   ( 9568): cached method ID for 14=onMetaEnd
D/dalvikvm( 9568): GetMethodID: method not found: Lcom/ekioh/neon/NeonEkiohView;.onMoveReady:()V
D/ekioh   ( 9568): cached method ID for 15=onMoveReady
D/dalvikvm( 9568): GetMethodID: method not found: Lcom/ekioh/neon/NeonEkiohView;.onPlatformThreadStarted:()V
D/ekioh   ( 9568): cached method ID for 16=onPlatformThreadStarted
D/dalvikvm( 9568): GetMethodID: method not found: Lcom/ekioh/neon/NeonEkiohView;.onSelect:([Ljava/lang/String;I)I
D/ekioh   ( 9568): cached method ID for 17=onSelect
D/dalvikvm( 9568): GetMethodID: method not found: Lcom/ekioh/neon/NeonEkiohView;.onStatus:(Ljava/lang/String;)Z
D/ekioh   ( 9568): cached method ID for 18=onStatus
D/dalvikvm( 9568): GetMethodID: method not found: Lcom/ekioh/neon/NeonEkiohView;.onTitle:(Ljava/lang/String;)Z
D/ekioh   ( 9568): cached method ID for 19=onTitle
D/dalvikvm( 9568): GetMethodID: method not found: Lcom/ekioh/neon/NeonEkiohView;.onConsole:(Ljava/lang/String;)Z
D/ekioh   ( 9568): cached method ID for 20=onConsole
D/ekioh   ( 9568): loadFile ekioh.cfg returns 0
D/ekioh   ( 9568): loadFile ekioh.cfg returns 0
D/ekioh   ( 9568): /system/fonts
D/ekioh   ( 9568): loadFile file:///mnt/sdcard/Android/data/com.rhomobile.cardreader_ats/cookies.db returns 0
D/ekioh   ( 9568): waiting for write fd
D/ekioh   ( 9568): waiting for write fd
I/ekioh   ( 9568): platform initialise Ekioh v2.2.5.2 (Jan 18 2013) r10325
D/ekioh   ( 9568): create view width 720 height 576
D/ekioh   ( 9568): /data/data/com.rhomobile.cardreader_ats/lib
D/MOTO plugin( 9568): NP_GetValue 1 
D/MOTO plugin( 9568): NP_GetValue 2 
D/MOTO plugin( 9568): Plugin
D/MOTO plugin( 9568): Socket connected to port 53535 
D/MOTO plugin( 9568): mpm Object Allocate 
D/MOTO plugin( 9568): addressBar Object Allocate 
D/MOTO plugin( 9568): alarm Object Allocate 
D/MOTO plugin( 9568): application Object Allocate 
D/MOTO plugin( 9568): appSwitcher Object Allocate 
D/MOTO plugin( 9568): audioCapture Object Allocate 
D/MOTO plugin( 9568): backButton Object Allocate 
D/MOTO plugin( 9568): backlight Object Allocate 
D/MOTO plugin( 9568): battery Object Allocate 
D/MOTO plugin( 9568): bottomCommandArea Object Allocate 
D/MOTO plugin( 9568): cardReader Object Allocate 
D/MOTO plugin( 9568): comm Object Allocate 
D/MOTO plugin( 9568): cradle Object Allocate 
D/MOTO plugin( 9568): device Object Allocate 
D/MOTO plugin( 9568): eink Object Allocate 
D/MOTO plugin( 9568): emmlProfile Object Allocate 
D/MOTO plugin( 9568): fileTransfer Object Allocate 
D/MOTO plugin( 9568): forwardButton Object Allocate 
D/MOTO plugin( 9568): gesture Object Allocate 
D/MOTO plugin( 9568): goButton Object Allocate 
D/MOTO plugin( 9568): homeButton Object Allocate 
D/MOTO plugin( 9568): hourglass Object Allocate 
D/MOTO plugin( 9568): imager Object Allocate 
D/MOTO plugin( 9568): ioAnalog Object Allocate 
D/MOTO plugin( 9568): ioDigital Object Allocate 
D/MOTO plugin( 9568): ioSystem Object Allocate 
D/MOTO plugin( 9568): keyCapture Object Allocate 
D/MOTO plugin( 9568): keylight Object Allocate 
D/MOTO plugin( 9568): keyState Object Allocate 
D/MOTO plugin( 9568): lightsensor Object Allocate 
D/MOTO plugin( 9568): mediaPlayer Object Allocate 
D/MOTO plugin( 9568): memory Object Allocate 
D/MOTO plugin( 9568): minimizeButton Object Allocate 
D/MOTO plugin( 9568): network Object Allocate 
D/MOTO plugin( 9568): notification Object Allocate 
D/MOTO plugin( 9568): zoomInPageButton Object Allocate 
D/MOTO plugin( 9568): zoomOutPageButton Object Allocate 
D/MOTO plugin( 9568): powerOn Object Allocate 
D/MOTO plugin( 9568): push Object Allocate 
D/MOTO plugin( 9568): quitButton Object Allocate 
D/MOTO plugin( 9568): RawSensors Object Allocate 
D/MOTO plugin( 9568): reboot Object Allocate 
D/MOTO plugin( 9568): registry Object Allocate 
D/MOTO plugin( 9568): reloadButton Object Allocate 
D/MOTO plugin( 9568): rfid Object Allocate 
D/MOTO plugin( 9568): rsm Object Allocate 
D/MOTO plugin( 9568): scanner Object Allocate 
D/MOTO plugin( 9568): screenOrientation Object Allocate 
D/MOTO plugin( 9568): signal Object Allocate 
D/MOTO plugin( 9568): signatureCapture Object Allocate 
D/MOTO plugin( 9568): sip Object Allocate 
D/MOTO plugin( 9568): sipButton Object Allocate 
D/MOTO plugin( 9568): sntp Object Allocate 
D/MOTO plugin( 9568): stopButton Object Allocate 
D/MOTO plugin( 9568): stylus Object Allocate 
D/MOTO plugin( 9568): systemTime Object Allocate 
D/MOTO plugin( 9568): telemetry Object Allocate 
D/MOTO plugin( 9568): timer Object Allocate 
D/MOTO plugin( 9568): topCommandArea Object Allocate 
D/MOTO plugin( 9568): videoCapture Object Allocate 
D/MOTO plugin( 9568): volume Object Allocate 
D/MOTO plugin( 9568): wake Object Allocate 
D/MOTO plugin( 9568): wlan Object Allocate 
D/MOTO plugin( 9568): zoom Object Allocate 
D/MOTO plugin( 9568): zoomTextButton Object Allocate 
D/MOTO plugin( 9568): NPP_New : jsobjects Plugin Object created
D/MOTO plugin( 9568): ActiveX Object Allocate 
D/MOTO plugin( 9568): ActiveXObject created
E/MOTO plugin( 9568): Generic ActiveX Object Allocate 
D/MOTO plugin( 9568):  sending message to NEON 0000000001000003NEW04000007Generic05000001009000000
D/MOTO plugin( 9568):  
D/MOTO plugin( 9568): writing to socket 
I/APP     ( 9568): I 04/09/2013 09:16:11:523 0000256d              RhoRuby| require_compiled: rhomotoapi
D/MOTO plugin( 9568): NPP_New : Generic ActiveX Plugin Object created
E/MOTO plugin( 9568): ODAX ActiveX Object Allocate 
D/MOTO plugin( 9568):  sending message to NEON 0000000001000003NEW04000004ODAX05000001109000000
D/MOTO plugin( 9568):  
D/MOTO plugin( 9568): writing to socket 
D/MOTO plugin( 9568): NPP_New : ODAX ActiveX Plugin Object created
E/MOTO plugin( 9568): NoSIP ActiveX Object Allocate 
D/MOTO plugin( 9568):  sending message to NEON 0000000001000003NEW04000005NoSIP05000001209000000
D/MOTO plugin( 9568):  
D/MOTO plugin( 9568): writing to socket 
D/MOTO plugin( 9568): NPP_New : NoSIP ActiveX Plugin Object created
E/MOTO plugin( 9568): AirBEAMSmart ActiveX Object Allocate 
D/MOTO plugin( 9568):  sending message to NEON 0000000001000003NEW04000003ABS05000001309000000
D/MOTO plugin( 9568):  
D/MOTO plugin( 9568): writing to socket 
D/MOTO plugin( 9568): NPP_New : AirBeam ActiveX Plugin Object created
E/MOTO plugin( 9568): NarrowBand ActiveX Object Allocate 
D/MOTO plugin( 9568):  sending message to NEON 0000000001000003NEW04000003APD05000001409000000
D/MOTO plugin( 9568):  
D/MOTO plugin( 9568): writing to socket 
D/MOTO plugin( 9568): NPP_New : APD ActiveX Plugin Object created
I/APP     ( 9568): I 04/09/2013 09:16:11:535 0000256d              RhoRuby| require_compiled: rhoframework
I/APP     ( 9568): I 04/09/2013 09:16:11:553 0000256d              RhoRuby| require_compiled: rational
D/ekioh   ( 9568): call void onPlatformThreadStarted
D/ekioh   ( 9568): evloop run
D/ekioh   ( 9568): MSG_SIZE_CHANGED
D/ekioh   ( 9568): set window size 480 x 724
D/ekioh   ( 9568): calling setScreen
I/APP     ( 9568): I 04/09/2013 09:16:11:572 0000256d              RhoRuby| require_compiled: rhom/rhom_object
I/ActivityManager( 1674): Displayed com.rhomobile.cardreader_ats/com.rhomobile.rhodes.RhodesActivity: +2s511ms
I/APP     ( 9568): I 04/09/2013 09:16:11:585 0000256d              RhoRuby| require_compiled: rhofsconnector
I/APP     ( 9568): I 04/09/2013 09:16:11:589 0000256d              RhoRuby| require_compiled: rho/rhofsconnector
I/APP     ( 9568): I 04/09/2013 09:16:11:610 0000256d              RhoRuby| require_compiled: json
V/InputMethodService( 1733): CALL: onStartInput
I/APP     ( 9568): I 04/09/2013 09:16:11:614 0000256d              RhoRuby| require_compiled: json/common
D/ekioh   ( 9568): onSetScrollBehaviourNative
D/ekioh   ( 9568): onSetHTTPProxyNative
D/ekioh   ( 9568): onSetHTTPSProxyNative
I/APP     ( 9568): I 04/09/2013 09:16:11:630 00002560         EkiohWebView| onEngineStarted
I/APP     ( 9568): I 04/09/2013 09:16:11:631 0000256d              RhoRuby| require_compiled: json/version
I/APP     ( 9568): I 04/09/2013 09:16:11:631 00002560 MotorolaStartEngineObserver| Ready
I/APP     ( 9568): I 04/09/2013 09:16:11:632 00002560         AppActivated| Cannot commit now, application will be activated when started.
I/APP     ( 9568): I 04/09/2013 09:16:11:632 00002560    RhodesApplication| New AppState: Undefined
D/ekioh   ( 9568): keyboard visible 0
I/APP     ( 9568): I 04/09/2013 09:16:11:639 0000256d              RhoRuby| require_compiled: json/pure
I/APP     ( 9568): I 04/09/2013 09:16:11:645 0000256d              RhoRuby| require_compiled: json/pure/generator
D/ekioh   ( 9568): MSG_SET_SCROLLING_BEHAVIOUR
D/ekioh   ( 9568): MSG_SET_HTTP_PROXY
D/ekioh   ( 9568): MSG_SET_HTTPS_PROXY
D/ekioh   ( 9568): MSG_KEYBOARD_VISIBLE 0 - 480x762
I/APP     ( 9568): I 04/09/2013 09:16:11:668 0000256d              RhoRuby| require_compiled: rhom/rhom_object_factory
D/szipinf ( 9568): Initializing inflate state
D/szipinf ( 9568): Initializing zlib to inflate
I/APP     ( 9568): I 04/09/2013 09:16:11:750 0000256d              RhoRuby| require_compiled: rhom/rhom
I/APP     ( 9568): I 04/09/2013 09:16:11:772 0000256d              RhoRuby| require_compiled: rhom/rhom_model
I/APP     ( 9568): I 04/09/2013 09:16:11:788 0000256d              RhoRuby| require_compiled: rhom
I/APP     ( 9568): I 04/09/2013 09:16:11:791 0000256d              RhoRuby| require_compiled: rho/rhoapplication
I/APP     ( 9568): I 04/09/2013 09:16:11:806 0000256d              RhoRuby| require_compiled: rholang/localization_simplified
D/dalvikvm( 9568): GC_CONCURRENT freed 1400K, 52% free 3546K/7367K, external 3692K/4611K, paused 2ms+3ms
D/webviewglue( 9568): nativeDestroy view: 0x5b3ef8
I/APP     ( 9568): I 04/09/2013 09:16:11:829 0000256d              RhoRuby| require_compiled: rho/rhomsg
I/APP     ( 9568): I 04/09/2013 09:16:11:830 0000256d              RhoRuby| require_compiled: rho/rhotabbar
I/APP     ( 9568): I 04/09/2013 09:16:11:833 0000256d              RhoRuby| require_compiled: rho/rhotoolbar
I/APP     ( 9568): I 04/09/2013 09:16:11:835 0000256d                  APP| Current locale: ; Country code: 
I/APP     ( 9568): I 04/09/2013 09:16:11:836 0000256d                  APP| Locilized file: /data/data/com.rhomobile.cardreader_ats/rhodata/lib/rholang/lang_
I/APP     ( 9568): I 04/09/2013 09:16:11:836 0000256d              RhoRuby| require_compiled: /data/data/com.rhomobile.cardreader_ats/rhodata/lib/rholang/lang_en
I/APP     ( 9568): I 04/09/2013 09:16:11:840 0000256d                  APP| Locilized file: /data/data/com.rhomobile.cardreader_ats/rhodata/apps/app/lang/lang_
I/APP     ( 9568): I 04/09/2013 09:16:11:840 0000256d                  APP| Locilized file: /data/data/com.rhomobile.cardreader_ats/rhodata/lib/rholang/rhoerror_
I/APP     ( 9568): I 04/09/2013 09:16:11:841 0000256d              RhoRuby| require_compiled: /data/data/com.rhomobile.cardreader_ats/rhodata/lib/rholang/rhoerror_en
I/APP     ( 9568): I 04/09/2013 09:16:11:844 0000256d                  APP| Locilized file: /data/data/com.rhomobile.cardreader_ats/rhodata/lib/rholang/rhomsg_
I/APP     ( 9568): I 04/09/2013 09:16:11:845 0000256d              RhoRuby| require_compiled: /data/data/com.rhomobile.cardreader_ats/rhodata/lib/rholang/rhomsg_en
I/APP     ( 9568): I 04/09/2013 09:16:11:848 0000256d              RhoRuby| require_compiled: indifferent_access
I/APP     ( 9568): I 04/09/2013 09:16:11:855 0000256d              RhoRuby| require_compiled: rho/rhosupport
I/APP     ( 9568): I 04/09/2013 09:16:11:865 0000256d              RhoRuby| require_compiled: rho/rhocontroller
I/APP     ( 9568): I 04/09/2013 09:16:11:874 0000256d              RhoRuby| require_compiled: rho/render
I/APP     ( 9568): I 04/09/2013 09:16:11:894 0000256d              RhoRuby| require_compiled: rho/rho
D/szipinf ( 9568): Initializing inflate state
D/szipinf ( 9568): Initializing zlib to inflate
I/APP     ( 9568): I 04/09/2013 09:16:11:955 0000256d              RhoRuby| require_compiled: rho/rhoerror
I/APP     ( 9568): I 04/09/2013 09:16:11:958 0000256d              RhoRuby| require_compiled: rhom/rhom_source
I/APP     ( 9568): I 04/09/2013 09:16:11:965 0000256d              RhoRuby| require_compiled: rhodes
I/APP     ( 9568): I 04/09/2013 09:16:11:969 0000256d                  APP| Looking for RhoConnectClient
I/APP     ( 9568): I 04/09/2013 09:16:11:969 0000256d                  APP| RhoConnectClient not found ( #<NameError: uninitialized constant Rho::RhoConnectClient> ). Defining stub module
I/APP     ( 9568): I 04/09/2013 09:16:11:971 0000256d              RhoRuby| require_compiled: rho/rhoviewhelpers
I/APP     ( 9568): I 04/09/2013 09:16:11:978 0000256d              RhoRuby| require_compiled: rho
I/APP     ( 9568): I 04/09/2013 09:16:11:979 0000256d                  APP| RHO loaded
I/APP     ( 9568): I 04/09/2013 09:16:11:979 0000256d                  APP| Calling RHO.initialize
I/APP     ( 9568): I 04/09/2013 09:16:11:981 0000256d                   DB| Open DB: /data/data/com.rhomobile.cardreader_ats/rhodata/db/syncdbuser.sqlite
I/APP     ( 9568): I 04/09/2013 09:16:12:230 0000256d          GeoLocation| Creating singleton instance.
I/APP     ( 9568): I 04/09/2013 09:16:12:230 0000256d            RhodesApp| RhoRubyInitApp...
I/APP     ( 9568): I 04/09/2013 09:16:12:231 0000256d                  APP| init_app
I/APP     ( 9568): I 04/09/2013 09:16:12:305 0000256d              RhoRuby| require_compiled: application
I/APP     ( 9568): I 04/09/2013 09:16:12:315 0000256d           HttpServer| Start HTTP server
I/APP     ( 9568): I 04/09/2013 09:16:12:315 0000256d           HttpServer| Listen for connections on port 48011
I/APP     ( 9568): I 04/09/2013 09:16:12:316 0000256d         AppCallbacks| addCommand: LOCAL-SERVER-STARTED
I/APP     ( 9568): I 04/09/2013 09:16:12:316 0000256a         AppCallbacks| process command: LOCAL-SERVER-STARTED
I/APP     ( 9568): I 04/09/2013 09:16:12:317 0000256a RhodesAppActiveObserver| Ready
I/APP     ( 9568): I 04/09/2013 09:16:12:324 0000256a    RhodesApplication| New AppState: AppActivated
I/APP     ( 9568): I 04/09/2013 09:16:12:325 0000256a         AppCallbacks| process command: UI-CREATED
I/APP     ( 9568): I 04/09/2013 09:16:12:332 0000256d           HttpServer| Process URI: '/system/uicreated'
I/APP     ( 9568): I 04/09/2013 09:16:12:333 0000256d                  APP| on_ui_created.navigate to start url: '/app/CardReaderTest'
I/APP     ( 9568): I 04/09/2013 09:16:12:337 00002560       SimpleMainView| Cleared URL: http://localhost:48011/app/CardReaderTest
I/EkiohView( 9568): loadUrl http://localhost:48011/app/CardReaderTest flags 0
I/APP     ( 9568): I 04/09/2013 09:16:12:344 0000256a         AppCallbacks| process command: APP-ACTIVATED
D/ekioh   ( 9568): onLoadUrlNative
D/ekioh   ( 9568): MSG_LOAD_URL
D/ekioh   ( 9568): call void onLoadStart
I/EkiohView( 9568): onLoadStart 0/0 http://localhost:48011/app/CardReaderTest
I/APP     ( 9568): I 04/09/2013 09:16:12:349 0000256d           HttpServer| Process URI: '/system/activateapp'
I/APP     ( 9568): I 04/09/2013 09:16:12:353 0000256a         AppCallbacks| ThreadQueue blocked for 4294967295 seconds...
I/APP     ( 9568): I 04/09/2013 09:16:12:361 0000256d           HttpServer| Process URI: '/app/CardReaderTest'
I/APP     ( 9568): I 04/09/2013 09:16:12:363 0000256d                  APP| RHO serve: /app/CardReaderTest
I/APP     ( 9568): I 04/09/2013 09:16:12:366 0000256d              RhoRuby| require_compiled: CardReaderTest/controller
I/APP     ( 9568): I 04/09/2013 09:16:12:384 0000256d              RhoRuby| require_compiled: helpers/application_helper
I/APP     ( 9568): I 04/09/2013 09:16:12:409 0000256d              RhoRuby| require_compiled: helpers/browser_helper
I/APP     ( 9568): I 04/09/2013 09:16:12:435 0000256d RHO CardReaderTestController| Layout file: /data/data/com.rhomobile.cardreader_ats/rhodata/apps/app/layout_erb.iseq. Content size: 936
I/APP     ( 9568): I 04/09/2013 09:16:12:449 0000256d           HttpServer| GC Start.
V/InputMethodService( 1733): CALL: onStartInput
D/MOTO plugin( 9568): NPP_Destroy 
I/APP     ( 9568): E 04/09/2013 09:16:12:463 00002569 com.motorolasolutions.rhoelements.npapi.NPAPIServer$ServerThread run| Connection broken
D/MOTO plugin( 9568): NPP_Destroy 
D/MOTO plugin( 9568): ActiveXObject released and destroyed
D/MOTO plugin( 9568): Releasing Generic object
D/MOTO plugin( 9568): NPP_Destroy 
D/MOTO plugin( 9568): Releasing ODAX object
D/MOTO plugin( 9568): NPP_Destroy 
D/MOTO plugin( 9568): Releasing nosip object
D/MOTO plugin( 9568): NPP_Destroy 
D/MOTO plugin( 9568): Releasing AIRBEAM object
D/MOTO plugin( 9568): NPP_Destroy 
D/MOTO plugin( 9568): Releasing apd object
D/MOTO plugin( 9568): Socket connected to port 53535 
D/MOTO plugin( 9568): mpm Object Allocate 
D/MOTO plugin( 9568): addressBar Object Allocate 
D/MOTO plugin( 9568): alarm Object Allocate 
D/MOTO plugin( 9568): application Object Allocate 
D/MOTO plugin( 9568): appSwitcher Object Allocate 
D/MOTO plugin( 9568): audioCapture Object Allocate 
D/MOTO plugin( 9568): backButton Object Allocate 
D/MOTO plugin( 9568): backlight Object Allocate 
D/MOTO plugin( 9568): battery Object Allocate 
D/MOTO plugin( 9568): bottomCommandArea Object Allocate 
D/MOTO plugin( 9568): cardReader Object Allocate 
D/MOTO plugin( 9568): comm Object Allocate 
D/MOTO plugin( 9568): cradle Object Allocate 
D/MOTO plugin( 9568): device Object Allocate 
D/MOTO plugin( 9568): eink Object Allocate 
D/MOTO plugin( 9568): emmlProfile Object Allocate 
D/MOTO plugin( 9568): fileTransfer Object Allocate 
D/MOTO plugin( 9568): forwardButton Object Allocate 
D/MOTO plugin( 9568): gesture Object Allocate 
D/MOTO plugin( 9568): goButton Object Allocate 
D/MOTO plugin( 9568): homeButton Object Allocate 
D/MOTO plugin( 9568): hourglass Object Allocate 
D/MOTO plugin( 9568): imager Object Allocate 
D/MOTO plugin( 9568): ioAnalog Object Allocate 
D/MOTO plugin( 9568): ioDigital Object Allocate 
D/MOTO plugin( 9568): ioSystem Object Allocate 
D/MOTO plugin( 9568): keyCapture Object Allocate 
D/MOTO plugin( 9568): keylight Object Allocate 
D/MOTO plugin( 9568): keyState Object Allocate 
D/MOTO plugin( 9568): lightsensor Object Allocate 
D/MOTO plugin( 9568): mediaPlayer Object Allocate 
D/MOTO plugin( 9568): memory Object Allocate 
D/MOTO plugin( 9568): minimizeButton Object Allocate 
D/MOTO plugin( 9568): network Object Allocate 
D/MOTO plugin( 9568): notification Object Allocate 
D/MOTO plugin( 9568): zoomInPageButton Object Allocate 
D/MOTO plugin( 9568): zoomOutPageButton Object Allocate 
D/MOTO plugin( 9568): powerOn Object Allocate 
D/MOTO plugin( 9568): push Object Allocate 
D/MOTO plugin( 9568): quitButton Object Allocate 
D/MOTO plugin( 9568): RawSensors Object Allocate 
D/MOTO plugin( 9568): reboot Object Allocate 
D/MOTO plugin( 9568): registry Object Allocate 
D/MOTO plugin( 9568): reloadButton Object Allocate 
D/MOTO plugin( 9568): rfid Object Allocate 
D/MOTO plugin( 9568): rsm Object Allocate 
D/MOTO plugin( 9568): scanner Object Allocate 
D/MOTO plugin( 9568): screenOrientation Object Allocate 
D/MOTO plugin( 9568): signal Object Allocate 
D/MOTO plugin( 9568): signatureCapture Object Allocate 
D/MOTO plugin( 9568): sip Object Allocate 
D/MOTO plugin( 9568): sipButton Object Allocate 
D/MOTO plugin( 9568): sntp Object Allocate 
D/MOTO plugin( 9568): stopButton Object Allocate 
